Component: ARM Compiler 5.06 update 6 (build 750) Tool: armlink [4d35ed]

==============================================================================

Section Cross References

    main.o(i.ble_mem_init_config) refers to patch.o(i.ll_osalmem_init) for ll_osalmem_init
    main.o(i.ble_mem_init_config) refers to patch.o(_func_xip_code_.LL_InitConnectContext) for LL_InitConnectContext
    main.o(i.ble_mem_init_config) refers to linkdb.o(i.Host_InitContext) for Host_InitContext
    main.o(i.ble_mem_init_config) refers to main.o(.bss) for .bss
    main.o(i.ble_mem_init_config) refers to main.o(.data) for .data
    main.o(i.hal_low_power_io_init) refers to gpio.o(i.hal_gpio_pull_set) for hal_gpio_pull_set
    main.o(i.hal_low_power_io_init) refers to pwrmgr.o(i.hal_pwrmgr_RAM_retention) for hal_pwrmgr_RAM_retention
    main.o(i.hal_low_power_io_init) refers to pwrmgr.o(i.hal_pwrmgr_RAM_retention_set) for hal_pwrmgr_RAM_retention_set
    main.o(i.hal_low_power_io_init) refers to pwrmgr.o(i.hal_pwrmgr_LowCurrentLdo_enable) for hal_pwrmgr_LowCurrentLdo_enable
    main.o(i.hal_low_power_io_init) refers to main.o(.constdata) for .constdata
    main.o(i.hal_rfphy_init) refers to clock.o(i.hal_rc32k_clk_tracking_init) for hal_rc32k_clk_tracking_init
    main.o(i.hal_rfphy_init) refers to patch.o(i.hal_rom_boot_init) for hal_rom_boot_init
    main.o(i.hal_rfphy_init) refers to main.o(i.__NVIC_SetPriority) for __NVIC_SetPriority
    main.o(i.hal_rfphy_init) refers to main.o(i.ble_mem_init_config) for ble_mem_init_config
    main.o(i.main) refers to patch.o(_section_xip_code_) for init_config
    main.o(i.main) refers to patch.o(_func_xip_code_.ll_patch_slave) for ll_patch_slave
    main.o(i.main) refers to main.o(i.hal_rfphy_init) for hal_rfphy_init
    main.o(i.main) refers to main.o(i.hal_low_power_io_init) for hal_low_power_io_init
    main.o(i.main) refers to patch.o(i.clk_init) for clk_init
    main.o(i.main) refers to clock.o(i.hal_rtc_clock_config) for hal_rtc_clock_config
    main.o(i.main) refers to pwrmgr.o(i.hal_pwrmgr_init) for hal_pwrmgr_init
    main.o(i.main) refers to flash.o(i.hal_spif_cache_init) for hal_spif_cache_init
    main.o(i.main) refers to gpio.o(i.hal_gpio_init) for hal_gpio_init
    main.o(i.main) refers to adc.o(i.hal_adc_init) for hal_adc_init
    main.o(i.main) refers to my_printf.o(i.dbg_printf_init) for dbg_printf_init
    main.o(i.main) refers to bleuart_main.o(i.app_main) for app_main
    main.o(i.main) refers to main.o(.data) for .data
    main.o(i.main) refers to main.o(.constdata) for .constdata
    bleuart_at_cmd.o(_section_sram_code_) refers to bleuart_at_cmd.o(.data) for .data
    bleuart_at_cmd.o(_section_sram_code_) refers to bleuart_at_cmd.o(.bss) for .bss
    bleuart_at_cmd.o(_section_sram_code_) refers to bleuart.o(.data) for bleuart_TaskID
    bleuart_at_cmd.o(i.at_Init) refers to bleuart_protocol.o(i.get_uart_idx) for get_uart_idx
    bleuart_at_cmd.o(i.at_Init) refers to uart.o(i.hal_uart_deinit) for hal_uart_deinit
    bleuart_at_cmd.o(i.at_Init) refers to bleuart_at_cmd.o(i.at_uart_init) for at_uart_init
    bleuart_at_cmd.o(i.at_Init) refers to bleuart.o(i.set_uart_at_mod) for set_uart_at_mod
    bleuart_at_cmd.o(i.at_Init) refers to my_printf.o(i.dbg_printf) for dbg_printf
    bleuart_at_cmd.o(i.at_addr) refers to my_printf.o(i.dbg_printf) for dbg_printf
    bleuart_at_cmd.o(i.at_addr) refers to cliface.o(i.CLI_strtoi) for CLI_strtoi
    bleuart_at_cmd.o(i.at_addr) refers to bleuart_at_cmd.o(i.at_snv_write_flash) for at_snv_write_flash
    bleuart_at_cmd.o(i.at_addr) refers to bleuart.o(.data) for bleuart_TaskID
    bleuart_at_cmd.o(i.at_addr) refers to bleuart_at_cmd.o(.bss) for .bss
    bleuart_at_cmd.o(i.at_aint) refers to my_printf.o(i.dbg_printf) for dbg_printf
    bleuart_at_cmd.o(i.at_aint) refers to cliface.o(i.CLI_strtoi) for CLI_strtoi
    bleuart_at_cmd.o(i.at_aint) refers to bleuart_at_cmd.o(i.at_snv_write_flash) for at_snv_write_flash
    bleuart_at_cmd.o(i.at_aint) refers to gap_configmgr.o(i.GAP_SetParamValue) for GAP_SetParamValue
    bleuart_at_cmd.o(i.at_aint) refers to bleuart.o(.data) for bleuart_TaskID
    bleuart_at_cmd.o(i.at_aint) refers to bleuart_at_cmd.o(.bss) for .bss
    bleuart_at_cmd.o(i.at_at) refers to bleuart.o(i.get_uart_at_mod) for get_uart_at_mod
    bleuart_at_cmd.o(i.at_at) refers to my_printf.o(i.dbg_printf) for dbg_printf
    bleuart_at_cmd.o(i.at_at) refers to bleuart.o(.data) for bleuart_TaskID
    bleuart_at_cmd.o(i.at_at) refers to bleuart_at_cmd.o(.bss) for .bss
    bleuart_at_cmd.o(i.at_aust) refers to my_printf.o(i.dbg_printf) for dbg_printf
    bleuart_at_cmd.o(i.at_aust) refers to cliface.o(i.CLI_strtoi) for CLI_strtoi
    bleuart_at_cmd.o(i.at_aust) refers to bleuart_at_cmd.o(i.at_snv_write_flash) for at_snv_write_flash
    bleuart_at_cmd.o(i.at_aust) refers to bleuart.o(.data) for bleuart_TaskID
    bleuart_at_cmd.o(i.at_aust) refers to bleuart_at_cmd.o(.bss) for .bss
[...]
    0x1fff5d4c   0x1fff5d4c   0x00000178   Code   RO         3029    i.fs_init           fs.o
    0x1fff5ec4   0x1fff5ec4   0x00000184   Code   RO         3030    i.fs_search_items   fs.o
    0x1fff6048   0x1fff6048   0x0000002c   Code   RO         3032    i.fs_spif_read      fs.o
    0x1fff6074   0x1fff6074   0x00000040   Code   RO         3033    i.fs_spif_write     fs.o
    0x1fff60b4   0x1fff60b4   0x0000000c   Code   RO         1343    i.get_uart_at_mod   bleuart.o
    0x1fff60c0   0x1fff60c0   0x00000094   Code   RO         3287    i.global_config_hclk_related  rf.lib(patch.o)
    0x1fff6154   0x1fff6154   0x000000c4   Code   RO         2795    i.hal_ADC_IRQHandler  adc.o
    0x1fff6218   0x1fff6218   0x00000130   Code   RO         2796    i.hal_ADC_compare_IRQHandler  adc.o
    0x1fff6348   0x1fff6348   0x0000003c   Code   RO         2703    i.hal_DMA_IRQHandler  dma.o
    0x1fff6384   0x1fff6384   0x00000018   Code   RO         2178    i.hal_GPIO_IRQHandler  gpio.o
    0x1fff639c   0x1fff639c   0x00000044   Code   RO         2363    i.hal_UART0_IRQHandler  uart.o
    0x1fff63e0   0x1fff63e0   0x00000044   Code   RO         2364    i.hal_UART1_IRQHandler  uart.o
    0x1fff6424   0x1fff6424   0x000002ac   Code   RO         2801    i.hal_adc_config_channel  adc.o
    0x1fff66d0   0x1fff66d0   0x00000020   Code   RO         2803    i.hal_adc_init      adc.o
    0x1fff66f0   0x1fff66f0   0x00000054   Code   RO         2804    i.hal_adc_load_calibration_value  adc.o
    0x1fff6744   0x1fff6744   0x0000010c   Code   RO         2805    i.hal_adc_start     adc.o
    0x1fff6850   0x1fff6850   0x000000ac   Code   RO         2806    i.hal_adc_stop      adc.o
    0x1fff68fc   0x1fff68fc   0x00000140   Code   RO         2807    i.hal_adc_value_cal  adc.o
    0x1fff6a3c   0x1fff6a3c   0x00000048   Code   RO         2543    i.hal_cache_tag_flush  flash.o
    0x1fff6a84   0x1fff6a84   0x00000034   Code   RO         1941    i.hal_clk_gate_disable  clock.o
    0x1fff6ab8   0x1fff6ab8   0x00000034   Code   RO         1942    i.hal_clk_gate_enable  clock.o
    0x1fff6aec   0x1fff6aec   0x0000007a   Code   RO         1945    i.hal_clk_reset     clock.o
    0x1fff6b66   COMPRESSED   0x00000002   PAD
    0x1fff6b68   0x1fff6b68   0x00000230   Code   RO         2704    i.hal_dma_config_channel  dma.o
    0x1fff6d98   0x1fff6d98   0x0000002c   Code   RO         2705    i.hal_dma_deinit    dma.o
    0x1fff6dc4   0x1fff6dc4   0x0000005c   Code   RO         2706    i.hal_dma_init      dma.o
    0x1fff6e20   0x1fff6e20   0x0000003c   Code   RO         2707    i.hal_dma_init_channel  dma.o
    0x1fff6e5c   0x1fff6e5c   0x00000034   Code   RO         2708    i.hal_dma_start_channel  dma.o
    0x1fff6e90   0x1fff6e90   0x00000078   Code   RO         2710    i.hal_dma_stop_channel  dma.o
    0x1fff6f08   0x1fff6f08   0x000000ac   Code   RO         2546    i.hal_flash_erase_sector  flash.o
    0x1fff6fb4   0x1fff6fb4   0x000000b0   Code   RO         2547    i.hal_flash_read    flash.o
    0x1fff7064   0x1fff7064   0x000000b8   Code   RO         2549    i.hal_flash_write_by_dma  flash.o
    0x1fff711c   0x1fff711c   0x00000108   Code   RO         3035    i.hal_fs_garbage_collect  fs.o
    0x1fff7224   0x1fff7224   0x00000050   Code   RO         3036    i.hal_fs_get_free_size  fs.o
    0x1fff7274   0x1fff7274   0x00000038   Code   RO         3037    i.hal_fs_get_garbage_size  fs.o
    0x1fff72ac   0x1fff72ac   0x00000028   Code   RO         3038    i.hal_fs_init       fs.o
    0x1fff72d4   0x1fff72d4   0x0000000c   Code   RO         3039    i.hal_fs_initialized  fs.o
    0x1fff72e0   0x1fff72e0   0x00000024   Code   RO         3041    i.hal_fs_item_del   fs.o
    0x1fff7304   0x1fff7304   0x0000006c   Code   RO         3042    i.hal_fs_item_find_id  fs.o
    0x1fff7370   0x1fff7370   0x000000ac   Code   RO         3044    i.hal_fs_item_read  fs.o
    0x1fff741c   0x1fff741c   0x000000c0   Code   RO         3045    i.hal_fs_item_set   fs.o
    0x1fff74dc   0x1fff74dc   0x00000154   Code   RO         3046    i.hal_fs_item_write  fs.o
    0x1fff7630   0x1fff7630   0x00000038   Code   RO         2179    i.hal_gpio_cfg_analog_io  gpio.o
    0x1fff7668   0x1fff7668   0x00000020   Code   RO         2181    i.hal_gpio_ds_control  gpio.o
    0x1fff7688   0x1fff7688   0x00000020   Code   RO         2183    i.hal_gpio_fmux     gpio.o
    0x1fff76a8   0x1fff76a8   0x00000044   Code   RO         2184    i.hal_gpio_fmux_set  gpio.o
    0x1fff76ec   0x1fff76ec   0x0000005c   Code   RO         2185    i.hal_gpio_init     gpio.o
    0x1fff7748   0x1fff7748   0x0000003c   Code   RO         2186    i.hal_gpio_interrupt_enable  gpio.o
    0x1fff7784   0x1fff7784   0x0000001c   Code   RO         2187    i.hal_gpio_pin2pin3_control  gpio.o
    0x1fff77a0   0x1fff77a0   0x00000074   Code   RO         2188    i.hal_gpio_pin_init  gpio.o
    0x1fff7814   0x1fff7814   0x00000054   Code   RO         2189    i.hal_gpio_pull_set  gpio.o
    0x1fff7868   0x1fff7868   0x0000002c   Code   RO         2190    i.hal_gpio_read     gpio.o
    0x1fff7894   0x1fff7894   0x0000006c   Code   RO         2191    i.hal_gpio_retention_enable  gpio.o
    0x1fff7900   0x1fff7900   0x00000054   Code   RO         2192    i.hal_gpio_sleep_handler  gpio.o
    0x1fff7954   0x1fff7954   0x00000044   Code   RO         2193    i.hal_gpio_wakeup_control  gpio.o
    0x1fff7998   0x1fff7998   0x00000098   Code   RO         2194    i.hal_gpio_wakeup_handler  gpio.o
    0x1fff7a30   0x1fff7a30   0x0000007c   Code   RO         2195    i.hal_gpio_wakeup_set  gpio.o
    0x1fff7aac   0x1fff7aac   0x00000028   Code   RO         2196    i.hal_gpio_write    gpio.o
    0x1fff7ad4   0x1fff7ad4   0x00000048   Code   RO         2197    i.hal_gpioin_disable  gpio.o
    0x1fff7b1c   0x1fff7b1c   0x0000006c   Code   RO         2198    i.hal_gpioin_enable  gpio.o
    0x1fff7b88   0x1fff7b88   0x00000068   Code   RO         2199    i.hal_gpioin_event  gpio.o
    0x1fff7bf0   0x1fff7bf0   0x00000028   Code   RO         2200    i.hal_gpioin_event_pin  gpio.o
    0x1fff7c18   0x1fff7c18   0x0000006c   Code   RO            5    i.hal_low_power_io_init  main.o
    0x1fff7c84   0x1fff7c84   0x0000008c   Code   RO         2809    i.hal_poilling_adc_stop  adc.o
    0x1fff7d10   0x1fff7d10   0x00000014   Code   RO         2041    i.hal_pwrmgr_LowCurrentLdo_enable  pwrmgr.o
    0x1fff7d24   0x1fff7d24   0x00000024   Code   RO         2042    i.hal_pwrmgr_RAM_retention  pwrmgr.o
    0x1fff7d48   0x1fff7d48   0x00000014   Code   RO         2043    i.hal_pwrmgr_RAM_retention_clr  pwrmgr.o
    0x1fff7d5c   0x1fff7d5c   0x00000024   Code   RO         2044    i.hal_pwrmgr_RAM_retention_set  pwrmgr.o
    0x1fff7d80   0x1fff7d80   0x00000030   Code   RO         2046    i.hal_pwrmgr_init   pwrmgr.o
    0x1fff7db0   0x1fff7db0   0x00000058   Code   RO         2047    i.hal_pwrmgr_is_lock  pwrmgr.o
    0x1fff7e08   0x1fff7e08   0x0000005c   Code   RO         2048    i.hal_pwrmgr_lock   pwrmgr.o
    0x1fff7e64   0x1fff7e64   0x00000058   Code   RO         2050    i.hal_pwrmgr_register  pwrmgr.o
    0x1fff7ebc   0x1fff7ebc   0x0000003c   Code   RO         2051    i.hal_pwrmgr_sleep_process  pwrmgr.o
    0x1fff7ef8   0x1fff7ef8   0x00000068   Code   RO         2052    i.hal_pwrmgr_unlock  pwrmgr.o
    0x1fff7f60   0x1fff7f60   0x00000064   Code   RO         2053    i.hal_pwrmgr_unregister  pwrmgr.o
    0x1fff7fc4   0x1fff7fc4   0x00000080   Code   RO         2054    i.hal_pwrmgr_wakeup_process  pwrmgr.o
    0x1fff8044   0x1fff8044   0x00000028   Code   RO         1947    i.hal_rc32k_clk_tracking_init  clock.o
    0x1fff806c   0x1fff806c   0x00000068   Code   RO            6    i.hal_rfphy_init    main.o
    0x1fff80d4   0x1fff80d4   0x00000008   Code   RO         3288    i.hal_rom_boot_init  rf.lib(patch.o)
    0x1fff80dc   0x1fff80dc   0x00000084   Code   RO         1948    i.hal_rtc_clock_config  clock.o
    0x1fff8160   0x1fff8160   0x00000020   Code   RO         2551    i.hal_spif_cache_init  flash.o
    0x1fff8180   0x1fff8180   0x00000010   Code   RO         3290    i.hal_system_clock_change_process  rf.lib(patch.o)
    0x1fff8190   0x1fff8190   0x00000024   Code   RO         1949    i.hal_system_soft_reset  clock.o
    0x1fff81b4   0x1fff81b4   0x00000030   Code   RO         2365    i.hal_uart_deinit   uart.o
    0x1fff81e4   0x1fff81e4   0x00000064   Code   RO         2368    i.hal_uart_init     uart.o
    0x1fff8248   0x1fff8248   0x00000020   Code   RO         2369    i.hal_uart_send_buff  uart.o
    0x1fff8268   0x1fff8268   0x00000048   Code   RO         2372    i.hal_uart_set_tx_buf  uart.o
    0x1fff82b0   0x1fff82b0   0x000000a8   Code   RO         2552    i.hw_spif_cache_config  flash.o
    0x1fff8358   0x1fff8358   0x00000010   Code   RO         3293    i.isTimer5Running   rf.lib(patch.o)
    0x1fff8368   0x1fff8368   0x000000b8   Code   RO         4328    i.lib_efuse_load    rf.lib(lib_efuse3.o)
    0x1fff8420   0x1fff8420   0x00000078   Code   RO         3302    i.llProcessSlaveControlPacket1  rf.lib(patch.o)
    0x1fff8498   0x1fff8498   0x00000054   Code   RO         3303    i.llProcessTxData1  rf.lib(patch.o)
    0x1fff84ec   0x1fff84ec   0x000000c0   Code   RO         3304    i.llReleaseConnId1  rf.lib(patch.o)
    0x1fff85ac   0x1fff85ac   0x00000034   Code   RO         3307    i.llSetupNextSlaveEvent1  rf.lib(patch.o)
    0x1fff85e0   0x1fff85e0   0x00000040   Code   RO         3310    i.llSetupStartEncRsp  rf.lib(patch.o)
    0x1fff8620   0x1fff8620   0x00000038   Code   RO         3311    i.llSlaveEvt_TaskEndOk1  rf.lib(patch.o)
    0x1fff8658   0x1fff8658   0x000000a8   Code   RO         3312    i.llWriteTxData1    rf.lib(patch.o)
    0x1fff8700   0x1fff8700   0x0000012c   Code   RO         3314    i.ll_adptive_adj_next_time1  rf.lib(patch.o)
    0x1fff882c   0x1fff882c   0x0000005c   Code   RO         3317    i.ll_flow_ctrl_restore  rf.lib(patch.o)
    0x1fff8888   0x1fff8888   0x0000027c   Code   RO         3318    i.ll_generateTxBuffer1  rf.lib(patch.o)
    0x1fff8b04   0x1fff8b04   0x000002dc   Code   RO         3319    i.ll_hw_go1         rf.lib(patch.o)
    0x1fff8de0   0x1fff8de0   0x000000dc   Code   RO         3321    i.ll_hw_read_tfifo_rtlp1  rf.lib(patch.o)
    0x1fff8ebc   0x1fff8ebc   0x00000094   Code   RO         3323    i.ll_osal_mem_alloc  rf.lib(patch.o)
    0x1fff8f50   0x1fff8f50   0x00000050   Code   RO         3324    i.ll_osal_mem_free  rf.lib(patch.o)
    0x1fff8fa0   0x1fff8fa0   0x00000044   Code   RO         3326    i.ll_osalmem_init   rf.lib(patch.o)
    0x1fff8fe4   0x1fff8fe4   0x00000054   Code   RO         3334    i.ll_patch_restore  rf.lib(patch.o)
    0x1fff9038   0x1fff9038   0x00000018   Code   RO         3336    i.ll_processBasicIRQ_SRX  rf.lib(patch.o)
    0x1fff9050   0x1fff9050   0x00000018   Code   RO         3338    i.ll_processBasicIRQ_ScanTRX  rf.lib(patch.o)
    0x1fff9068   0x1fff9068   0x00000018   Code   RO         3340    i.ll_processBasicIRQ_secScanTRX  rf.lib(patch.o)
    0x1fff9080   0x1fff9080   0x00000018   Code   RO         3342    i.ll_processBasicIRQ_secondaryAdvSTX  rf.lib(patch.o)
    0x1fff9098   0x1fff9098   0x00000018   Code   RO         3344    i.ll_processBasicIRQ_secondaryAdvTRX  rf.lib(patch.o)
    0x1fff90b0   0x1fff90b0   0x00000018   Code   RO         3347    i.ll_processBasicIRQ_secondaryInitSRX  rf.lib(patch.o)
    0x1fff90c8   0x1fff90c8   0x00000018   Code   RO         3349    i.ll_processBasicIRQ_secondaryScanSRX  rf.lib(patch.o)
    0x1fff90e0   0x1fff90e0   0x0000003c   Code   RO         3352    i.ll_read_rxfifo1   rf.lib(patch.o)
    0x1fff911c   0x1fff911c   0x0000005c   Code   RO         3356    i.ll_scheduler_singleconn  rf.lib(patch.o)
    0x1fff9178   0x1fff9178   0x00000048   Code   RO         3357    i.llbuf_alloc_time_statics  rf.lib(patch.o)
    0x1fff91c0   0x1fff91c0   0x00000260   Code   RO         2481    i.log_vsprintf      my_printf.o
    0x1fff9420   0x1fff9420   0x0000005c   Code   RO            7    i.main              main.o
    0x1fff947c   0x1fff947c   0x0000005c   Code   RO         3363    i.move_to_slave_function1  rf.lib(patch.o)
    0x1fff94d8   0x1fff94d8   0x0000002c   Code   RO         2482    i.my_dump_byte      my_printf.o
    0x1fff9504   0x1fff9504   0x00000164   Code   RO         2483    i.number            my_printf.o
    0x1fff9668   0x1fff9668   0x00000034   Code   RO         1345    i.on_bleuartServiceEvt  bleuart.o
    0x1fff969c   0x1fff969c   0x00000018   Code   RO         3366    i.osal_idle_task0   rf.lib(patch.o)
    0x1fff96b4   0x1fff96b4   0x00000038   Code   RO         3370    i.osal_search_active_task  rf.lib(patch.o)
    0x1fff96ec   0x1fff96ec   0x00000098   Code   RO         3371    i.patch_linkBuf_init  rf.lib(patch.o)
    0x1fff9784   0x1fff9784   0x0000006c   Code   RO         2055    i.peripheral_interrupt_restore_default  pwrmgr.o
    0x1fff97f0   0x1fff97f0   0x00000080   Code   RO         3557    i.rc32k_calibration  rf.lib(rf_phy_driver.o)
    0x1fff9870   0x1fff9870   0x00000058   Code   RO         3372    i.rc32k_cap_cal     rf.lib(patch.o)
    0x1fff98c8   0x1fff98c8   0x0000000c   Code   RO         3374    i.read_TIM5_remainder_timer  rf.lib(patch.o)
    0x1fff98d4   0x1fff98d4   0x0000000c   Code   RO         3558    i.rf_calibrate1     rf.lib(rf_phy_driver.o)
    0x1fff98e0   0x1fff98e0   0x0000011c   Code   RO         3559    i.rf_phy_ana_cfg    rf.lib(rf_phy_driver.o)
    0x1fff99fc   0x1fff99fc   0x000001ac   Code   RO         3560    i.rf_phy_bb_cfg     rf.lib(rf_phy_driver.o)
    0x1fff9ba8   0x1fff9ba8   0x000000a8   Code   RO         3561    i.rf_phy_change_cfg0  rf.lib(rf_phy_driver.o)
    0x1fff9c50   0x1fff9c50   0x0000003c   Code   RO         3578    i.rf_phy_ini        rf.lib(rf_phy_driver.o)
    0x1fff9c8c   0x1fff9c8c   0x00000074   Code   RO         3579    i.rf_phy_set_txPower  rf.lib(rf_phy_driver.o)
    0x1fff9d00   0x1fff9d00   0x0000004c   Code   RO         3583    i.rf_tpCal_gen_cap_arrary  rf.lib(rf_phy_driver.o)
    0x1fff9d4c   0x1fff9d4c   0x0000011c   Code   RO         3584    i.rf_tp_cal         rf.lib(rf_phy_driver.o)
    0x1fff9e68   0x1fff9e68   0x00000010   Code   RO         1521    i.set_Bleuart_Notify  bleuart_service.o
    0x1fff9e78   0x1fff9e78   0x000000b0   Code   RO         2810    i.set_sampling_resolution  adc.o
    0x1fff9f28   0x1fff9f28   0x0000000c   Code   RO         1346    i.set_uart_at_mod   bleuart.o
    0x1fff9f34   0x1fff9f34   0x00000020   Code   RO         2484    i.skip_atoi         my_printf.o
    0x1fff9f54   0x1fff9f54   0x0000002c   Code   RO         2554    i.spif_wait_nobusy  flash.o
    0x1fff9f80   0x1fff9f80   0x0000006c   Code   RO         2373    i.txmit_buf_polling  uart.o
    0x1fff9fec   0x1fff9fec   0x000000bc   Code   RO         2374    i.txmit_buf_use_tx_buf  uart.o
    0x1fffa0a8   0x1fffa0a8   0x00000084   Code   RO         2375    i.uart_hw_deinit    uart.o
    0x1fffa12c   0x1fffa12c   0x000001a8   Code   RO         2376    i.uart_hw_init      uart.o
    0x1fffa2d4   0x1fffa2d4   0x0000000a   Code   RO         2377    i.uart_wakeup_process_0  uart.o
    0x1fffa2de   0x1fffa2de   0x0000000a   Code   RO         2378    i.uart_wakeup_process_1  uart.o
    0x1fffa2e8   0x1fffa2e8   0x00000028   Code   RO         1347    i.update_AdvDataFromAT  bleuart.o
    0x1fffa310   0x1fffa310   0x00000028   Code   RO         1522    i.update_Bleuart_ProfileAttrTbl  bleuart_service.o
    0x1fffa338   0x1fffa338   0x00000028   Code   RO         1348    i.update_dle        bleuart.o
    0x1fffa360   0x1fffa360   0x00000214   Code   RO         3376    i.wakeupProcess1    rf.lib(patch.o)
    0x1fffa574   0x1fffa574   0x0000015c   Code   RO         3377    i.wakeup_init1      rf.lib(patch.o)
    0x1fffa6d0   0x1fffa6d0   0x00000032   Data   RO            9    .constdata          main.o
    0x1fffa702   0x1fffa702   0x00000002   Data   RO          564    .constdata          devinfoservice.o
    0x1fffa704   0x1fffa704   0x00000002   Data   RO          565    .constdata          devinfoservice.o
    0x1fffa706   0x1fffa706   0x00000002   Data   RO          566    .constdata          devinfoservice.o
    0x1fffa708   0x1fffa708   0x00000002   Data   RO          567    .constdata          devinfoservice.o
    0x1fffa70a   0x1fffa70a   0x00000002   Data   RO          568    .constdata          devinfoservice.o
    0x1fffa70c   0x1fffa70c   0x00000002   Data   RO          569    .constdata          devinfoservice.o
    0x1fffa70e   0x1fffa70e   0x00000002   Data   RO          570    .constdata          devinfoservice.o
    0x1fffa710   0x1fffa710   0x00000002   Data   RO          571    .constdata          devinfoservice.o
    0x1fffa712   0x1fffa712   0x00000002   Data   RO          572    .constdata          devinfoservice.o
    0x1fffa714   0x1fffa714   0x00000002   Data   RO          573    .constdata          devinfoservice.o
    0x1fffa716   COMPRESSED   0x00000002   PAD
    0x1fffa718   0x1fffa718   0x00000008   Data   RO          574    .constdata          devinfoservice.o
    0x1fffa720   0x1fffa720   0x00000080   Data   RO          575    .constdata          devinfoservice.o
    0x1fffa7a0   0x1fffa7a0   0x0000000c   Data   RO         1523    .constdata          bleuart_service.o
    0x1fffa7ac   0x1fffa7ac   0x0000008a   Data   RO         2206    .constdata          gpio.o
    0x1fffa836   COMPRESSED   0x00000002   PAD
    0x1fffa838   0x1fffa838   0x0000000c   Data   RO         2380    .constdata          uart.o
    0x1fffa844   0x1fffa844   0x00000010   Data   RO         2485    .constdata          my_printf.o
    0x1fffa854   0x1fffa854   0x00000024   Data   RO         2812    .constdata          adc.o
    0x1fffa878   0x1fffa878   0x0000004d   Data   RO         2486    .conststring        my_printf.o
    0x1fffa8c5   COMPRESSED   0x00000003   PAD
    0x1fffa8c8   0x1fffa8c8   0x00000050   Data   RO         4813    Region$$Table       anon$$obj.o
    0x1fffa918   0x1fffa918   0x00000028   Data   RO         1595    _section_sram_code_  osal_bleuart.o
    0x1fffa940   0x1fffa940   0x00000001   Data   RO         1596    _section_sram_code_  osal_bleuart.o
    0x1fffa941   COMPRESSED   0x00000003   PAD
    0x1fffa944   COMPRESSED   0x00000014   Data   RW           10    .data               main.o
    0x1fffa958   COMPRESSED   0x00000048   Data   RW          281    .data               bleuart_at_cmd.o
    0x1fffa9a0   COMPRESSED   0x00000001   Data   RW          576    .data               devinfoservice.o
    0x1fffa9a1   COMPRESSED   0x00000003   PAD
    0x1fffa9a4   COMPRESSED   0x00000140   Data   RW          577    .data               devinfoservice.o
    0x1fffaae4   COMPRESSED   0x00000001   Data   RW          578    .data               devinfoservice.o
    0x1fffaae5   COMPRESSED   0x00000001   Data   RW          579    .data               devinfoservice.o
    0x1fffaae6   COMPRESSED   0x00000001   Data   RW          580    .data               devinfoservice.o
    0x1fffaae7   COMPRESSED   0x00000001   Data   RW          581    .data               devinfoservice.o
    0x1fffaae8   COMPRESSED   0x00000001   Data   RW          582    .data               devinfoservice.o
    0x1fffaae9   COMPRESSED   0x00000001   Data   RW          583    .data               devinfoservice.o
    0x1fffaaea   COMPRESSED   0x00000001   Data   RW          584    .data               devinfoservice.o
    0x1fffaaeb   COMPRESSED   0x00000001   Data   RW          585    .data               devinfoservice.o
    0x1fffaaec   COMPRESSED   0x00000028   Data   RW          685    .data               gapbondmgr.o
    0x1fffab14   COMPRESSED   0x00000080   Data   RW          853    .data               gapgattserver.o
    0x1fffab94   COMPRESSED   0x00000001   Data   RW          854    .data               gapgattserver.o
    0x1fffab95   COMPRESSED   0x00000001   Data   RW          855    .data               gapgattserver.o
    0x1fffab96   COMPRESSED   0x00000001   Data   RW          856    .data               gapgattserver.o
    0x1fffab97   COMPRESSED   0x00000001   PAD
    0x1fffab98   COMPRESSED   0x00000060   Data   RW         1020    .data               gattservapp.o
    0x1fffabf8   COMPRESSED   0x00000001   Data   RW         1021    .data               gattservapp.o
    0x1fffabf9   COMPRESSED   0x00000003   PAD
    0x1fffabfc   COMPRESSED   0x00000061   Data   RW         1223    .data               peripheral.o
    0x1fffac5d   COMPRESSED   0x00000003   PAD
    0x1fffac60   COMPRESSED   0x00000004   Data   RW         1305    .data               jump_table.o
    0x1fffac64   COMPRESSED   0x00000025   Data   RW         1350    .data               bleuart.o
    0x1fffac89   COMPRESSED   0x00000003   PAD
    0x1fffac8c   COMPRESSED   0x0000006c   Data   RW         1525    .data               bleuart_service.o
    0x1fffacf8   COMPRESSED   0x00000008   Data   RW         1527    .data               bleuart_service.o
    0x1fffad00   COMPRESSED   0x00000001   Data   RW         1528    .data               bleuart_service.o
    0x1fffad01   COMPRESSED   0x00000003   PAD
    0x1fffad04   COMPRESSED   0x00000008   Data   RW         1529    .data               bleuart_service.o
    0x1fffad0c   COMPRESSED   0x00000004   Data   RW         1594    .data               osal_bleuart.o
    0x1fffad10   COMPRESSED   0x0000000a   Data   RW         1649    .data               bleuart_protocol.o
    0x1fffad1a   COMPRESSED   0x00000002   PAD
    0x1fffad1c   COMPRESSED   0x0000001c   Data   RW         1758    .data               bleuart_at_dma.o
    0x1fffad38   COMPRESSED   0x00000006   Data   RW         1889    .data               adc_compare_demo.o
    0x1fffad3e   COMPRESSED   0x00000002   PAD
    0x1fffad40   COMPRESSED   0x00000015   Data   RW         2057    .data               pwrmgr.o
    0x1fffad55   COMPRESSED   0x00000002   Data   RW         2381    .data               uart.o
    0x1fffad57   COMPRESSED   0x00000001   PAD
    0x1fffad58   COMPRESSED   0x00000008   Data   RW         2487    .data               my_printf.o
    0x1fffad60   COMPRESSED   0x0000000f   Data   RW         2555    .data               flash.o
    0x1fffad6f   COMPRESSED   0x00000002   Data   RW         2663    .data               led.o
    0x1fffad71   COMPRESSED   0x00000003   PAD
    0x1fffad74   COMPRESSED   0x00000019   Data   RW         2813    .data               adc.o
    0x1fffad8d   COMPRESSED   0x00000003   PAD
    0x1fffad90   COMPRESSED   0x00000008   Data   RW         3048    .data               fs.o
    0x1fffad98   COMPRESSED   0x00000004   Data   RW         3176    .data               system_armcm0.o
    0x1fffad9c   COMPRESSED   0x00000069   Data   RW         3382    .data               rf.lib(patch.o)
    0x1fffae05   COMPRESSED   0x00000003   PAD
    0x1fffae08   COMPRESSED   0x0000000c   Data   RW         3711    .data               ble_host.lib(att_util.o)
    0x1fffae14   COMPRESSED   0x00000004   Data   RW         3712    .data               ble_host.lib(att_util.o)
    0x1fffae18   COMPRESSED   0x0000005a   Data   RW         3796    .data               ble_host.lib(gap_configmgr.o)
    0x1fffae72   COMPRESSED   0x00000002   PAD
    0x1fffae74   COMPRESSED   0x00000008   Data   RW         3827    .data               ble_host.lib(gap_devmgr.o)
    0x1fffae7c   COMPRESSED   0x00000010   Data   RW         3861    .data               ble_host.lib(gap_linkmgr.o)
    0x1fffae8c   COMPRESSED   0x0000001c   Data   RW         3913    .data               ble_host.lib(gap_peridevmgr.o)
    0x1fffaea8   COMPRESSED   0x0000000c   Data   RW         3955    .data               ble_host.lib(gap_task.o)
    0x1fffaeb4   COMPRESSED   0x0000000c   Data   RW         4000    .data               ble_host.lib(gatt_server.o)
    0x1fffaec0   COMPRESSED   0x0000000c   Data   RW         4046    .data               ble_host.lib(gatt_task.o)
    0x1fffaecc   COMPRESSED   0x00000001   Data   RW         4078    .data               ble_host.lib(l2cap_if.o)
    0x1fffaecd   COMPRESSED   0x00000001   Data   RW         4099    .data               ble_host.lib(l2cap_task.o)
    0x1fffaece   COMPRESSED   0x00000002   PAD
    0x1fffaed0   COMPRESSED   0x0000000c   Data   RW         4123    .data               ble_host.lib(linkdb.o)
    0x1fffaedc   COMPRESSED   0x0000000c   Data   RW         4155    .data               ble_host.lib(sm_rsppairing.o)
    0x1fffaee8   COMPRESSED   0x00000001   Data   RW         4177    .data               ble_host.lib(sm_task.o)
    0x1fffaee9   COMPRESSED   0x00000001   Data   RW         4313    .data               rf.lib(phy_sec_ext.o)
    0x1fffaeea   COMPRESSED   0x00000002   PAD
    0x1fffaeec   COMPRESSED   0x00000008   Data   RW         4339    .data               rf.lib(lib_efuse3.o)
    0x1fffaef4   COMPRESSED   0x00000008   Data   RW         4398    .data               ble_host.lib(gatt_client.o)
    0x1fffaefc   COMPRESSED   0x0000000c   Data   RW         4482    .data               ble_host.lib(l2cap_util.o)
    0x1fffaf08   COMPRESSED   0x00000004   Data   RW         4549    .data               ble_host.lib(sm_mgr.o)
    0x1fffaf0c   COMPRESSED   0x0000000c   Data   RW         4608    .data               ble_host.lib(sm_pairing.o)
    0x1fffaf18        -       0x000019a0   Zero   RW            8    .bss                main.o
    0x1fffc8b8        -       0x00000078   Zero   RW          277    .bss                bleuart_at_cmd.o
    0x1fffc930        -       0x000000a6   Zero   RW          684    .bss                gapbondmgr.o
    0x1fffc9d6        -       0x00000016   Zero   RW          850    .bss                gapgattserver.o
    0x1fffc9ec        -       0x000002e8   Zero   RW         1017    .bss                gattservapp.o
    0x1fffccd4        -       0x0000003f   Zero   RW         1222    .bss                peripheral.o
    0x1fffcd13        -       0x00000031   Zero   RW         1349    .bss                bleuart.o
    0x1fffcd44        -       0x000001c0   Zero   RW         1647    .bss                bleuart_protocol.o
    0x1fffcf04        -       0x00000418   Zero   RW         1757    .bss                bleuart_at_dma.o
    0x1fffd31c        -       0x00000300   Zero   RW         1888    .bss                adc_compare_demo.o
    0x1fffd61c        -       0x00000084   Zero   RW         2056    .bss                pwrmgr.o
    0x1fffd6a0        -       0x00000130   Zero   RW         2205    .bss                gpio.o
    0x1fffd7d0        -       0x00000040   Zero   RW         2379    .bss                uart.o
    0x1fffd810        -       0x00000024   Zero   RW         2712    .bss                dma.o
    0x1fffd834        -       0x00000028   Zero   RW         2811    .bss                adc.o
    0x1fffd85c        -       0x00000114   Zero   RW         3047    .bss                fs.o
    0x1fffd970        -       0x0000038c   Zero   RW         3378    .bss                rf.lib(patch.o)
    0x1fffdcfc        -       0x0000001c   Zero   RW         3795    .bss                ble_host.lib(gap_configmgr.o)
    0x1fffdd18        -       0x0000002e   Zero   RW         4098    .bss                ble_host.lib(l2cap_task.o)
    0x1fffdd46        -       0x0000000f   Zero   RW         4154    .bss                ble_host.lib(sm_rsppairing.o)
    0x1fffdd55   COMPRESSED   0x00000003   PAD
    0x1fffdd58        -       0x00000010   Zero   RW         4309    .bss                rf.lib(phy_sec_ext.o)
    0x1fffdd68        -       0x00000034   Zero   RW         4481    .bss                ble_host.lib(l2cap_util.o)
    0x1fffdd9c        -       0x0000000f   Zero   RW         4547    .bss                ble_host.lib(sm_mgr.o)
    0x1fffddab   COMPRESSED   0x00000005   PAD
    0x1fffddb0        -       0x00000400   Zero   RW         3165    STACK               startup_armcm0.o



  Load Region LR_IROM4 (Base: 0x1fff0000, Size: 0x00000800, Max: 0x00000800, ABSOLUTE, COMPRESSED[0x0000040c])

    Execution Region JUMP_TABLE (Exec base: 0x1fff0000, Load base: 0x1fff0000, Size: 0x00000400, Max: 0x00000400, ABSOLUTE)

    Exec Addr    Load Addr    Size         Type   Attr      Idx    E Section Name        Object

    0x1fff0000   0x1fff0000   0x00000400   Data   RO         1307    jump_table_mem_area  jump_table.o


    Execution Region GOLBAL_CONFIG (Exec base: 0x1fff0400, Load base: 0x1fff0400, Size: 0x00000400, Max: 0x00000400, ABSOLUTE, COMPRESSED[0x0000000c])

    Exec Addr    Load Addr    Size         Type   Attr      Idx    E Section Name        Object

    0x1fff0400   COMPRESSED   0x00000400   Data   RW         1306    global_config_area  jump_table.o



  Load Region LR_IROM3 (Base: 0x11020000, Size: 0x00009320, Max: 0x00010000, ABSOLUTE)

    Execution Region ER_IROM3 (Exec base: 0x11020000, Load base: 0x11020000, Size: 0x00009320, Max: 0x00010000, ABSOLUTE)

    Exec Addr    Load Addr    Size         Type   Attr      Idx    E Section Name        Object

    0x11020000   0x11020000   0x0000000c   Ven    RO         5018    Veneer$$Code        anon$$obj.o
    0x1102000c   0x1102000c   0x0000000c   Ven    RO         5019    Veneer$$Code        anon$$obj.o
    0x11020018   0x11020018   0x0000000c   Ven    RO         5020    Veneer$$Code        anon$$obj.o
    0x11020024   0x11020024   0x0000000c   Ven    RO         5021    Veneer$$Code        anon$$obj.o
    0x11020030   0x11020030   0x0000000c   Ven    RO         5022    Veneer$$Code        anon$$obj.o
    0x1102003c   0x1102003c   0x0000000c   Ven    RO         5023    Veneer$$Code        anon$$obj.o
    0x11020048   0x11020048   0x0000000c   Ven    RO         5024    Veneer$$Code        anon$$obj.o
    0x11020054   0x11020054   0x0000000c   Ven    RO         5025    Veneer$$Code        anon$$obj.o
    0x11020060   0x11020060   0x0000000c   Ven    RO         5026    Veneer$$Code        anon$$obj.o
    0x1102006c   0x1102006c   0x0000000c   Ven    RO         5027    Veneer$$Code        anon$$obj.o
    0x11020078   0x11020078   0x0000000c   Ven    RO         5028    Veneer$$Code        anon$$obj.o
    0x11020084   0x11020084   0x0000000c   Ven    RO         5029    Veneer$$Code        anon$$obj.o
    0x11020090   0x11020090   0x0000000c   Ven    RO         5030    Veneer$$Code        anon$$obj.o
    0x1102009c   0x1102009c   0x0000000c   Ven    RO         5031    Veneer$$Code        anon$$obj.o
    0x110200a8   0x110200a8   0x0000000c   Ven    RO         5032    Veneer$$Code        anon$$obj.o
    0x110200b4   0x110200b4   0x0000000c   Ven    RO         5033    Veneer$$Code        anon$$obj.o
    0x110200c0   0x110200c0   0x0000000c   Ven    RO         5034    Veneer$$Code        anon$$obj.o
    0x110200cc   0x110200cc   0x0000000c   Ven    RO         5035    Veneer$$Code        anon$$obj.o
    0x110200d8   0x110200d8   0x0000000c   Ven    RO         5036    Veneer$$Code        anon$$obj.o
    0x110200e4   0x110200e4   0x0000000c   Ven    RO         5037    Veneer$$Code        anon$$obj.o
    0x110200f0   0x110200f0   0x0000000c   Ven    RO         5038    Veneer$$Code        anon$$obj.o
    0x110200fc   0x110200fc   0x0000000c   Ven    RO         5039    Veneer$$Code        anon$$obj.o
    0x11020108   0x11020108   0x0000000c   Ven    RO         5040    Veneer$$Code        anon$$obj.o
    0x11020114   0x11020114   0x0000000c   Ven    RO         5041    Veneer$$Code        anon$$obj.o
    0x11020120   0x11020120   0x0000000c   Ven    RO         5042    Veneer$$Code        anon$$obj.o
    0x1102012c   0x1102012c   0x0000000c   Ven    RO         5043    Veneer$$Code        anon$$obj.o
    0x11020138   0x11020138   0x0000000c   Ven    RO         5044    Veneer$$Code        anon$$obj.o
    0x11020144   0x11020144   0x0000000c   Ven    RO         5045    Veneer$$Code        anon$$obj.o
    0x11020150   0x11020150   0x0000000c   Ven    RO         5046    Veneer$$Code        anon$$obj.o
    0x1102015c   0x1102015c   0x0000000c   Ven    RO         5047    Veneer$$Code        anon$$obj.o
    0x11020168   0x11020168   0x0000000c   Ven    RO         5048    Veneer$$Code        anon$$obj.o
    0x11020174   0x11020174   0x0000000c   Ven    RO         5049    Veneer$$Code        anon$$obj.o
    0x11020180   0x11020180   0x0000000c   Ven    RO         5050    Veneer$$Code        anon$$obj.o
    0x1102018c   0x1102018c   0x0000000c   Ven    RO         5051    Veneer$$Code        anon$$obj.o
    0x11020198   0x11020198   0x0000000c   Ven    RO         5052    Veneer$$Code        anon$$obj.o
    0x110201a4   0x110201a4   0x0000000c   Ven    RO         5053    Veneer$$Code        anon$$obj.o
    0x110201b0   0x110201b0   0x0000000c   Ven    RO         5054    Veneer$$Code        anon$$obj.o
    0x110201bc   0x110201bc   0x0000000c   Ven    RO         5055    Veneer$$Code        anon$$obj.o
    0x110201c8   0x110201c8   0x0000000c   Ven    RO         5056    Veneer$$Code        anon$$obj.o
    0x110201d4   0x110201d4   0x0000000c   Ven    RO         5057    Veneer$$Code        anon$$obj.o
    0x110201e0   0x110201e0   0x0000000c   Ven    RO         5058    Veneer$$Code        anon$$obj.o
    0x110201ec   0x110201ec   0x0000000c   Ven    RO         5059    Veneer$$Code        anon$$obj.o
    0x110201f8   0x110201f8   0x0000000c   Ven    RO         5060    Veneer$$Code        anon$$obj.o
    0x11020204   0x11020204   0x0000000c   Ven    RO         5061    Veneer$$Code        anon$$obj.o
    0x11020210   0x11020210   0x0000000c   Ven    RO         5062    Veneer$$Code        anon$$obj.o
    0x1102021c   0x1102021c   0x0000000c   Ven    RO         5063    Veneer$$Code        anon$$obj.o
    0x11020228   0x11020228   0x0000000c   Ven    RO         5064    Veneer$$Code        anon$$obj.o
    0x11020234   0x11020234   0x0000000c   Ven    RO         5065    Veneer$$Code        anon$$obj.o
    0x11020240   0x11020240   0x0000000c   Ven    RO         5066    Veneer$$Code        anon$$obj.o
    0x1102024c   0x1102024c   0x0000000c   Ven    RO         5067    Veneer$$Code        anon$$obj.o
    0x11020258   0x11020258   0x0000000c   Ven    RO         5068    Veneer$$Code        anon$$obj.o
    0x11020264   0x11020264   0x0000000c   Ven    RO         5069    Veneer$$Code        anon$$obj.o
    0x11020270   0x11020270   0x0000000c   Ven    RO         5070    Veneer$$Code        anon$$obj.o
    0x1102027c   0x1102027c   0x0000000c   Ven    RO         5071    Veneer$$Code        anon$$obj.o
    0x11020288   0x11020288   0x0000000c   Ven    RO         5072    Veneer$$Code        anon$$obj.o
    0x11020294   0x11020294   0x0000000c   Ven    RO         5073    Veneer$$Code        anon$$obj.o
    0x110202a0   0x110202a0   0x0000000c   Ven    RO         5074    Veneer$$Code        anon$$obj.o
    0x110202ac   0x110202ac   0x0000000c   Ven    RO         5075    Veneer$$Code        anon$$obj.o
    0x110202b8   0x110202b8   0x0000000c   Ven    RO         5076    Veneer$$Code        anon$$obj.o
    0x110202c4   0x110202c4   0x0000000c   Ven    RO         5077    Veneer$$Code        anon$$obj.o
    0x110202d0   0x110202d0   0x0000000c   Ven    RO         5078    Veneer$$Code        anon$$obj.o
    0x110202dc   0x110202dc   0x0000000c   Ven    RO         5079    Veneer$$Code        anon$$obj.o
    0x110202e8   0x110202e8   0x0000000c   Ven    RO         5080    Veneer$$Code        anon$$obj.o
    0x110202f4   0x110202f4   0x0000000c   Ven    RO         5081    Veneer$$Code        anon$$obj.o
    0x11020300   0x11020300   0x0000000c   Ven    RO         5082    Veneer$$Code        anon$$obj.o
    0x1102030c   0x1102030c   0x0000000c   Ven    RO         5083    Veneer$$Code        anon$$obj.o
    0x11020318   0x11020318   0x0000000c   Ven    RO         5084    Veneer$$Code        anon$$obj.o
    0x11020324   0x11020324   0x0000000c   Ven    RO         5085    Veneer$$Code        anon$$obj.o
    0x11020330   0x11020330   0x0000000c   Ven    RO         5086    Veneer$$Code        anon$$obj.o
    0x1102033c   0x1102033c   0x0000000c   Ven    RO         5087    Veneer$$Code        anon$$obj.o
    0x11020348   0x11020348   0x0000000c   Ven    RO         5088    Veneer$$Code        anon$$obj.o
    0x11020354   0x11020354   0x0000000c   Ven    RO         5089    Veneer$$Code        anon$$obj.o
    0x11020360   0x11020360   0x0000000c   Ven    RO         5090    Veneer$$Code        anon$$obj.o
    0x1102036c   0x1102036c   0x0000000c   Ven    RO         5091    Veneer$$Code        anon$$obj.o
    0x11020378   0x11020378   0x0000000c   Ven    RO         5092    Veneer$$Code        anon$$obj.o
    0x11020384   0x11020384   0x0000000c   Ven    RO         5093    Veneer$$Code        anon$$obj.o
    0x11020390   0x11020390   0x0000000c   Ven    RO         5094    Veneer$$Code        anon$$obj.o
    0x1102039c   0x1102039c   0x0000000c   Ven    RO         5095    Veneer$$Code        anon$$obj.o
    0x110203a8   0x110203a8   0x0000000c   Ven    RO         5096    Veneer$$Code        anon$$obj.o
    0x110203b4   0x110203b4   0x0000000c   Ven    RO         5097    Veneer$$Code        anon$$obj.o
    0x110203c0   0x110203c0   0x0000000c   Ven    RO         5098    Veneer$$Code        anon$$obj.o
    0x110203cc   0x110203cc   0x0000000c   Ven    RO         5099    Veneer$$Code        anon$$obj.o
    0x110203d8   0x110203d8   0x0000000c   Ven    RO         5100    Veneer$$Code        anon$$obj.o
    0x110203e4   0x110203e4   0x0000000c   Ven    RO         5101    Veneer$$Code        anon$$obj.o
    0x110203f0   0x110203f0   0x0000000c   Ven    RO         5102    Veneer$$Code        anon$$obj.o
    0x110203fc   0x110203fc   0x0000000c   Ven    RO         5103    Veneer$$Code        anon$$obj.o
    0x11020408   0x11020408   0x0000000c   Ven    RO         5104    Veneer$$Code        anon$$obj.o
    0x11020414   0x11020414   0x0000000c   Ven    RO         5105    Veneer$$Code        anon$$obj.o
    0x11020420   0x11020420   0x0000000c   Ven    RO         5106    Veneer$$Code        anon$$obj.o
    0x1102042c   0x1102042c   0x0000000c   Ven    RO         5107    Veneer$$Code        anon$$obj.o
    0x11020438   0x11020438   0x0000000c   Ven    RO         5108    Veneer$$Code        anon$$obj.o
    0x11020444   0x11020444   0x0000000c   Ven    RO         5109    Veneer$$Code        anon$$obj.o
    0x11020450   0x11020450   0x0000000c   Ven    RO         5110    Veneer$$Code        anon$$obj.o
    0x1102045c   0x1102045c   0x0000000c   Ven    RO         5111    Veneer$$Code        anon$$obj.o
    0x11020468   0x11020468   0x0000000c   Ven    RO         5112    Veneer$$Code        anon$$obj.o
    0x11020474   0x11020474   0x0000000c   Ven    RO         5113    Veneer$$Code        anon$$obj.o
    0x11020480   0x11020480   0x0000000c   Ven    RO         5114    Veneer$$Code        anon$$obj.o
    0x1102048c   0x1102048c   0x0000000c   Ven    RO         5115    Veneer$$Code        anon$$obj.o
    0x11020498   0x11020498   0x0000000c   Ven    RO         5116    Veneer$$Code        anon$$obj.o
    0x110204a4   0x110204a4   0x00000304   Code   RO         3256    _section_xip_code_  rf.lib(patch.o)
    0x110207a8   0x110207a8   0x00000016   Code   RO         3653    i.ATT_BuildErrorRsp  ble_host.lib(att_util.o)
    0x110207be   0x110207be   0x0000000e   Code   RO         3655    i.ATT_BuildExchangeMTURsp  ble_host.lib(att_util.o)
    0x110207cc   0x110207cc   0x00000030   Code   RO         3658    i.ATT_BuildFindByTypeValueRsp  ble_host.lib(att_util.o)
    0x110207fc   0x110207fc   0x0000006c   Code   RO         3660    i.ATT_BuildFindInfoRsp  ble_host.lib(att_util.o)
    0x11020868   0x11020868   0x00000020   Code   RO         3661    i.ATT_BuildHandleValueInd  ble_host.lib(att_util.o)
    0x11020888   0x11020888   0x0000002a   Code   RO         3663    i.ATT_BuildPrepareWriteRsp  ble_host.lib(att_util.o)
    0x110208b2   0x110208b2   0x00000010   Code   RO         3665    i.ATT_BuildReadBlobRsp  ble_host.lib(att_util.o)
    0x110208c2   0x110208c2   0x0000001a   Code   RO         3666    i.ATT_BuildReadByGrpTypeRsp  ble_host.lib(att_util.o)
    0x110208dc   0x110208dc   0x0000001a   Code   RO         3668    i.ATT_BuildReadByTypeRsp  ble_host.lib(att_util.o)
    0x110208f6   0x110208f6   0x00000010   Code   RO         3670    i.ATT_BuildReadMultiRsp  ble_host.lib(att_util.o)
    0x11020906   0x11020906   0x00000010   Code   RO         3672    i.ATT_BuildReadRsp  ble_host.lib(att_util.o)
    0x11020916   0x11020916   0x0000004a   Code   RO         3674    i.ATT_CompareUUID   ble_host.lib(att_util.o)
    0x11020960   0x11020960   0x0000002c   Code   RO         3675    i.ATT_ConvertUUIDto128  ble_host.lib(att_util.o)
    0x1102098c   0x1102098c   0x00000014   Code   RO         3621    i.ATT_ErrorRsp      ble_host.lib(att_server.o)
    0x110209a0   0x110209a0   0x00000040   Code   RO         3622    i.ATT_ExchangeMTURsp  ble_host.lib(att_server.o)
    0x110209e0   0x110209e0   0x0000000e   Code   RO         3623    i.ATT_ExecuteWriteRsp  ble_host.lib(att_server.o)
    0x110209ee   0x110209ee   0x00000002   PAD
    0x110209f0   0x110209f0   0x0000001c   Code   RO         3624    i.ATT_FindByTypeValueRsp  ble_host.lib(att_server.o)
    0x11020a0c   0x11020a0c   0x00000028   Code   RO         3625    i.ATT_FindInfoRsp   ble_host.lib(att_server.o)
    0x11020a34   0x11020a34   0x00000010   Code   RO         3677    i.ATT_GetCurrentMTUSize  ble_host.lib(att_util.o)
    0x11020a44   0x11020a44   0x00000014   Code   RO         3626    i.ATT_HandleValueInd  ble_host.lib(att_server.o)
    0x11020a58   0x11020a58   0x00000014   Code   RO         3627    i.ATT_HandleValueNoti  ble_host.lib(att_server.o)
    0x11020a6c   0x11020a6c   0x00000024   Code   RO         3679    i.ATT_InitMtuSize   ble_host.lib(att_util.o)
    0x11020a90   0x11020a90   0x00000018   Code   RO         3682    i.ATT_ParseExchangeMTUReq  ble_host.lib(att_util.o)
    0x11020aa8   0x11020aa8   0x00000012   Code   RO         3684    i.ATT_ParseExecuteWriteReq  ble_host.lib(att_util.o)
    0x11020aba   0x11020aba   0x00000048   Code   RO         3686    i.ATT_ParseFindByTypeValueReq  ble_host.lib(att_util.o)
    0x11020b02   0x11020b02   0x00000022   Code   RO         3688    i.ATT_ParseFindInfoReq  ble_host.lib(att_util.o)
    0x11020b24   0x11020b24   0x0000005e   Code   RO         3692    i.ATT_ParsePacket   ble_host.lib(att_util.o)
    0x11020b82   0x11020b82   0x00000038   Code   RO         3693    i.ATT_ParsePrepareWriteReq  ble_host.lib(att_util.o)
    0x11020bba   0x11020bba   0x00000022   Code   RO         3695    i.ATT_ParseReadBlobReq  ble_host.lib(att_util.o)
    0x11020bdc   0x11020bdc   0x0000003c   Code   RO         3698    i.ATT_ParseReadByTypeReq  ble_host.lib(att_util.o)
    0x11020c18   0x11020c18   0x00000044   Code   RO         3700    i.ATT_ParseReadMultiReq  ble_host.lib(att_util.o)
    0x11020c5c   0x11020c5c   0x00000018   Code   RO         3702    i.ATT_ParseReadReq  ble_host.lib(att_util.o)
    0x11020c74   0x11020c74   0x00000042   Code   RO         3704    i.ATT_ParseWriteReq  ble_host.lib(att_util.o)
    0x11020cb6   0x11020cb6   0x00000002   PAD
    0x11020cb8   0x11020cb8   0x00000014   Code   RO         3628    i.ATT_PrepareWriteRsp  ble_host.lib(att_server.o)
    0x11020ccc   0x11020ccc   0x00000014   Code   RO         3629    i.ATT_ReadBlobRsp   ble_host.lib(att_server.o)
    0x11020ce0   0x11020ce0   0x0000001c   Code   RO         3630    i.ATT_ReadByGrpTypeRsp  ble_host.lib(att_server.o)
    0x11020cfc   0x11020cfc   0x0000001c   Code   RO         3631    i.ATT_ReadByTypeRsp  ble_host.lib(att_server.o)
    0x11020d18   0x11020d18   0x00000014   Code   RO         3632    i.ATT_ReadMultiRsp  ble_host.lib(att_server.o)
    0x11020d2c   0x11020d2c   0x00000014   Code   RO         3633    i.ATT_ReadRsp       ble_host.lib(att_server.o)
    0x11020d40   0x11020d40   0x00000014   Code   RO         3708    i.ATT_UpdateMtuSize  ble_host.lib(att_util.o)
    0x11020d54   0x11020d54   0x0000000e   Code   RO         3634    i.ATT_WriteRsp      ble_host.lib(att_server.o)
    0x11020d62   0x11020d62   0x00000002   PAD
    0x11020d64   0x11020d64   0x00000030   Code   RO         1634    i.BUP_connect_handler  bleuart_protocol.o
    0x11020d94   0x11020d94   0x000000bc   Code   RO         1635    i.BUP_data_BLE_to_uart  bleuart_protocol.o
    0x11020e50   0x11020e50   0x0000001c   Code   RO         1636    i.BUP_data_BLE_to_uart_completed  bleuart_protocol.o
    0x11020e6c   0x11020e6c   0x00000084   Code   RO         1637    i.BUP_data_BLE_to_uart_send  bleuart_protocol.o
    0x11020ef0   0x11020ef0   0x00000068   Code   RO         1638    i.BUP_data_uart_to_BLE  bleuart_protocol.o
    0x11020f58   0x11020f58   0x000000fc   Code   RO         1639    i.BUP_data_uart_to_BLE_send  bleuart_protocol.o
    0x11021054   0x11021054   0x00000020   Code   RO         1640    i.BUP_disconnect_handler  bleuart_protocol.o
    0x11021074   0x11021074   0x0000005c   Code   RO         1641    i.BUP_init          bleuart_protocol.o
    0x110210d0   0x110210d0   0x000000b0   Code   RO         2988    i.CLI_process_line  cliface.o
    0x11021180   0x11021180   0x00000064   Code   RO         2991    i.CLI_strtoi        cliface.o
    0x110211e4   0x110211e4   0x00000128   Code   RO          657    i.GAPBondMgr_LinkEst  gapbondmgr.o
    0x1102130c   0x1102130c   0x000000b0   Code   RO          662    i.GAPBondMgr_ResolveAddr  gapbondmgr.o
    0x110213bc   0x110213bc   0x000000e8   Code   RO         1211    i.GAPRole_GetParameter  peripheral.o
    0x110214a4   0x110214a4   0x00000044   Code   RO         1212    i.GAPRole_Init      peripheral.o
    0x110214e8   0x110214e8   0x0000010c   Code   RO         1213    i.GAPRole_ProcessEvent  peripheral.o
    0x110215f4   0x110215f4   0x00000058   Code   RO         1215    i.GAPRole_SendUpdateParam  peripheral.o
    0x1102164c   0x1102164c   0x00000214   Code   RO         1216    i.GAPRole_SetParameter  peripheral.o
    0x11021860   0x11021860   0x00000038   Code   RO         1217    i.GAPRole_StartDevice  peripheral.o
    0x11021898   0x11021898   0x00000020   Code   RO         1218    i.GAPRole_TerminateConnection  peripheral.o
    0x110218b8   0x110218b8   0x00000088   Code   RO         3838    i.GAP_Bond          ble_host.lib(gap_linkmgr.o)
    0x11021940   0x11021940   0x00000042   Code   RO          634    i.GAP_DeviceInit    gap.o
    0x11021982   0x11021982   0x00000002   PAD
    0x11021984   0x11021984   0x00000054   Code   RO         3890    i.GAP_EndDiscoverable  ble_host.lib(gap_peridevmgr.o)
    0x110219d8   0x110219d8   0x00000018   Code   RO         3775    i.GAP_GetParamValue  ble_host.lib(gap_configmgr.o)
    0x110219f0   0x110219f0   0x00000018   Code   RO         3947    i.GAP_Init          ble_host.lib(gap_task.o)
    0x11021a08   0x11021a08   0x000000c0   Code   RO         3892    i.GAP_MakeDiscoverable  ble_host.lib(gap_peridevmgr.o)
    0x11021ac8   0x11021ac8   0x00000008   Code   RO         3948    i.GAP_NumActiveConnections  ble_host.lib(gap_task.o)
    0x11021ad0   0x11021ad0   0x00000038   Code   RO         3776    i.GAP_ParamsInit    ble_host.lib(gap_configmgr.o)
    0x11021b08   0x11021b08   0x00000048   Code   RO         3893    i.GAP_PeriDevMgrInit  ble_host.lib(gap_peridevmgr.o)
    0x11021b50   0x11021b50   0x000000e0   Code   RO         3949    i.GAP_ProcessEvent  ble_host.lib(gap_task.o)
    0x11021c30   0x11021c30   0x0000000c   Code   RO         3950    i.GAP_RegisterForHCIMsgs  ble_host.lib(gap_task.o)
    0x11021c3c   0x11021c3c   0x00000008   Code   RO         3822    i.GAP_ResolvePrivateAddr  ble_host.lib(gap_devmgr.o)
    0x11021c44   0x11021c44   0x00000040   Code   RO         3777    i.GAP_SecParamsInit  ble_host.lib(gap_configmgr.o)
    0x11021c84   0x11021c84   0x00000054   Code   RO         3941    i.GAP_SendSlaveSecurityRequest  ble_host.lib(gap_perilinkmgr.o)
    0x11021cd8   0x11021cd8   0x00000020   Code   RO         3778    i.GAP_SetParamValue  ble_host.lib(gap_configmgr.o)
    0x11021cf8   0x11021cf8   0x0000004c   Code   RO         3841    i.GAP_Signable      ble_host.lib(gap_linkmgr.o)
    0x11021d44   0x11021d44   0x00000080   Code   RO         3843    i.GAP_TerminateLinkReq  ble_host.lib(gap_linkmgr.o)
    0x11021dc4   0x11021dc4   0x00000074   Code   RO         3897    i.GAP_UpdateAdvertisingData  ble_host.lib(gap_peridevmgr.o)
    0x11021e38   0x11021e38   0x00000020   Code   RO          979    i.GATTServApp_AddService  gattservapp.o
    0x11021e58   0x11021e58   0x0000004c   Code   RO          985    i.GATTServApp_Init  gattservapp.o
    0x11021ea4   0x11021ea4   0x00000030   Code   RO          986    i.GATTServApp_InitCharCfg  gattservapp.o
    0x11021ed4   0x11021ed4   0x00000058   Code   RO          987    i.GATTServApp_ProcessCCCWriteReq  gattservapp.o
    0x11021f2c   0x11021f2c   0x00000038   Code   RO          989    i.GATTServApp_ProcessEvent  gattservapp.o
    0x11021f64   0x11021f64   0x00000228   Code   RO          990    i.GATTServApp_ReadAttr  gattservapp.o
    0x1102218c   0x1102218c   0x0000000e   Code   RO          991    i.GATTServApp_ReadCharCfg  gattservapp.o
    0x1102219a   0x1102219a   0x00000002   PAD
    0x1102219c   0x1102219c   0x0000005c   Code   RO          993    i.GATTServApp_RegisterService  gattservapp.o
    0x110221f8   0x110221f8   0x00000038   Code   RO          994    i.GATTServApp_SendCCCUpdatedEvent  gattservapp.o
    0x11022230   0x11022230   0x00000024   Code   RO          995    i.GATTServApp_SendServiceChangedInd  gattservapp.o
    0x11022254   0x11022254   0x00000018   Code   RO          998    i.GATTServApp_UpdateCharCfg  gattservapp.o
    0x1102226c   0x1102226c   0x00000042   Code   RO          999    i.GATTServApp_WriteAttr  gattservapp.o
    0x110222ae   0x110222ae   0x00000002   PAD
    0x110222b0   0x110222b0   0x0000002c   Code   RO         1000    i.GATTServApp_WriteCharCfg  gattservapp.o
    0x110222dc   0x110222dc   0x0000002e   Code   RO         4036    i.GATT_AppCompletedMsg  ble_host.lib(gatt_task.o)
    0x1102230a   0x1102230a   0x00000002   PAD
    0x1102230c   0x1102230c   0x0000004c   Code   RO         3969    i.GATT_FindHandle   ble_host.lib(gatt_server.o)
    0x11022358   0x11022358   0x00000064   Code   RO         3970    i.GATT_FindHandleUUID  ble_host.lib(gatt_server.o)
    0x110223bc   0x110223bc   0x00000094   Code   RO         3971    i.GATT_FindNextAttr  ble_host.lib(gatt_server.o)
    0x11022450   0x11022450   0x00000054   Code   RO         3972    i.GATT_Indication   ble_host.lib(gatt_server.o)
    0x110224a4   0x110224a4   0x0000001c   Code   RO         4037    i.GATT_Init         ble_host.lib(gatt_task.o)
    0x110224c0   0x110224c0   0x0000004c   Code   RO         3973    i.GATT_InitServer   ble_host.lib(gatt_server.o)
    0x1102250c   0x1102250c   0x0000002e   Code   RO         3974    i.GATT_Notification  ble_host.lib(gatt_server.o)
    0x1102253a   0x1102253a   0x00000002   PAD
    0x1102253c   0x1102253c   0x00000034   Code   RO         4038    i.GATT_ProcessEvent  ble_host.lib(gatt_task.o)
    0x11022570   0x11022570   0x0000000c   Code   RO         3975    i.GATT_RegisterForReq  ble_host.lib(gatt_server.o)
    0x1102257c   0x1102257c   0x000000a8   Code   RO         3976    i.GATT_RegisterService  ble_host.lib(gatt_server.o)
    0x11022624   0x11022624   0x00000050   Code   RO         3977    i.GATT_ServiceChangedInd  ble_host.lib(gatt_server.o)
    0x11022674   0x11022674   0x00000020   Code   RO         3978    i.GATT_ServiceNumAttrs  ble_host.lib(gatt_server.o)
    0x11022694   0x11022694   0x00000026   Code   RO         3980    i.GATT_VerifyReadPermissions  ble_host.lib(gatt_server.o)
    0x110226ba   0x110226ba   0x00000042   Code   RO         3981    i.GATT_VerifyWritePermissions  ble_host.lib(gatt_server.o)
    0x110226fc   0x110226fc   0x00000020   Code   RO          840    i.GGS_AddService    gapgattserver.o
    0x1102271c   0x1102271c   0x00000088   Code   RO          846    i.GGS_SetParameter  gapgattserver.o
    0x110227a4   0x110227a4   0x000000a0   Code   RO         4109    i.Host_InitContext  ble_host.lib(linkdb.o)
    0x11022844   0x11022844   0x00000042   Code   RO         4447    i.L2CAP_BuildCmdReject  ble_host.lib(l2cap_util.o)
    0x11022886   0x11022886   0x00000002   PAD
    0x11022888   0x11022888   0x00000018   Code   RO         4068    i.L2CAP_CmdReject   ble_host.lib(l2cap_if.o)
    0x110228a0   0x110228a0   0x00000018   Code   RO         4069    i.L2CAP_ConnParamUpdateReq  ble_host.lib(l2cap_if.o)
    0x110228b8   0x110228b8   0x00000008   Code   RO         4451    i.L2CAP_Fragment_bm_alloc  ble_host.lib(l2cap_util.o)
    0x110228c0   0x110228c0   0x00000018   Code   RO         4072    i.L2CAP_HostNumCompletedPkts  ble_host.lib(l2cap_if.o)
    0x110228d8   0x110228d8   0x0000004c   Code   RO         4093    i.L2CAP_Init        ble_host.lib(l2cap_task.o)
    0x11022924   0x11022924   0x00000034   Code   RO         4453    i.L2CAP_ParseParamUpdateReq  ble_host.lib(l2cap_util.o)
    0x11022958   0x11022958   0x00000034   Code   RO         4094    i.L2CAP_ProcessEvent  ble_host.lib(l2cap_task.o)
    0x1102298c   0x1102298c   0x0000003c   Code   RO         4454    i.L2CAP_ReassemblePkt_Reset  ble_host.lib(l2cap_util.o)
    0x110229c8   0x110229c8   0x0000002c   Code   RO         4074    i.L2CAP_RegisterApp  ble_host.lib(l2cap_if.o)
    0x110229f4   0x110229f4   0x00000068   Code   RO         4455    i.L2CAP_SegmentPkt_Reset  ble_host.lib(l2cap_util.o)
    0x11022a5c   0x11022a5c   0x00000034   Code   RO         4075    i.L2CAP_SendData    ble_host.lib(l2cap_if.o)
    0x11022a90   0x11022a90   0x00000018   Code   RO         4456    i.L2CAP_bm_alloc    ble_host.lib(l2cap_util.o)
    0x11022aa8   0x11022aa8   0x00000044   Code   RO         4522    i.SM_CalcRandomAddr  ble_host.lib(sm_mgr.o)
    0x11022aec   0x11022aec   0x0000009a   Code   RO         4524    i.SM_GenerateAuthenSig  ble_host.lib(sm_mgr.o)
    0x11022b86   0x11022b86   0x00000002   PAD
    0x11022b88   0x11022b88   0x00000024   Code   RO         4172    i.SM_Init           ble_host.lib(sm_task.o)
    0x11022bac   0x11022bac   0x00000048   Code   RO         4173    i.SM_ProcessEvent   ble_host.lib(sm_task.o)
    0x11022bf4   0x11022bf4   0x0000004c   Code   RO         4526    i.SM_ResolveRandomAddrs  ble_host.lib(sm_mgr.o)
    0x11022c40   0x11022c40   0x00000020   Code   RO         4142    i.SM_ResponderInit  ble_host.lib(sm_rsppairing.o)
    0x11022c60   0x11022c60   0x000000ce   Code   RO         4527    i.SM_VerifyAuthenSig  ble_host.lib(sm_mgr.o)
    0x11022d2e   0x11022d2e   0x00000002   PAD
    0x11022d30   0x11022d30   0x00000024   Code   RO          235    i.at_Init           bleuart_at_cmd.o
    0x11022d54   0x11022d54   0x00000190   Code   RO          236    i.at_addr           bleuart_at_cmd.o
    0x11022ee4   0x11022ee4   0x000000e8   Code   RO          237    i.at_aint           bleuart_at_cmd.o
    0x11022fcc   0x11022fcc   0x00000048   Code   RO          238    i.at_at             bleuart_at_cmd.o
    0x11023014   0x11023014   0x000000b8   Code   RO          239    i.at_aust           bleuart_at_cmd.o
    0x110230cc   0x110230cc   0x000000b8   Code   RO          240    i.at_avda           bleuart_at_cmd.o
    0x11023184   0x11023184   0x00000170   Code   RO          241    i.at_baud           bleuart_at_cmd.o
    0x110232f4   0x110232f4   0x0000016c   Code   RO          242    i.at_cint           bleuart_at_cmd.o
    0x11023460   0x11023460   0x00000038   Code   RO          243    i.at_clear          bleuart_at_cmd.o
    0x11023498   0x11023498   0x000000ac   Code   RO          244    i.at_cont           bleuart_at_cmd.o
    0x11023544   0x11023544   0x000000d0   Code   RO          245    i.at_ctout          bleuart_at_cmd.o
    0x11023614   0x11023614   0x000000a8   Code   RO          246    i.at_default        bleuart_at_cmd.o
    0x110236bc   0x110236bc   0x000000fc   Code   RO          247    i.at_div            bleuart_at_cmd.o
    0x110237b8   0x110237b8   0x000000a8   Code   RO          248    i.at_dma            bleuart_at_cmd.o
    0x11023860   0x11023860   0x0000000c   Code   RO          249    i.at_get_auto_slp_time  bleuart_at_cmd.o
    0x1102386c   0x1102386c   0x0000000c   Code   RO          250    i.at_get_baudrate   bleuart_at_cmd.o
    0x11023878   0x11023878   0x0000006c   Code   RO          252    i.at_get_ctx        bleuart_at_cmd.o
    0x110238e4   0x110238e4   0x0000006c   Code   RO          253    i.at_get_ctx_def    bleuart_at_cmd.o
    0x11023950   0x11023950   0x0000000c   Code   RO          254    i.at_get_dma_flag   bleuart_at_cmd.o
    0x1102395c   0x1102395c   0x0000000c   Code   RO          255    i.at_get_led_mode   bleuart_at_cmd.o
    0x11023968   0x11023968   0x0000000c   Code   RO          256    i.at_get_pw_mode    bleuart_at_cmd.o
    0x11023974   0x11023974   0x0000000c   Code   RO          257    i.at_get_rxpath_flag  bleuart_at_cmd.o
    0x11023980   0x11023980   0x00000018   Code   RO          258    i.at_initialize_fs  bleuart_at_cmd.o
    0x11023998   0x11023998   0x000000c4   Code   RO          259    i.at_led            bleuart_at_cmd.o
    0x11023a5c   0x11023a5c   0x000000ec   Code   RO          260    i.at_luuid          bleuart_at_cmd.o
    0x11023b48   0x11023b48   0x000000dc   Code   RO          261    i.at_mode           bleuart_at_cmd.o
    0x11023c24   0x11023c24   0x000000bc   Code   RO          262    i.at_name           bleuart_at_cmd.o
    0x11023ce0   0x11023ce0   0x00000094   Code   RO          263    i.at_pcnt           bleuart_at_cmd.o
    0x11023d74   0x11023d74   0x00000044   Code   RO          264    i.at_reset          bleuart_at_cmd.o
    0x11023db8   0x11023db8   0x000000fc   Code   RO          265    i.at_rfpw           bleuart_at_cmd.o
    0x11023eb4   0x11023eb4   0x000000a8   Code   RO          266    i.at_role           bleuart_at_cmd.o
    0x11023f5c   0x11023f5c   0x000000f8   Code   RO          267    i.at_rx             bleuart_at_cmd.o
    0x11024054   0x11024054   0x000000a0   Code   RO          268    i.at_rxpath         bleuart_at_cmd.o
    0x110240f4   0x110240f4   0x00000240   Code   RO          269    i.at_snv_read_flash  bleuart_at_cmd.o
    0x11024334   0x11024334   0x0000017c   Code   RO          270    i.at_snv_write_flash  bleuart_at_cmd.o
    0x110244b0   0x110244b0   0x00000014   Code   RO          271    i.at_snv_write_flash_all  bleuart_at_cmd.o
    0x110244c4   0x110244c4   0x000000e4   Code   RO          272    i.at_suuid          bleuart_at_cmd.o
    0x110245a8   0x110245a8   0x000000e4   Code   RO          273    i.at_tuuid          bleuart_at_cmd.o
    0x1102468c   0x1102468c   0x00000050   Code   RO          274    i.at_uart_init      bleuart_at_cmd.o
    0x110246dc   0x110246dc   0x00000030   Code   RO          275    i.at_update_bd_addr  bleuart_at_cmd.o
    0x1102470c   0x1102470c   0x00000080   Code   RO          276    i.at_version        bleuart_at_cmd.o
    0x1102478c   0x1102478c   0x00000094   Code   RO         3709    i.attSendMsg        ble_host.lib(att_util.o)
    0x11024820   0x11024820   0x00000034   Code   RO         1642    i.bleuart_notify_data  bleuart_protocol.o
    0x11024854   0x11024854   0x0000001a   Code   RO         3844    i.disconnectNext    ble_host.lib(gap_linkmgr.o)
    0x1102486e   0x1102486e   0x00000032   Code   RO         3779    i.gapAddAddrAdj     ble_host.lib(gap_configmgr.o)
    0x110248a0   0x110248a0   0x00000054   Code   RO         3899    i.gapAllocAdvRecs   ble_host.lib(gap_peridevmgr.o)
    0x110248f4   0x110248f4   0x00000030   Code   RO          672    i.gapBondMgrFindAddr  gapbondmgr.o
    0x11024924   0x11024924   0x00000034   Code   RO          674    i.gapBondMgrGetPublicAddr  gapbondmgr.o
    0x11024958   0x11024958   0x0000001c   Code   RO          675    i.gapBondMgrInvertCharCfgItem  gapbondmgr.o
    0x11024974   0x11024974   0x00000040   Code   RO          678    i.gapBondMgrSlaveSecurityReq  gapbondmgr.o
    0x110249b4   0x110249b4   0x0000001e   Code   RO         3780    i.gapDetermineAddrType  ble_host.lib(gap_configmgr.o)
    0x110249d2   0x110249d2   0x00000048   Code   RO         3823    i.gapFindADType     ble_host.lib(gap_devmgr.o)
    0x11024a1a   0x11024a1a   0x00000002   PAD
    0x11024a1c   0x11024a1c   0x00000018   Code   RO         3904    i.gapFreeAdvertState  ble_host.lib(gap_peridevmgr.o)
    0x11024a34   0x11024a34   0x00000048   Code   RO         3845    i.gapFreeAuthLink   ble_host.lib(gap_linkmgr.o)
    0x11024a7c   0x11024a7c   0x00000018   Code   RO         3846    i.gapFreeEstLink    ble_host.lib(gap_linkmgr.o)
    0x11024a94   0x11024a94   0x0000001c   Code   RO         3782    i.gapGetDevAddress  ble_host.lib(gap_configmgr.o)
    0x11024ab0   0x11024ab0   0x0000000c   Code   RO         3783    i.gapGetDevAddressMode  ble_host.lib(gap_configmgr.o)
    0x11024abc   0x11024abc   0x0000000c   Code   RO         3784    i.gapGetIRK         ble_host.lib(gap_configmgr.o)
    0x11024ac8   0x11024ac8   0x0000000c   Code   RO         3785    i.gapGetSRK         ble_host.lib(gap_configmgr.o)
    0x11024ad4   0x11024ad4   0x0000000c   Code   RO         3786    i.gapGetSignCounter  ble_host.lib(gap_configmgr.o)
    0x11024ae0   0x11024ae0   0x00000028   Code   RO         3787    i.gapIncSignCounter  ble_host.lib(gap_configmgr.o)
    0x11024b08   0x11024b08   0x00000010   Code   RO         3824    i.gapIsAdvertising  ble_host.lib(gap_devmgr.o)
    0x11024b18   0x11024b18   0x00000140   Code   RO         3847    i.gapPairingCompleteCB  ble_host.lib(gap_linkmgr.o)
    0x11024c58   0x11024c58   0x00000064   Code   RO         3848    i.gapPasskeyNeededCB  ble_host.lib(gap_linkmgr.o)
    0x11024cbc   0x11024cbc   0x00000090   Code   RO         3905    i.gapPeriProcessHCICmdCompleteEvt  ble_host.lib(gap_peridevmgr.o)
    0x11024d4c   0x11024d4c   0x00000080   Code   RO         3906    i.gapProcessAdvertisingEvt  ble_host.lib(gap_peridevmgr.o)
    0x11024dcc   0x11024dcc   0x00000014   Code   RO         3849    i.gapProcessConnUpdateCompleteEvt  ble_host.lib(gap_linkmgr.o)
    0x11024de0   0x11024de0   0x000000e0   Code   RO         3850    i.gapProcessConnectionCompleteEvt  ble_host.lib(gap_linkmgr.o)
    0x11024ec0   0x11024ec0   0x0000006c   Code   RO         3851    i.gapProcessDisconnectCompleteEvt  ble_host.lib(gap_linkmgr.o)
    0x11024f2c   0x11024f2c   0x000000c0   Code   RO         3951    i.gapProcessHCICmdCompleteEvt  ble_host.lib(gap_task.o)
    0x11024fec   0x11024fec   0x0000002c   Code   RO         3788    i.gapProcessNewAddr  ble_host.lib(gap_configmgr.o)
    0x11025018   0x11025018   0x000000d4   Code   RO         3952    i.gapProcessOSALMsg  ble_host.lib(gap_task.o)
    0x110250ec   0x110250ec   0x0000006c   Code   RO         3789    i.gapProcessRandomAddrComplete  ble_host.lib(gap_configmgr.o)
    0x11025158   0x11025158   0x00000044   Code   RO         3790    i.gapReadBD_ADDRStatus  ble_host.lib(gap_configmgr.o)
    0x1102519c   0x1102519c   0x0000003c   Code   RO         3791    i.gapReadBufSizeCmdStatus  ble_host.lib(gap_configmgr.o)
    0x110251d8   0x110251d8   0x0000000c   Code   RO         3954    i.gapRegisterPeripheral  ble_host.lib(gap_task.o)
    0x110251e4   0x110251e4   0x00000220   Code   RO         1219    i.gapRole_ProcessGAPMsg  peripheral.o
    0x11025404   0x11025404   0x000000ac   Code   RO         1220    i.gapRole_ProcessOSALMsg  peripheral.o
    0x110254b0   0x110254b0   0x00000058   Code   RO         1221    i.gapRole_startConnUpdate  peripheral.o
    0x11025508   0x11025508   0x00000044   Code   RO         3854    i.gapSendBondCompleteEvent  ble_host.lib(gap_linkmgr.o)
    0x1102554c   0x1102554c   0x00000048   Code   RO         3792    i.gapSendDeviceInitDoneEvent  ble_host.lib(gap_configmgr.o)
    0x11025594   0x11025594   0x00000048   Code   RO         3855    i.gapSendLinkUpdateEvent  ble_host.lib(gap_linkmgr.o)
    0x110255dc   0x110255dc   0x0000003c   Code   RO         3907    i.gapSendMakeDiscEvent  ble_host.lib(gap_peridevmgr.o)
    0x11025618   0x11025618   0x0000005c   Code   RO         3856    i.gapSendPairingReqEvent  ble_host.lib(gap_linkmgr.o)
    0x11025674   0x11025674   0x00000088   Code   RO         3908    i.gapSetAdvParams   ble_host.lib(gap_peridevmgr.o)
    0x110256fc   0x110256fc   0x0000002c   Code   RO         3909    i.gapSetAdvParamsStatus  ble_host.lib(gap_peridevmgr.o)
    0x11025728   0x11025728   0x00000052   Code   RO         3794    i.gapUpdateConnSignCounter  ble_host.lib(gap_configmgr.o)
    0x1102577a   0x1102577a   0x00000012   Code   RO         3826    i.gapValidADType    ble_host.lib(gap_devmgr.o)
    0x1102578c   0x1102578c   0x00000030   Code   RO         3910    i.gapWriteAdvDataStatus  ble_host.lib(gap_peridevmgr.o)
    0x110257bc   0x110257bc   0x000000b8   Code   RO         3911    i.gapWriteAdvEnableStatus  ble_host.lib(gap_peridevmgr.o)
    0x11025874   0x11025874   0x0000002c   Code   RO         3982    i.gattFindServerInfo  ble_host.lib(gatt_server.o)
    0x110258a0   0x110258a0   0x0000002c   Code   RO         3983    i.gattGetServerStatus  ble_host.lib(gatt_server.o)
    0x110258cc   0x110258cc   0x00000052   Code   RO         4040    i.gattNotifyEvent   ble_host.lib(gatt_task.o)
    0x1102591e   0x1102591e   0x00000002   PAD
    0x11025920   0x11025920   0x0000001c   Code   RO         3984    i.gattProcessExchangeMTUReq  ble_host.lib(gatt_server.o)
    0x1102593c   0x1102593c   0x00000004   Code   RO         3985    i.gattProcessExecuteWriteReq  ble_host.lib(gatt_server.o)
    0x11025940   0x11025940   0x0000002c   Code   RO         3986    i.gattProcessFindByTypeValueReq  ble_host.lib(gatt_server.o)
    0x1102596c   0x1102596c   0x000000e8   Code   RO         3987    i.gattProcessFindInfoReq  ble_host.lib(gatt_server.o)
    0x11025a54   0x11025a54   0x00000048   Code   RO         3988    i.gattProcessReadByGrpTypeReq  ble_host.lib(gatt_server.o)
    0x11025a9c   0x11025a9c   0x0000002c   Code   RO         3989    i.gattProcessReadByTypeReq  ble_host.lib(gatt_server.o)
    0x11025ac8   0x11025ac8   0x00000048   Code   RO         3990    i.gattProcessReadMultiReq  ble_host.lib(gatt_server.o)
    0x11025b10   0x11025b10   0x0000001e   Code   RO         3991    i.gattProcessReadReq  ble_host.lib(gatt_server.o)
    0x11025b2e   0x11025b2e   0x00000002   PAD
    0x11025b30   0x11025b30   0x00000094   Code   RO         4041    i.gattProcessRxData  ble_host.lib(gatt_task.o)
    0x11025bc4   0x11025bc4   0x00000022   Code   RO         3992    i.gattProcessWriteReq  ble_host.lib(gatt_server.o)
    0x11025be6   0x11025be6   0x00000002   PAD
    0x11025be8   0x11025be8   0x0000000c   Code   RO         4043    i.gattRegisterServer  ble_host.lib(gatt_task.o)
    0x11025bf4   0x11025bf4   0x00000010   Code   RO         3993    i.gattResetServerInfo  ble_host.lib(gatt_server.o)
    0x11025c04   0x11025c04   0x0000000e   Code   RO         1001    i.gattServApp_FindAuthorizeAttrCB  gattservapp.o
    0x11025c12   0x11025c12   0x0000001c   Code   RO         1002    i.gattServApp_FindCharCfgItem  gattservapp.o
    0x11025c2e   0x11025c2e   0x00000002   PAD
    0x11025c30   0x11025c30   0x00000024   Code   RO         1003    i.gattServApp_FindPrepareWriteQ  gattservapp.o
    0x11025c54   0x11025c54   0x00000020   Code   RO         1004    i.gattServApp_FindServiceCBs  gattservapp.o
    0x11025c74   0x11025c74   0x0000005c   Code   RO         1005    i.gattServApp_HandleConnStatusCB  gattservapp.o
    0x11025cd0   0x11025cd0   0x00000088   Code   RO         1006    i.gattServApp_ProcessExecuteWriteReq  gattservapp.o
    0x11025d58   0x11025d58   0x000000f4   Code   RO         1007    i.gattServApp_ProcessFindByTypeValueReq  gattservapp.o
    0x11025e4c   0x11025e4c   0x0000016c   Code   RO         1008    i.gattServApp_ProcessMsg  gattservapp.o
    0x11025fb8   0x11025fb8   0x000000a4   Code   RO         1009    i.gattServApp_ProcessPrepareWriteReq  gattservapp.o
    0x1102605c   0x1102605c   0x00000144   Code   RO         1010    i.gattServApp_ProcessReadByGrpTypeReq  gattservapp.o
    0x110261a0   0x110261a0   0x0000012c   Code   RO         1011    i.gattServApp_ProcessReadByTypeReq  gattservapp.o
    0x110262cc   0x110262cc   0x000000e4   Code   RO         1012    i.gattServApp_ProcessReadMultiReq  gattservapp.o
    0x110263b0   0x110263b0   0x0000007a   Code   RO         1013    i.gattServApp_ProcessWriteReq  gattservapp.o
    0x1102642a   0x1102642a   0x00000002   PAD
    0x1102642c   0x1102642c   0x00000078   Code   RO         1015    i.gattServApp_SetNumPrepareWrites  gattservapp.o
    0x110264a4   0x110264a4   0x00000034   Code   RO         1016    i.gattServApp_WriteAttrCB  gattservapp.o
    0x110264d8   0x110264d8   0x00000080   Code   RO         3994    i.gattServerHandleConnStatusCB  ble_host.lib(gatt_server.o)
    0x11026558   0x11026558   0x0000002a   Code   RO         3995    i.gattServerHandleTimerCB  ble_host.lib(gatt_server.o)
    0x11026582   0x11026582   0x00000002   PAD
    0x11026584   0x11026584   0x000000d0   Code   RO         3996    i.gattServerProcessMsgCB  ble_host.lib(gatt_server.o)
    0x11026654   0x11026654   0x00000018   Code   RO         3998    i.gattServiceLastHandle  ble_host.lib(gatt_server.o)
    0x1102666c   0x1102666c   0x0000000e   Code   RO         4044    i.gattStartTimer    ble_host.lib(gatt_task.o)
    0x1102667a   0x1102667a   0x0000001a   Code   RO         4045    i.gattStopTimer     ble_host.lib(gatt_task.o)
    0x11026694   0x11026694   0x00000098   Code   RO         4528    i.generate_subkey   ble_host.lib(sm_mgr.o)
    0x1102672c   0x1102672c   0x0000000c   Code   RO         1643    i.get_uart_idx      bleuart_protocol.o
    0x11026738   0x11026738   0x000000c2   Code   RO          847    i.ggs_ReadAttrCB    gapgattserver.o
    0x110267fa   0x110267fa   0x00000058   Code   RO          848    i.ggs_SetAttrWPermit  gapgattserver.o
    0x11026852   0x11026852   0x00000002   PAD
    0x11026854   0x11026854   0x000000e4   Code   RO          849    i.ggs_WriteAttrCB   gapgattserver.o
    0x11026938   0x11026938   0x0000002c   Code   RO         3912    i.isLimitedDiscoverableMode  ble_host.lib(gap_peridevmgr.o)
    0x11026964   0x11026964   0x00000038   Code   RO         4457    i.l2capAllocChannel  ble_host.lib(l2cap_util.o)
    0x1102699c   0x1102699c   0x0000002c   Code   RO         4461    i.l2capBuildParamUpdateReq  ble_host.lib(l2cap_util.o)
    0x110269c8   0x110269c8   0x000000b8   Code   RO         4462    i.l2capEncapSendData  ble_host.lib(l2cap_util.o)
    0x11026a80   0x11026a80   0x00000030   Code   RO         4463    i.l2capFindLocalId  ble_host.lib(l2cap_util.o)
    0x11026ab0   0x11026ab0   0x00000008   Code   RO         4464    i.l2capFreeChannel  ble_host.lib(l2cap_util.o)
    0x11026ab8   0x11026ab8   0x00000002   Code   RO         4465    i.l2capHandleRxError  ble_host.lib(l2cap_util.o)
    0x11026aba   0x11026aba   0x00000028   Code   RO         4466    i.l2capHandleTimerCB  ble_host.lib(l2cap_util.o)
    0x11026ae2   0x11026ae2   0x00000046   Code   RO         4467    i.l2capNotifyData   ble_host.lib(l2cap_util.o)
    0x11026b28   0x11026b28   0x0000004e   Code   RO         4468    i.l2capNotifySignal  ble_host.lib(l2cap_util.o)
    0x11026b76   0x11026b76   0x00000042   Code   RO         4469    i.l2capParseCmdReject  ble_host.lib(l2cap_util.o)
    0x11026bb8   0x11026bb8   0x000001a4   Code   RO         4472    i.l2capParsePacket  ble_host.lib(l2cap_util.o)
    0x11026d5c   0x11026d5c   0x00000016   Code   RO         4473    i.l2capParseParamUpdateRsp  ble_host.lib(l2cap_util.o)
    0x11026d72   0x11026d72   0x00000014   Code   RO         4474    i.l2capParseSignalHdr  ble_host.lib(l2cap_util.o)
    0x11026d86   0x11026d86   0x00000002   PAD
    0x11026d88   0x11026d88   0x00000104   Code   RO         4475    i.l2capPktToSegmentBuff  ble_host.lib(l2cap_util.o)
    0x11026e8c   0x11026e8c   0x00000068   Code   RO         4095    i.l2capProcessRsp   ble_host.lib(l2cap_task.o)
    0x11026ef4   0x11026ef4   0x00000094   Code   RO         4096    i.l2capProcessRxData  ble_host.lib(l2cap_task.o)
    0x11026f88   0x11026f88   0x000000a8   Code   RO         4097    i.l2capProcessSignal  ble_host.lib(l2cap_task.o)
    0x11027030   0x11027030   0x00000094   Code   RO         4476    i.l2capSarBufReset  ble_host.lib(l2cap_util.o)
    0x110270c4   0x110270c4   0x00000060   Code   RO         4477    i.l2capSendCmd      ble_host.lib(l2cap_util.o)
    0x11027124   0x11027124   0x0000007c   Code   RO         4478    i.l2capSendReq      ble_host.lib(l2cap_util.o)
    0x110271a0   0x110271a0   0x00000010   Code   RO         4479    i.l2capStopTimer    ble_host.lib(l2cap_util.o)
    0x110271b0   0x110271b0   0x00000024   Code   RO         2660    i.led_initial       led.o
    0x110271d4   0x110271d4   0x00000060   Code   RO         2661    i.led_set_status    led.o
    0x11027234   0x11027234   0x0000001c   Code   RO         4529    i.leftshift_onebit  ble_host.lib(sm_mgr.o)
    0x11027250   0x11027250   0x00000058   Code   RO         4110    i.linkDB_Add        ble_host.lib(linkdb.o)
    0x110272a8   0x110272a8   0x0000004c   Code   RO         4111    i.linkDB_Authen     ble_host.lib(linkdb.o)
    0x110272f4   0x110272f4   0x00000030   Code   RO         4112    i.linkDB_Find       ble_host.lib(linkdb.o)
    0x11027324   0x11027324   0x0000003c   Code   RO         4113    i.linkDB_FindFirst  ble_host.lib(linkdb.o)
    0x11027360   0x11027360   0x0000004c   Code   RO         4114    i.linkDB_Init       ble_host.lib(linkdb.o)
    0x110273ac   0x110273ac   0x0000002c   Code   RO         4116    i.linkDB_NumActive  ble_host.lib(linkdb.o)
    0x110273d8   0x110273d8   0x0000002c   Code   RO         4118    i.linkDB_Register   ble_host.lib(linkdb.o)
    0x11027404   0x11027404   0x00000036   Code   RO         4119    i.linkDB_Remove     ble_host.lib(linkdb.o)
    0x1102743a   0x1102743a   0x00000002   PAD
    0x1102743c   0x1102743c   0x00000024   Code   RO         4120    i.linkDB_State      ble_host.lib(linkdb.o)
    0x11027460   0x11027460   0x0000006c   Code   RO         1593    i.osalInitTasks     osal_bleuart.o
    0x110274cc   0x110274cc   0x00000024   Code   RO         2953    i.osal_snv_read     osal_snv.o
    0x110274f0   0x110274f0   0x00000046   Code   RO         2954    i.osal_snv_write    osal_snv.o
    0x11027536   0x11027536   0x00000002   PAD
    0x11027538   0x11027538   0x0000002c   Code   RO         4122    i.reportStatusChange  ble_host.lib(linkdb.o)
    0x11027564   0x11027564   0x000000f0   Code   RO         3858    i.sendAuthEvent     ble_host.lib(gap_linkmgr.o)
    0x11027654   0x11027654   0x0000005a   Code   RO         3859    i.sendEstLinkEvent  ble_host.lib(gap_linkmgr.o)
    0x110276ae   0x110276ae   0x0000002a   Code   RO         3860    i.sendTerminateEvent  ble_host.lib(gap_linkmgr.o)
    0x110276d8   0x110276d8   0x00000002   Code   RO         2662    i.set_led           led.o
    0x110276da   0x110276da   0x00000018   Code   RO         4530    i.smAuthReqToUint8  ble_host.lib(sm_mgr.o)
    0x110276f2   0x110276f2   0x00000002   PAD
    0x110276f4   0x110276f4   0x0000002c   Code   RO         4581    i.smDetermineKeySize  ble_host.lib(sm_pairing.o)
    0x11027720   0x11027720   0x00000010   Code   RO         4531    i.smEncrypt         ble_host.lib(sm_mgr.o)
    0x11027730   0x11027730   0x00000008   Code   RO         4532    i.smEncryptLocal    ble_host.lib(sm_mgr.o)
    0x11027738   0x11027738   0x00000038   Code   RO         4582    i.smEndPairing      ble_host.lib(sm_pairing.o)
    0x11027770   0x11027770   0x0000006c   Code   RO         4583    i.smFreePairingParams  ble_host.lib(sm_pairing.o)
    0x110277dc   0x110277dc   0x00000030   Code   RO         4584    i.smGenerateConfirm  ble_host.lib(sm_pairing.o)
    0x1102780c   0x1102780c   0x00000044   Code   RO         4585    i.smGeneratePairingReqRsp  ble_host.lib(sm_pairing.o)
    0x11027850   0x11027850   0x00000026   Code   RO         4533    i.smGenerateRandBuf  ble_host.lib(sm_mgr.o)
    0x11027876   0x11027876   0x00000002   PAD
    0x11027878   0x11027878   0x00000030   Code   RO         4586    i.smGenerateRandMsg  ble_host.lib(sm_pairing.o)
    0x110278a8   0x110278a8   0x00000024   Code   RO         4587    i.smLinkCheck       ble_host.lib(sm_pairing.o)
    0x110278cc   0x110278cc   0x00000044   Code   RO         4588    i.smNextPairingState  ble_host.lib(sm_pairing.o)
    0x11027910   0x11027910   0x00000014   Code   RO         4589    i.smPairingSendEncInfo  ble_host.lib(sm_pairing.o)
    0x11027924   0x11027924   0x00000028   Code   RO         4590    i.smPairingSendIdentityAddrInfo  ble_host.lib(sm_pairing.o)
    0x1102794c   0x1102794c   0x00000014   Code   RO         4591    i.smPairingSendIdentityInfo  ble_host.lib(sm_pairing.o)
    0x11027960   0x11027960   0x0000002c   Code   RO         4592    i.smPairingSendMasterID  ble_host.lib(sm_pairing.o)
    0x1102798c   0x1102798c   0x00000014   Code   RO         4593    i.smPairingSendSingingInfo  ble_host.lib(sm_pairing.o)
    0x110279a0   0x110279a0   0x0000009c   Code   RO         4594    i.smProcessDataMsg  ble_host.lib(sm_pairing.o)
    0x11027a3c   0x11027a3c   0x000000b8   Code   RO         4595    i.smProcessEncryptChange  ble_host.lib(sm_pairing.o)
    0x11027af4   0x11027af4   0x00000094   Code   RO         4174    i.smProcessOSALMsg  ble_host.lib(sm_task.o)
    0x11027b88   0x11027b88   0x0000007c   Code   RO         4535    i.smProcessRandComplete  ble_host.lib(sm_mgr.o)
    0x11027c04   0x11027c04   0x0000000c   Code   RO         4599    i.smRegisterResponder  ble_host.lib(sm_pairing.o)
    0x11027c10   0x11027c10   0x000000ec   Code   RO         4143    i.smResponderProcessLTKReq  ble_host.lib(sm_rsppairing.o)
    0x11027cfc   0x11027cfc   0x000001cc   Code   RO         4144    i.smResponderSendNextKeyInfo  ble_host.lib(sm_rsppairing.o)
    0x11027ec8   0x11027ec8   0x00000178   Code   RO         4600    i.smSavePairInfo    ble_host.lib(sm_pairing.o)
    0x11028040   0x11028040   0x00000024   Code   RO         4601    i.smSendFailAndEnd  ble_host.lib(sm_pairing.o)
    0x11028064   0x11028064   0x00000046   Code   RO         4641    i.smSendSMMsg       ble_host.lib(smp.o)
    0x110280aa   0x110280aa   0x00000002   PAD
    0x110280ac   0x110280ac   0x00000040   Code   RO         4602    i.smSetPairingReqRsp  ble_host.lib(sm_pairing.o)
    0x110280ec   0x110280ec   0x00000020   Code   RO         4603    i.smStartEncryption  ble_host.lib(sm_pairing.o)
    0x1102810c   0x1102810c   0x00000050   Code   RO         4536    i.smStartRspTimer   ble_host.lib(sm_mgr.o)
    0x1102815c   0x1102815c   0x0000000a   Code   RO         4175    i.smState_timerCB   ble_host.lib(sm_task.o)
    0x11028166   0x11028166   0x00000002   PAD
    0x11028168   0x11028168   0x00000024   Code   RO         4537    i.smStopRspTimer    ble_host.lib(sm_mgr.o)
    0x1102818c   0x1102818c   0x0000000a   Code   RO         4604    i.smTimedOut        ble_host.lib(sm_pairing.o)
    0x11028196   0x11028196   0x0000000a   Code   RO         4176    i.smTo_timerCB      ble_host.lib(sm_task.o)
    0x110281a0   0x110281a0   0x0000002c   Code   RO         4538    i.smUint8ToAuthReq  ble_host.lib(sm_mgr.o)
    0x110281cc   0x110281cc   0x00000154   Code   RO         4539    i.sm_CMAC           ble_host.lib(sm_mgr.o)
    0x11028320   0x11028320   0x00000044   Code   RO         4540    i.sm_ah             ble_host.lib(sm_mgr.o)
    0x11028364   0x11028364   0x0000009c   Code   RO         4605    i.sm_c1             ble_host.lib(sm_pairing.o)
    0x11028400   0x11028400   0x000000c2   Code   RO         4541    i.sm_c1new          ble_host.lib(sm_mgr.o)
    0x110284c2   0x110284c2   0x00000040   Code   RO         4544    i.sm_s1             ble_host.lib(sm_mgr.o)
    0x11028502   0x11028502   0x0000001a   Code   RO         4545    i.sm_xor            ble_host.lib(sm_mgr.o)
    0x1102851c   0x1102851c   0x00000022   Code   RO         4642    i.smpBuildEncInfo   ble_host.lib(smp.o)
    0x1102853e   0x1102853e   0x00000026   Code   RO         4643    i.smpBuildIdentityAddrInfo  ble_host.lib(smp.o)
    0x11028564   0x11028564   0x00000022   Code   RO         4644    i.smpBuildIdentityInfo  ble_host.lib(smp.o)
    0x11028586   0x11028586   0x0000002e   Code   RO         4645    i.smpBuildMasterID  ble_host.lib(smp.o)
    0x110285b4   0x110285b4   0x00000022   Code   RO         4646    i.smpBuildPairingConfirm  ble_host.lib(smp.o)
    0x110285d6   0x110285d6   0x00000018   Code   RO         4647    i.smpBuildPairingFailed  ble_host.lib(smp.o)
    0x110285ee   0x110285ee   0x00000022   Code   RO         4648    i.smpBuildPairingRandom  ble_host.lib(smp.o)
    0x11028610   0x11028610   0x0000000e   Code   RO         4649    i.smpBuildPairingReq  ble_host.lib(smp.o)
    0x1102861e   0x1102861e   0x00000084   Code   RO         4650    i.smpBuildPairingReqRsp  ble_host.lib(smp.o)
    0x110286a2   0x110286a2   0x0000000e   Code   RO         4651    i.smpBuildPairingRsp  ble_host.lib(smp.o)
    0x110286b0   0x110286b0   0x0000001e   Code   RO         4652    i.smpBuildSecurityReq  ble_host.lib(smp.o)
    0x110286ce   0x110286ce   0x00000022   Code   RO         4653    i.smpBuildSigningInfo  ble_host.lib(smp.o)
    0x110286f0   0x110286f0   0x0000001e   Code   RO         4654    i.smpParseEncInfo   ble_host.lib(smp.o)
    0x1102870e   0x1102870e   0x00000022   Code   RO         4655    i.smpParseIdentityAddrInfo  ble_host.lib(smp.o)
    0x11028730   0x11028730   0x0000001e   Code   RO         4656    i.smpParseIdentityInfo  ble_host.lib(smp.o)
    0x1102874e   0x1102874e   0x00000028   Code   RO         4657    i.smpParseMasterID  ble_host.lib(smp.o)
    0x11028776   0x11028776   0x0000001e   Code   RO         4658    i.smpParsePairingConfirm  ble_host.lib(smp.o)
    0x11028794   0x11028794   0x00000020   Code   RO         4659    i.smpParsePairingFailed  ble_host.lib(smp.o)
    0x110287b4   0x110287b4   0x0000001e   Code   RO         4660    i.smpParsePairingRandom  ble_host.lib(smp.o)
    0x110287d2   0x110287d2   0x00000002   PAD
    0x110287d4   0x110287d4   0x000000d4   Code   RO         4661    i.smpParsePairingReq  ble_host.lib(smp.o)
    0x110288a8   0x110288a8   0x0000001c   Code   RO         4662    i.smpParseSecurityReq  ble_host.lib(smp.o)
    0x110288c4   0x110288c4   0x0000001e   Code   RO         4663    i.smpParseSigningInfo  ble_host.lib(smp.o)
    0x110288e2   0x110288e2   0x00000002   PAD
    0x110288e4   0x110288e4   0x00000050   Code   RO         4606    i.smpProcessIncoming  ble_host.lib(sm_pairing.o)
    0x11028934   0x11028934   0x00000058   Code   RO         4145    i.smpResponderProcessEncryptionInformation  ble_host.lib(sm_rsppairing.o)
    0x1102898c   0x1102898c   0x0000004c   Code   RO         4146    i.smpResponderProcessIdentityAddrInfo  ble_host.lib(sm_rsppairing.o)
    0x110289d8   0x110289d8   0x0000004c   Code   RO         4147    i.smpResponderProcessIdentityInfo  ble_host.lib(sm_rsppairing.o)
    0x11028a24   0x11028a24   0x000000b8   Code   RO         4148    i.smpResponderProcessIncoming  ble_host.lib(sm_rsppairing.o)
    0x11028adc   0x11028adc   0x00000068   Code   RO         4149    i.smpResponderProcessMasterID  ble_host.lib(sm_rsppairing.o)
    0x11028b44   0x11028b44   0x00000050   Code   RO         4150    i.smpResponderProcessPairingConfirm  ble_host.lib(sm_rsppairing.o)
    0x11028b94   0x11028b94   0x00000060   Code   RO         4151    i.smpResponderProcessPairingRandom  ble_host.lib(sm_rsppairing.o)
    0x11028bf4   0x11028bf4   0x000000c4   Code   RO         4152    i.smpResponderProcessPairingReq  ble_host.lib(sm_rsppairing.o)
    0x11028cb8   0x11028cb8   0x0000005c   Code   RO         4153    i.smpResponderProcessSigningInfo  ble_host.lib(sm_rsppairing.o)
    0x11028d14   0x11028d14   0x0000001c   Code   RO         1645    i.uartrx_idle_timer_start  bleuart_protocol.o
    0x11028d30   0x11028d30   0x00000014   Code   RO         1646    i.uartrx_idle_timer_stop  bleuart_protocol.o
    0x11028d44   0x11028d44   0x00000016   Code   RO         4546    i.xor_128           ble_host.lib(sm_mgr.o)
    0x11028d5a   0x11028d5a   0x00000002   PAD
    0x11028d5c   0x11028d5c   0x00000138   Data   RO          278    .constdata          bleuart_at_cmd.o
    0x11028e94   0x11028e94   0x00000010   Data   RO          279    .constdata          bleuart_at_cmd.o
    0x11028ea4   0x11028ea4   0x00000008   Data   RO          851    .constdata          gapgattserver.o
    0x11028eac   0x11028eac   0x0000000c   Data   RO          852    .constdata          gapgattserver.o
    0x11028eb8   0x11028eb8   0x00000008   Data   RO         1018    .constdata          gattservapp.o
    0x11028ec0   0x11028ec0   0x0000000c   Data   RO         1019    .constdata          gattservapp.o
    0x11028ecc   0x11028ecc   0x00000010   Data   RO         1648    .constdata          bleuart_protocol.o
    0x11028edc   0x11028edc   0x00000010   Data   RO         3710    .constdata          ble_host.lib(att_util.o)
    0x11028eec   0x11028eec   0x00000060   Data   RO         3999    .constdata          ble_host.lib(gatt_server.o)
    0x11028f4c   0x11028f4c   0x0000002a   Data   RO         4062    .constdata          ble_host.lib(gatt_uuid.o)
    0x11028f76   0x11028f76   0x00000010   Data   RO         4548    .constdata          ble_host.lib(sm_mgr.o)
    0x11028f86   0x11028f86   0x00000019   Data   RO         4607    .constdata          ble_host.lib(sm_pairing.o)
    0x11028f9f   0x11028f9f   0x00000001   PAD
    0x11028fa0   0x11028fa0   0x0000037e   Data   RO          280    .conststring        bleuart_at_cmd.o


==============================================================================

Image component sizes


      Code (inc. data)   RO Data    RW Data    ZI Data      Debug   Object Name

      2748        268         36         25         40      25059   adc.o
       448        118          0          6        768       3770   adc_compare_demo.o
      1700        200          0         37         49      23924   bleuart.o
      6844       1364       1222         72        120      44381   bleuart_at_cmd.o
      1022        236          0         28       1048      11791   bleuart_at_dma.o
        20          0          0          0          0        495   bleuart_main.o
      1396        140         16         10        448      11094   bleuart_protocol.o
       480         66         12        125          0       7605   bleuart_service.o
       276          6          0          0          0       2796   cliface.o
       506         54          0          0          0       4924   clock.o
       364         32        156        329          0       7706   devinfoservice.o
      1128        164          0          0         36       8628   dma.o
      1024         96          0         15          0      18848   flash.o
      2316        134          0          8        276      18402   fs.o
        66         16          0          0          0       1305   gap.o
       664         20          0         40        166      12904   gapbondmgr.o
       678         44         20        131         22       6064   gapgattserver.o
      3440        186         20         97        744      29871   gattservapp.o
      1628        170        138          0        304      25016   gpio.o
       628        380       1024       1028          0       3650   jump_table.o
       134         16          0          2          0       2163   led.o
       488         76         50         20       6560     120507   main.o
      1102         34         93          8          0       8367   my_printf.o
       108          6         41          4          0       2132   osal_bleuart.o
       106          0          0          0          0       1529   osal_snv.o
      2080        218          0         97         63      11856   peripheral.o
      1048        110          0         21        132      11726   pwrmgr.o
        28          8        192          0       1024        656   startup_armcm0.o
        16          8          0          4          0        747   system_armcm0.o
      1488        144         12          2         64      19715   uart.o

    ----------------------------------------------------------------------
     37522       5490       3124       2136      11864     447631   Object Totals
      3528       1176         80          0          0          0   (incl. Generated)
        20          0         12         27          0          0   (incl. Padding)

    ----------------------------------------------------------------------

      Code (inc. data)   RO Data    RW Data    ZI Data      Debug   Library Member Name

       356         70          0          0          0        956   att_server.o
      1254         36         16         16          0       1892   att_util.o
       806        110          0         90         28       1184   gap_configmgr.o
       114          4          0          8          0        268   gap_devmgr.o
      1838         60          0         16          0       1292   gap_linkmgr.o
      1360        168          0         28          0       1012   gap_peridevmgr.o
        84         14          0          0          0         72   gap_perilinkmgr.o
       684         72          0         12          0        472   gap_task.o
         0          0          0          8          0          0   gatt_client.o
      1992        118         96         12          0       2016   gatt_server.o
       408         22          0         12          0        568   gatt_task.o
         0          0         42          0          0          0   gatt_uuid.o
       168         18          0          1          0        336   l2cap_if.o
       548         22          0          1         46        384   l2cap_task.o
      2188         92          0         12         52       1792   l2cap_util.o
       730         88          0         12          0        804   linkdb.o
      1768         30         16          4         15       1476   sm_mgr.o
      1726        150         25         12          0       1656   sm_pairing.o
      1720         92          0         12         15        908   sm_rsppairing.o
       276         32          0          1          0        348   sm_task.o
      1034          6          0          0          0       1564   smp.o
        86          0          0          0          0          0   __dczerorl2.o
         0          0          0          0          0          0   entry.o
         0          0          0          0          0          0   entry10a.o
         0          0          0          0          0          0   entry11a.o
         8          4          0          0          0          0   entry2.o
         4          0          0          0          0          0   entry5.o
         0          0          0          0          0          0   entry7b.o
         0          0          0          0          0          0   entry8b.o
         8          4          0          0          0          0   entry9a.o
        30          0          0          0          0          0   handlers.o
        36          8          0          0          0         68   init.o
         0          0          0          0          0          0   iusefp.o
        32          0          0          0          0         68   llshl.o
        34          0          0          0          0         68   llushr.o
        18          0          0          0          0         60   strcpy.o
        26          0          0          0          0         68   strncpy.o
        56          0          0          0          0         68   d2f.o
       240          6          0          0          0         84   ddiv.o
       236          0          0          0          0        216   depilogue.o
        40          6          0          0          0         68   dflti.o
       208          6          0          0          0         88   dmul.o
        44          0          0          0          0         72   dscalb.o
        40          0          0          0          0         60   f2d.o
       178          0          0          0          0        108   fadd.o
       124          0          0          0          0         72   fdiv.o
       130          0          0          0          0        144   fepilogue.o
        50          0          0          0          0         60   ffixi.o
        22          0          0          0          0         68   fflti.o
        14          0          0          0          0         68   ffltui.o
       122          0          0          0          0         72   fmul.o
        24          0          0          0          0         60   fscalb.o
       184         16          0          8          0         72   lib_efuse3.o
     12068       1370          0        105        908       5404   patch.o
       256         36          0          1         16        344   phy_sec_ext.o
      1556        304          0          0          0        656   rf_phy_driver.o

    ----------------------------------------------------------------------
     34978       2964        196        380       1088      27116   Library Totals
        50          0          1          9          8          0   (incl. Padding)

    ----------------------------------------------------------------------

      Code (inc. data)   RO Data    RW Data    ZI Data      Debug   Library Name

     19054       1204        195        257        156      19000   ble_host.lib
       282         16          0          0          0        332   mc_p.l
      1528         18          0          0          0       1308   mf_p.l
     14064       1726          0        114        924       6476   rf.lib

    ----------------------------------------------------------------------
     34978       2964        196        380       1088      27116   Library Totals

    ----------------------------------------------------------------------

==============================================================================


      Code (inc. data)   RO Data    RW Data    ZI Data      Debug   

     72500       8454       3320       2516      12952     445923   Grand Totals
     72500       8454       3320        544      12952     445923   ELF Image Totals (compressed)
     72500       8454       3320        544          0          0   ROM Totals

==============================================================================

    Total RO  Size (Code + RO Data)                75820 (  74.04kB)
    Total RW  Size (RW Data + ZI Data)             15468 (  15.11kB)
    Total ROM Size (Code + RO Data + RW Data)      76364 (  74.57kB)

==============================================================================

