<html>
<body>
<pre>
<h1>µVision Build Log</h1>
<h2>Tool Versions:</h2>
IDE-Version: ¦ÌVision V5.27.1.0
Copyright (C) 2019 ARM Ltd and ARM Germany GmbH. All rights reserved.
License Information: 1 1, 1, LIC=WHYH9-4QU9G-CX0U6-DGLJK-Y4SUQ-0IS0B
 
Tool Versions:
Toolchain:       MDK-ARM Plus  Version: 5.27.1.0
Toolchain Path:  D:\Keil5\ARM\ARMCC\Bin
C Compiler:      Armcc.exe V5.06 update 6 (build 750)
Assembler:       Armasm.exe V5.06 update 6 (build 750)
Linker/Locator:  ArmLink.exe V5.06 update 6 (build 750)
Library Manager: ArmAr.exe V5.06 update 6 (build 750)
Hex Converter:   FromElf.exe V5.06 update 6 (build 750)
CPU DLL:         SARMCM3.DLL V5.27.1.0
Dialog DLL:      DARMCM1.DLL V1.19.2.0
Target DLL:      UL2CM3.DLL V1.162.15.0
Dialog DLL:      TARMCM1.DLL V1.14.1.0
 
<h2>Project:</h2>
D:\2024\August\renwu\Ai_PB-03F_OPEN-SOURCE\example\peripheral\adc\adc.uvprojx
Project File Date:  08/16/2024

<h2>Output:</h2>
*** Using Compiler 'V5.06 update 6 (build 750)', folder: 'D:\Keil5\ARM\ARMCC\Bin'
Rebuild target 'adc'
compiling main.c...
compiling adc_compare_demo.c...
compiling Voice_Queue.c...
compiling adc_demo.c...
compiling adc_poilling_demo.c...
compiling adc_Main.c...
compiling OSAL_adc.c...
compiling voice_demo.c...
compiling voice_circ_buff.c...
compiling clock.c...
compiling gpio.c...
assembling startup_ARMCM0.s...
compiling my_printf.c...
compiling system_ARMCM0.c...
compiling uart.c...
compiling flash.c...
compiling jump_table.c...
compiling pwrmgr.c...
compiling voice.c...
compiling adc.c...
linking...
Program Size: Code=21676 RO-data=1748 RW-data=1240 ZI-data=12920  
FromELF: creating hex file...
After Build - User command #1: fromelf.exe --bin  -o  ./bin  ./Objects/adc.axf
After Build - User command #2: fromelf.exe .\Objects\adc.axf --i32combined --output .\bin\adc.hex
".\Objects\adc.axf" - 0 Error(s), 0 Warning(s).

<h2>Software Packages used:</h2>

Package Vendor: ARM
                http://www.keil.com/pack/ARM.CMSIS.5.8.0.pack
                ARM.CMSIS.5.8.0
                CMSIS (Common Microcontroller Software Interface Standard)
   * Component: CORE Version: 5.5.0
   * Component: Startup Version: 1.2.2

<h2>Collection of Component include folders:</h2>
  .\RTE\_adc
  D:\Keil5\ARM\CMSIS\5.8.0\CMSIS\Core\Include
  D:\Keil5\ARM\CMSIS\5.8.0\Device\ARM\ARMCM0\Include

<h2>Collection of Component Files used:</h2>

   * Component: ARM::CMSIS:CORE:5.5.0

   * Component: ARM::Device:Startup:1.2.2
      Include file:  Device\ARM\ARMCM0\Include\ARMCM0.h
      Source file:   Device\ARM\ARMCM0\Source\ARM\startup_ARMCM0.s
      Source file:   Device\ARM\ARMCM0\Source\system_ARMCM0.c
Build Time Elapsed:  00:00:01
</pre>
</body>
</html>
