Component: ARM Compiler 5.06 update 7 (build 960) Tool: armlink [4d3601]

==============================================================================

Section Cross References

    main.o(i.hal_low_power_io_init) refers to gpio.o(i.hal_gpio_pull_set) for hal_gpio_pull_set
    main.o(i.hal_low_power_io_init) refers to pwrmgr.o(i.hal_pwrmgr_RAM_retention) for hal_pwrmgr_RAM_retention
    main.o(i.hal_low_power_io_init) refers to pwrmgr.o(i.hal_pwrmgr_RAM_retention_set) for hal_pwrmgr_RAM_retention_set
    main.o(i.hal_low_power_io_init) refers to pwrmgr.o(i.hal_pwrmgr_LowCurrentLdo_enable) for hal_pwrmgr_LowCurrentLdo_enable
    main.o(i.hal_low_power_io_init) refers to main.o(.constdata) for .constdata
    main.o(i.hal_rfphy_init) refers to clock.o(i.hal_rc32k_clk_tracking_init) for hal_rc32k_clk_tracking_init
    main.o(i.hal_rfphy_init) refers to patch.o(i.hal_rom_boot_init) for hal_rom_boot_init
    main.o(i.hal_rfphy_init) refers to main.o(i.__NVIC_SetPriority) for __NVIC_SetPriority
    main.o(i.main) refers to main.o(i.hal_rfphy_init) for hal_rfphy_init
    main.o(i.main) refers to main.o(i.hal_low_power_io_init) for hal_low_power_io_init
    main.o(i.main) refers to patch.o(i.clk_init) for clk_init
    main.o(i.main) refers to clock.o(i.hal_rtc_clock_config) for hal_rtc_clock_config
    main.o(i.main) refers to pwrmgr.o(i.hal_pwrmgr_init) for hal_pwrmgr_init
    main.o(i.main) refers to flash.o(i.hal_spif_cache_init) for hal_spif_cache_init
    main.o(i.main) refers to gpio.o(i.hal_gpio_init) for hal_gpio_init
    main.o(i.main) refers to slboot.o(i.slboot_main) for slboot_main
    main.o(i.main) refers to main.o(.data) for .data
    main.o(i.main) refers to patch.o(.data) for pGlobal_config
    main.o(i.main) refers to main.o(.constdata) for .constdata
    ota_flash.o(i.ota_flash_erase) refers to flash.o(i.hal_flash_erase_sector) for hal_flash_erase_sector
    ota_flash.o(i.ota_flash_erase_area) refers to flash.o(i.hal_flash_erase_sector) for hal_flash_erase_sector
    ota_flash.o(i.ota_flash_read_bootsector) refers to ota_flash.o(ota_app_loader_area) for ota_flash_read
    ota_flash.o(i.ota_flash_write_boot_sector) refers to flash.o(i.hal_flash_write_by_dma) for hal_flash_write_by_dma
    ota_flash.o(i.ota_flash_write_partition) refers to flash.o(i.hal_flash_write_by_dma) for hal_flash_write_by_dma
    ota_flash.o(ota_app_loader_area) refers to aes.o(i.is_crypto_app) for is_crypto_app
    ota_flash.o(ota_app_loader_area) refers to aes.o(i.flash_check_parition) for flash_check_parition
    ota_flash.o(ota_app_loader_area) refers to aes.o(i.flash_load_parition) for flash_load_parition
    ota_flash.o(ota_app_loader_area) refers to clock.o(i.hal_system_soft_reset) for hal_system_soft_reset
    ota_flash.o(ota_app_loader_area) refers to ota_flash.o(ota_app_loader_area) for ota_app_loader_area
    slb.o(i.slb_apply_exch_zone_to_fw) refers to slb.o(i.slb_spif_read) for slb_spif_read
    slb.o(i.slb_apply_exch_zone_to_fw) refers to ota_flash.o(ota_app_loader_area) for crc16
    slb.o(i.slb_apply_exch_zone_to_fw) refers to slb.o(i.slb_spif_write) for slb_spif_write
    slb.o(i.slb_apply_exch_zone_to_fw) refers to ota_flash.o(i.ota_flash_erase) for ota_flash_erase
    slb.o(i.slb_apply_exch_zone_to_fw) refers to slb.o(i.slb_spif_erase) for slb_spif_erase
    slb.o(i.slb_apply_exch_zone_to_fw) refers to slb.o(ota_partition_buffer_area) for ota_partition_buffer_area
    slb.o(i.slb_boot_load_exch_zone) refers to slb.o(i.slb_spif_read) for slb_spif_read
    slb.o(i.slb_boot_load_exch_zone) refers to slb.o(i.slb_spif_write) for slb_spif_write
    slb.o(i.slb_boot_load_exch_zone) refers to slb.o(i.slb_apply_exch_zone_to_fw) for slb_apply_exch_zone_to_fw
    slb.o(i.slb_boot_load_exch_zone) refers to slb.o(.data) for .data
    slb.o(i.slb_boot_recover_exch_zone) refers to slb.o(i.slb_spif_read) for slb_spif_read
    slb.o(i.slb_boot_recover_exch_zone) refers to slb.o(i.slb_spif_write) for slb_spif_write
    slb.o(i.slb_boot_recover_exch_zone) refers to slb.o(.data) for .data
    slb.o(i.slb_flash_calc_checksum) refers to ota_flash.o(ota_app_loader_area) for crc16
    slb.o(i.slb_spif_erase) refers to flash.o(i.hal_flash_erase_sector) for hal_flash_erase_sector
    slb.o(i.slb_spif_write) refers to flash.o(i.hal_flash_write_by_dma) for hal_flash_write_by_dma
    slb.o(.data) refers to slb.o(.conststring) for .conststring
    slb.o(.data) refers to slb.o(.conststring) for .conststring
    jump_table.o(.emb_text) refers to jump_table.o(i._hard_fault) for _hard_fault
    jump_table.o(i._hard_fault) refers to clock.o(i.hal_system_soft_reset) for hal_system_soft_reset
    jump_table.o(i._hard_fault) refers to jump_table.o(.data) for .data
    jump_table.o(jump_table_mem_area) refers to slboot.o(i.osalInitTasks) for osalInitTasks
    jump_table.o(jump_table_mem_area) refers to slboot.o(.constdata) for tasksArr
    jump_table.o(jump_table_mem_area) refers to slboot.o(.constdata) for tasksCnt
[...]
    llEventInRange                           0x0000b9fd   Thumb Code     0  bb_rom_sym_m0.txt ABSOLUTE
    llGenerateCRC                            0x0000ba1b   Thumb Code     0  bb_rom_sym_m0.txt ABSOLUTE
    llGenerateValidAccessAddr                0x0000ba3d   Thumb Code     0  bb_rom_sym_m0.txt ABSOLUTE
    llGetNextAdvChn                          0x0000ba6d   Thumb Code     0  bb_rom_sym_m0.txt ABSOLUTE
    llGetNextAuxAdvChn                       0x0000bac1   Thumb Code     0  bb_rom_sym_m0.txt ABSOLUTE
    llGetNextDataChan                        0x0000bae5   Thumb Code     0  bb_rom_sym_m0.txt ABSOLUTE
    llGetNextDataChanCSA2                    0x0000bb23   Thumb Code     0  bb_rom_sym_m0.txt ABSOLUTE
    llGtSixConsecZerosOrOnes                 0x0000bb81   Thumb Code     0  bb_rom_sym_m0.txt ABSOLUTE
    llGtTwentyFourTransitions                0x0000bbb3   Thumb Code     0  bb_rom_sym_m0.txt ABSOLUTE
    llInitFeatureSet                         0x0000bbe5   Thumb Code     0  bb_rom_sym_m0.txt ABSOLUTE
    llInitFeatureSet2MPHY                    0x0000bc1d   Thumb Code     0  bb_rom_sym_m0.txt ABSOLUTE
    llInitFeatureSetCodedPHY                 0x0000bc45   Thumb Code     0  bb_rom_sym_m0.txt ABSOLUTE
    llInitFeatureSetDLE                      0x0000bc6d   Thumb Code     0  bb_rom_sym_m0.txt ABSOLUTE
    llLtTwoChangesInLastSixBits              0x0000bc89   Thumb Code     0  bb_rom_sym_m0.txt ABSOLUTE
    llMasterEvt_TaskEndOk                    0x0000bcb9   Thumb Code     0  bb_rom_sym_m0.txt ABSOLUTE
    llMemCopyDst                             0x0000be05   Thumb Code     0  bb_rom_sym_m0.txt ABSOLUTE
    llMemCopySrc                             0x0000be1b   Thumb Code     0  bb_rom_sym_m0.txt ABSOLUTE
    llOneBitSynchWordDiffer                  0x0000be35   Thumb Code     0  bb_rom_sym_m0.txt ABSOLUTE
    llPduLengthManagmentReset                0x0000be4d   Thumb Code     0  bb_rom_sym_m0.txt ABSOLUTE
    llPduLengthUpdate                        0x0000bf01   Thumb Code     0  bb_rom_sym_m0.txt ABSOLUTE
    llPendingUpdateParam                     0x0000c00d   Thumb Code     0  bb_rom_sym_m0.txt ABSOLUTE
    llPhyModeCtrlReset                       0x0000c051   Thumb Code     0  bb_rom_sym_m0.txt ABSOLUTE
    llPhyModeCtrlUpdateNotify                0x0000c0b9   Thumb Code     0  bb_rom_sym_m0.txt ABSOLUTE
    llPrdAdvDecideNextChn                    0x0000c0f5   Thumb Code     0  bb_rom_sym_m0.txt ABSOLUTE
    llProcessChanMap                         0x0000c185   Thumb Code     0  bb_rom_sym_m0.txt ABSOLUTE
    llProcessMasterControlPacket             0x0000c1d1   Thumb Code     0  bb_rom_sym_m0.txt ABSOLUTE
    llProcessMasterControlPacket0            0x0000c1e9   Thumb Code     0  bb_rom_sym_m0.txt ABSOLUTE
    llProcessMasterControlProcedures         0x0000c5b9   Thumb Code     0  bb_rom_sym_m0.txt ABSOLUTE
    llProcessRxData                          0x0000ca85   Thumb Code     0  bb_rom_sym_m0.txt ABSOLUTE
    llProcessRxData0                         0x0000ca9d   Thumb Code     0  bb_rom_sym_m0.txt ABSOLUTE
    llProcessSlaveControlPacket              0x0000cc31   Thumb Code     0  bb_rom_sym_m0.txt ABSOLUTE
    llProcessSlaveControlPacket0             0x0000cc49   Thumb Code     0  bb_rom_sym_m0.txt ABSOLUTE
    llProcessSlaveControlProcedures          0x0000d169   Thumb Code     0  bb_rom_sym_m0.txt ABSOLUTE
    llProcessTxData                          0x0000d4d1   Thumb Code     0  bb_rom_sym_m0.txt ABSOLUTE
    llProcessTxData0                         0x0000d4e9   Thumb Code     0  bb_rom_sym_m0.txt ABSOLUTE
    llReleaseAllConnId                       0x0000d55d   Thumb Code     0  bb_rom_sym_m0.txt ABSOLUTE
    llReleaseConnId                          0x0000d561   Thumb Code     0  bb_rom_sym_m0.txt ABSOLUTE
    llReleaseConnId0                         0x0000d579   Thumb Code     0  bb_rom_sym_m0.txt ABSOLUTE
    llReplaceCtrlPkt                         0x0000d5f5   Thumb Code     0  bb_rom_sym_m0.txt ABSOLUTE
    llResetConnId                            0x0000d60d   Thumb Code     0  bb_rom_sym_m0.txt ABSOLUTE
    llResetRfCounters                        0x0000d6ed   Thumb Code     0  bb_rom_sym_m0.txt ABSOLUTE
    llSecAdvAllow                            0x0000d701   Thumb Code     0  bb_rom_sym_m0.txt ABSOLUTE
    llSetNextDataChan                        0x0000d769   Thumb Code     0  bb_rom_sym_m0.txt ABSOLUTE
    llSetNextPhyMode                         0x0000d839   Thumb Code     0  bb_rom_sym_m0.txt ABSOLUTE
    llSetupAdv                               0x0000d8a9   Thumb Code     0  bb_rom_sym_m0.txt ABSOLUTE
    llSetupAdvExtIndPDU                      0x0000d949   Thumb Code     0  bb_rom_sym_m0.txt ABSOLUTE
    llSetupAuxAdvIndPDU                      0x0000db4d   Thumb Code     0  bb_rom_sym_m0.txt ABSOLUTE
    llSetupAuxChainIndPDU                    0x0000dda1   Thumb Code     0  bb_rom_sym_m0.txt ABSOLUTE
    llSetupAuxConnectReqPDU                  0x0000df91   Thumb Code     0  bb_rom_sym_m0.txt ABSOLUTE
    llSetupAuxConnectRspPDU                  0x0000e025   Thumb Code     0  bb_rom_sym_m0.txt ABSOLUTE
    llSetupAuxScanRspPDU                     0x0000e09d   Thumb Code     0  bb_rom_sym_m0.txt ABSOLUTE
    llSetupAuxSyncIndPDU                     0x0000e109   Thumb Code     0  bb_rom_sym_m0.txt ABSOLUTE
    llSetupCTEReq                            0x0000e2c1   Thumb Code     0  bb_rom_sym_m0.txt ABSOLUTE
    llSetupCTERsp                            0x0000e38d   Thumb Code     0  bb_rom_sym_m0.txt ABSOLUTE
    llSetupConn                              0x0000e457   Thumb Code     0  bb_rom_sym_m0.txt ABSOLUTE
    llSetupDataLenghtReq                     0x0000e459   Thumb Code     0  bb_rom_sym_m0.txt ABSOLUTE
    llSetupDataLenghtRsp                     0x0000e4d5   Thumb Code     0  bb_rom_sym_m0.txt ABSOLUTE
    llSetupDirectedAdvEvt                    0x0000e551   Thumb Code     0  bb_rom_sym_m0.txt ABSOLUTE
    llSetupEncReq                            0x0000e6a1   Thumb Code     0  bb_rom_sym_m0.txt ABSOLUTE
    llSetupEncRsp                            0x0000e725   Thumb Code     0  bb_rom_sym_m0.txt ABSOLUTE
    llSetupExtAdvEvent                       0x0000e7b1   Thumb Code     0  bb_rom_sym_m0.txt ABSOLUTE
    llSetupFeatureSetReq                     0x0000ec01   Thumb Code     0  bb_rom_sym_m0.txt ABSOLUTE
    llSetupFeatureSetRsp                     0x0000ec63   Thumb Code     0  bb_rom_sym_m0.txt ABSOLUTE
    llSetupInit                              0x0000ecc1   Thumb Code     0  bb_rom_sym_m0.txt ABSOLUTE
    llSetupNextMasterEvent                   0x0000ed39   Thumb Code     0  bb_rom_sym_m0.txt ABSOLUTE
    llSetupNextSlaveEvent                    0x0000ede1   Thumb Code     0  bb_rom_sym_m0.txt ABSOLUTE
    llSetupNextSlaveEvent0                   0x0000edf9   Thumb Code     0  bb_rom_sym_m0.txt ABSOLUTE
    llSetupNonConnectableAdvEvt              0x0000ef65   Thumb Code     0  bb_rom_sym_m0.txt ABSOLUTE
    llSetupPauseEncReq                       0x0000f075   Thumb Code     0  bb_rom_sym_m0.txt ABSOLUTE
    llSetupPauseEncRsp                       0x0000f0c5   Thumb Code     0  bb_rom_sym_m0.txt ABSOLUTE
    llSetupPhyReq                            0x0000f121   Thumb Code     0  bb_rom_sym_m0.txt ABSOLUTE
    llSetupPhyRsp                            0x0000f177   Thumb Code     0  bb_rom_sym_m0.txt ABSOLUTE
    llSetupPhyUpdateInd                      0x0000f1cd   Thumb Code     0  bb_rom_sym_m0.txt ABSOLUTE
    llSetupPrdAdvEvent                       0x0000f239   Thumb Code     0  bb_rom_sym_m0.txt ABSOLUTE
    llSetupPrdScan                           0x0000f3b9   Thumb Code     0  bb_rom_sym_m0.txt ABSOLUTE
    llSetupRejectExtInd                      0x0000f44d   Thumb Code     0  bb_rom_sym_m0.txt ABSOLUTE
    llSetupRejectInd                         0x0000f479   Thumb Code     0  bb_rom_sym_m0.txt ABSOLUTE
    llSetupScan                              0x0000f4a5   Thumb Code     0  bb_rom_sym_m0.txt ABSOLUTE
    llSetupScan0                             0x0000f4bd   Thumb Code     0  bb_rom_sym_m0.txt ABSOLUTE
    llSetupScanInit                          0x0000f54d   Thumb Code     0  bb_rom_sym_m0.txt ABSOLUTE
    llSetupScannableAdvEvt                   0x0000f55d   Thumb Code     0  bb_rom_sym_m0.txt ABSOLUTE
    llSetupSecAdvEvt                         0x0000f66d   Thumb Code     0  bb_rom_sym_m0.txt ABSOLUTE
    llSetupSecConnectableAdvEvt              0x0000f6e9   Thumb Code     0  bb_rom_sym_m0.txt ABSOLUTE
    llSetupSecInit                           0x0000f7c1   Thumb Code     0  bb_rom_sym_m0.txt ABSOLUTE
    llSetupSecNonConnectableAdvEvt           0x0000f875   Thumb Code     0  bb_rom_sym_m0.txt ABSOLUTE
    llSetupSecScan                           0x0000f94d   Thumb Code     0  bb_rom_sym_m0.txt ABSOLUTE
    llSetupSecScannableAdvEvt                0x0000fa19   Thumb Code     0  bb_rom_sym_m0.txt ABSOLUTE
    llSetupStartEncReq                       0x0000faf1   Thumb Code     0  bb_rom_sym_m0.txt ABSOLUTE
    llSetupSyncInfo                          0x0000fb59   Thumb Code     0  bb_rom_sym_m0.txt ABSOLUTE
    llSetupTermInd                           0x0000fc2d   Thumb Code     0  bb_rom_sym_m0.txt ABSOLUTE
    llSetupUndirectedAdvEvt                  0x0000fc91   Thumb Code     0  bb_rom_sym_m0.txt ABSOLUTE
    llSetupUnknownRsp                        0x0000fda5   Thumb Code     0  bb_rom_sym_m0.txt ABSOLUTE
    llSetupUpdateChanReq                     0x0000fdf9   Thumb Code     0  bb_rom_sym_m0.txt ABSOLUTE
    llSetupUpdateParamReq                    0x0000fe6d   Thumb Code     0  bb_rom_sym_m0.txt ABSOLUTE
    llSetupVersionIndReq                     0x0000ff05   Thumb Code     0  bb_rom_sym_m0.txt ABSOLUTE
    llSlaveEvt_TaskAbort                     0x0000ff79   Thumb Code     0  bb_rom_sym_m0.txt ABSOLUTE
    llSlaveEvt_TaskEndOk                     0x0000ff95   Thumb Code     0  bb_rom_sym_m0.txt ABSOLUTE
    llSlaveEvt_TaskEndOk0                    0x0000ffad   Thumb Code     0  bb_rom_sym_m0.txt ABSOLUTE
    llTrxNumAdaptiveConfig                   0x00010181   Thumb Code     0  bb_rom_sym_m0.txt ABSOLUTE
    llValidAccessAddr                        0x0001019b   Thumb Code     0  bb_rom_sym_m0.txt ABSOLUTE
    llWaitUs                                 0x000101e1   Thumb Code     0  bb_rom_sym_m0.txt ABSOLUTE
    llWriteTxData                            0x00010209   Thumb Code     0  bb_rom_sym_m0.txt ABSOLUTE
    ll_CalcRandomAddr                        0x0001028f   Thumb Code     0  bb_rom_sym_m0.txt ABSOLUTE
    ll_ResolveRandomAddrs                    0x000102cd   Thumb Code     0  bb_rom_sym_m0.txt ABSOLUTE
    ll_addTask                               0x00010315   Thumb Code     0  bb_rom_sym_m0.txt ABSOLUTE
    ll_add_adv_task                          0x00010445   Thumb Code     0  bb_rom_sym_m0.txt ABSOLUTE
    ll_add_adv_task_periodic                 0x00010461   Thumb Code     0  bb_rom_sym_m0.txt ABSOLUTE
    ll_adptive_adj_next_time                 0x0001047d   Thumb Code     0  bb_rom_sym_m0.txt ABSOLUTE
    ll_adptive_smart_window                  0x000104fd   Thumb Code     0  bb_rom_sym_m0.txt ABSOLUTE
    ll_adv_scheduler                         0x000105ad   Thumb Code     0  bb_rom_sym_m0.txt ABSOLUTE
    ll_adv_scheduler_periodic                0x000105c9   Thumb Code     0  bb_rom_sym_m0.txt ABSOLUTE
    ll_allocAuxAdvTimeSlot                   0x000105e5   Thumb Code     0  bb_rom_sym_m0.txt ABSOLUTE
    ll_allocAuxAdvTimeSlot_prd               0x00010679   Thumb Code     0  bb_rom_sym_m0.txt ABSOLUTE
    ll_debug_output                          0x00010719   Thumb Code     0  bb_rom_sym_m0.txt ABSOLUTE
    ll_deleteTask                            0x00010731   Thumb Code     0  bb_rom_sym_m0.txt ABSOLUTE
    ll_delete_adv_task                       0x00010765   Thumb Code     0  bb_rom_sym_m0.txt ABSOLUTE
    ll_delete_adv_task_periodic              0x00010781   Thumb Code     0  bb_rom_sym_m0.txt ABSOLUTE
    ll_ext_adv_schedule_next_event           0x0001079d   Thumb Code     0  bb_rom_sym_m0.txt ABSOLUTE
    ll_ext_init_schedule_next_event          0x000107c1   Thumb Code     0  bb_rom_sym_m0.txt ABSOLUTE
    ll_ext_scan_schedule_next_event          0x000107dd   Thumb Code     0  bb_rom_sym_m0.txt ABSOLUTE
    ll_generateExtAdvDid                     0x000107f9   Thumb Code     0  bb_rom_sym_m0.txt ABSOLUTE
    ll_generateTxBuffer                      0x00010801   Thumb Code     0  bb_rom_sym_m0.txt ABSOLUTE
    ll_getFirstAdvChn                        0x000109c1   Thumb Code     0  bb_rom_sym_m0.txt ABSOLUTE
    ll_getRPAListEntry                       0x000109cd   Thumb Code     0  bb_rom_sym_m0.txt ABSOLUTE
    ll_get_next_active_conn                  0x00010a39   Thumb Code     0  bb_rom_sym_m0.txt ABSOLUTE
    ll_get_next_timer                        0x00010aa1   Thumb Code     0  bb_rom_sym_m0.txt ABSOLUTE
    ll_hw_clr_irq                            0x00010add   Thumb Code     0  bb_rom_sym_m0.txt ABSOLUTE
    ll_hw_config                             0x00010aed   Thumb Code     0  bb_rom_sym_m0.txt ABSOLUTE
    ll_hw_get_anchor                         0x00010b6d   Thumb Code     0  bb_rom_sym_m0.txt ABSOLUTE
    ll_hw_get_fsm_status                     0x00010b79   Thumb Code     0  bb_rom_sym_m0.txt ABSOLUTE
    ll_hw_get_iq_RawSample                   0x00010b89   Thumb Code     0  bb_rom_sym_m0.txt ABSOLUTE
    ll_hw_get_irq_status                     0x00010bbd   Thumb Code     0  bb_rom_sym_m0.txt ABSOLUTE
    ll_hw_get_last_ack                       0x00010bcd   Thumb Code     0  bb_rom_sym_m0.txt ABSOLUTE
    ll_hw_get_loop_cycle                     0x00010be9   Thumb Code     0  bb_rom_sym_m0.txt ABSOLUTE
    ll_hw_get_loop_time                      0x00010bf5   Thumb Code     0  bb_rom_sym_m0.txt ABSOLUTE
    ll_hw_get_nAck                           0x00010c01   Thumb Code     0  bb_rom_sym_m0.txt ABSOLUTE
    ll_hw_get_rfifo_depth                    0x00010c11   Thumb Code     0  bb_rom_sym_m0.txt ABSOLUTE
    ll_hw_get_rfifo_info                     0x00010c25   Thumb Code     0  bb_rom_sym_m0.txt ABSOLUTE
    ll_hw_get_rxPkt_CrcErr_num               0x00010c45   Thumb Code     0  bb_rom_sym_m0.txt ABSOLUTE
    ll_hw_get_rxPkt_CrcOk_num                0x00010c55   Thumb Code     0  bb_rom_sym_m0.txt ABSOLUTE
    ll_hw_get_rxPkt_Total_num                0x00010c69   Thumb Code     0  bb_rom_sym_m0.txt ABSOLUTE
    ll_hw_get_rxPkt_num                      0x00010c79   Thumb Code     0  bb_rom_sym_m0.txt ABSOLUTE
    ll_hw_get_rxPkt_stats                    0x00010c85   Thumb Code     0  bb_rom_sym_m0.txt ABSOLUTE
    ll_hw_get_snNesn                         0x00010c9d   Thumb Code     0  bb_rom_sym_m0.txt ABSOLUTE
    ll_hw_get_tfifo_info                     0x00010cad   Thumb Code     0  bb_rom_sym_m0.txt ABSOLUTE
    ll_hw_get_tfifo_wrptr                    0x00010ccd   Thumb Code     0  bb_rom_sym_m0.txt ABSOLUTE
    ll_hw_get_tr_mode                        0x00010cdd   Thumb Code     0  bb_rom_sym_m0.txt ABSOLUTE
    ll_hw_get_txAck                          0x00010ced   Thumb Code     0  bb_rom_sym_m0.txt ABSOLUTE
    ll_hw_go                                 0x00010cf9   Thumb Code     0  bb_rom_sym_m0.txt ABSOLUTE
    ll_hw_ign_rfifo                          0x00010df9   Thumb Code     0  bb_rom_sym_m0.txt ABSOLUTE
    ll_hw_process_RTO                        0x00010e05   Thumb Code     0  bb_rom_sym_m0.txt ABSOLUTE
    ll_hw_read_rfifo                         0x00010e6d   Thumb Code     0  bb_rom_sym_m0.txt ABSOLUTE
    ll_hw_read_rfifo_pplus                   0x00010ee9   Thumb Code     0  bb_rom_sym_m0.txt ABSOLUTE
    ll_hw_read_rfifo_zb                      0x00010f51   Thumb Code     0  bb_rom_sym_m0.txt ABSOLUTE
    ll_hw_read_tfifo_packet                  0x00010fad   Thumb Code     0  bb_rom_sym_m0.txt ABSOLUTE
    ll_hw_read_tfifo_rtlp                    0x00010ff5   Thumb Code     0  bb_rom_sym_m0.txt ABSOLUTE
    ll_hw_read_tfifo_rtlp0                   0x0001100d   Thumb Code     0  bb_rom_sym_m0.txt ABSOLUTE
    ll_hw_rst_rfifo                          0x000110b1   Thumb Code     0  bb_rom_sym_m0.txt ABSOLUTE
    ll_hw_rst_tfifo                          0x000110e9   Thumb Code     0  bb_rom_sym_m0.txt ABSOLUTE
    ll_hw_set_ant_pattern                    0x000110f5   Thumb Code     0  bb_rom_sym_m0.txt ABSOLUTE
    ll_hw_set_ant_switch_mode                0x00011101   Thumb Code     0  bb_rom_sym_m0.txt ABSOLUTE
    ll_hw_set_ant_switch_timing              0x00011115   Thumb Code     0  bb_rom_sym_m0.txt ABSOLUTE
    ll_hw_set_crc_fmt                        0x0001112d   Thumb Code     0  bb_rom_sym_m0.txt ABSOLUTE
    ll_hw_set_cte_rxSupp                     0x0001113d   Thumb Code     0  bb_rom_sym_m0.txt ABSOLUTE
    ll_hw_set_cte_txSupp                     0x00011155   Thumb Code     0  bb_rom_sym_m0.txt ABSOLUTE
    ll_hw_set_empty_head                     0x00011169   Thumb Code     0  bb_rom_sym_m0.txt ABSOLUTE
    ll_hw_set_irq                            0x00011175   Thumb Code     0  bb_rom_sym_m0.txt ABSOLUTE
    ll_hw_set_loop_nack_num                  0x00011181   Thumb Code     0  bb_rom_sym_m0.txt ABSOLUTE
    ll_hw_set_loop_timeout                   0x0001118d   Thumb Code     0  bb_rom_sym_m0.txt ABSOLUTE
    ll_hw_set_pplus_pktfmt                   0x000111a1   Thumb Code     0  bb_rom_sym_m0.txt ABSOLUTE
    ll_hw_set_rtlp                           0x000111cd   Thumb Code     0  bb_rom_sym_m0.txt ABSOLUTE
    ll_hw_set_rtlp_1st                       0x0001121d   Thumb Code     0  bb_rom_sym_m0.txt ABSOLUTE
    ll_hw_set_rtx                            0x00011265   Thumb Code     0  bb_rom_sym_m0.txt ABSOLUTE
    ll_hw_set_rx_timeout                     0x00011279   Thumb Code     0  bb_rom_sym_m0.txt ABSOLUTE
    ll_hw_set_rx_timeout_1st                 0x00011285   Thumb Code     0  bb_rom_sym_m0.txt ABSOLUTE
    ll_hw_set_rx_tx_interval                 0x00011291   Thumb Code     0  bb_rom_sym_m0.txt ABSOLUTE
    ll_hw_set_srx                            0x000112a5   Thumb Code     0  bb_rom_sym_m0.txt ABSOLUTE
    ll_hw_set_stx                            0x000112b9   Thumb Code     0  bb_rom_sym_m0.txt ABSOLUTE
    ll_hw_set_tfifo_space                    0x000112cd   Thumb Code     0  bb_rom_sym_m0.txt ABSOLUTE
    ll_hw_set_timing                         0x000112e5   Thumb Code     0  bb_rom_sym_m0.txt ABSOLUTE
    ll_hw_set_trlp                           0x00011381   Thumb Code     0  bb_rom_sym_m0.txt ABSOLUTE
    ll_hw_set_trx                            0x000113c9   Thumb Code     0  bb_rom_sym_m0.txt ABSOLUTE
    ll_hw_set_trx_settle                     0x000113dd   Thumb Code     0  bb_rom_sym_m0.txt ABSOLUTE
    ll_hw_set_tx_rx_interval                 0x000113f1   Thumb Code     0  bb_rom_sym_m0.txt ABSOLUTE
    ll_hw_set_tx_rx_release                  0x00011405   Thumb Code     0  bb_rom_sym_m0.txt ABSOLUTE
    ll_hw_trigger                            0x00011421   Thumb Code     0  bb_rom_sym_m0.txt ABSOLUTE
    ll_hw_trx_settle_config                  0x00011445   Thumb Code     0  bb_rom_sym_m0.txt ABSOLUTE
    ll_hw_tx2rx_timing_config                0x00011489   Thumb Code     0  bb_rom_sym_m0.txt ABSOLUTE
    ll_hw_update                             0x000114dd   Thumb Code     0  bb_rom_sym_m0.txt ABSOLUTE
    ll_hw_update_rtlp_mode                   0x00011539   Thumb Code     0  bb_rom_sym_m0.txt ABSOLUTE
    ll_hw_update_trlp_mode                   0x00011579   Thumb Code     0  bb_rom_sym_m0.txt ABSOLUTE
    ll_hw_write_tfifo                        0x000115c1   Thumb Code     0  bb_rom_sym_m0.txt ABSOLUTE
    ll_isAddrInWhiteList                     0x00011649   Thumb Code     0  bb_rom_sym_m0.txt ABSOLUTE
    ll_isFirstAdvChn                         0x000116a9   Thumb Code     0  bb_rom_sym_m0.txt ABSOLUTE
    ll_isIrkAllZero                          0x000116c7   Thumb Code     0  bb_rom_sym_m0.txt ABSOLUTE
    ll_isLegacyAdv                           0x000116dd   Thumb Code     0  bb_rom_sym_m0.txt ABSOLUTE
    ll_parseExtHeader                        0x000116ed   Thumb Code     0  bb_rom_sym_m0.txt ABSOLUTE
    ll_prd_adv_schedule_next_event           0x000117a9   Thumb Code     0  bb_rom_sym_m0.txt ABSOLUTE
    ll_prd_scan_schedule_next_event          0x000117cd   Thumb Code     0  bb_rom_sym_m0.txt ABSOLUTE
    ll_processBasicIRQ                       0x000117e9   Thumb Code     0  bb_rom_sym_m0.txt ABSOLUTE
    ll_processExtAdvIRQ                      0x00013401   Thumb Code     0  bb_rom_sym_m0.txt ABSOLUTE
    ll_processExtInitIRQ                     0x00013405   Thumb Code     0  bb_rom_sym_m0.txt ABSOLUTE
    ll_processExtScanIRQ                     0x00013409   Thumb Code     0  bb_rom_sym_m0.txt ABSOLUTE
    ll_processMissMasterEvt                  0x0001340d   Thumb Code     0  bb_rom_sym_m0.txt ABSOLUTE
    ll_processMissSlaveEvt                   0x000134ed   Thumb Code     0  bb_rom_sym_m0.txt ABSOLUTE
    ll_processPrdAdvIRQ                      0x000135f5   Thumb Code     0  bb_rom_sym_m0.txt ABSOLUTE
    ll_processPrdScanIRQ                     0x000135f9   Thumb Code     0  bb_rom_sym_m0.txt ABSOLUTE
    ll_readLocalIRK                          0x000135fd   Thumb Code     0  bb_rom_sym_m0.txt ABSOLUTE
    ll_readPeerIRK                           0x00013661   Thumb Code     0  bb_rom_sym_m0.txt ABSOLUTE
    ll_read_rxfifo                           0x000136c5   Thumb Code     0  bb_rom_sym_m0.txt ABSOLUTE
    ll_schedule_next_event                   0x00013761   Thumb Code     0  bb_rom_sym_m0.txt ABSOLUTE
    ll_scheduler                             0x00013771   Thumb Code     0  bb_rom_sym_m0.txt ABSOLUTE
    ll_scheduler0                            0x00013789   Thumb Code     0  bb_rom_sym_m0.txt ABSOLUTE
    ll_updateAuxAdvTimeSlot                  0x00013a11   Thumb Code     0  bb_rom_sym_m0.txt ABSOLUTE
    ll_updateExtAdvRemainderTime             0x00013a39   Thumb Code     0  bb_rom_sym_m0.txt ABSOLUTE
    log_clr_putc                             0x00013ab9   Thumb Code     0  bb_rom_sym_m0.txt ABSOLUTE
    log_debug_level                          0x00013ac5   Thumb Code     0  bb_rom_sym_m0.txt ABSOLUTE
    log_get_debug_level                      0x00013ad9   Thumb Code     0  bb_rom_sym_m0.txt ABSOLUTE
    log_printf                               0x00013ae5   Thumb Code     0  bb_rom_sym_m0.txt ABSOLUTE
    log_set_putc                             0x00013b05   Thumb Code     0  bb_rom_sym_m0.txt ABSOLUTE
    log_vsprintf                             0x00013b11   Thumb Code     0  bb_rom_sym_m0.txt ABSOLUTE
    move_to_master_function                  0x00013f09   Thumb Code     0  bb_rom_sym_m0.txt ABSOLUTE
    move_to_master_function0                 0x00013f21   Thumb Code     0  bb_rom_sym_m0.txt ABSOLUTE
    move_to_slave_function                   0x0001406d   Thumb Code     0  bb_rom_sym_m0.txt ABSOLUTE
    move_to_slave_function0                  0x00014085   Thumb Code     0  bb_rom_sym_m0.txt ABSOLUTE
    osalAddTimer                             0x00014439   Thumb Code     0  bb_rom_sym_m0.txt ABSOLUTE
    osalDeleteTimer                          0x000144a9   Thumb Code     0  bb_rom_sym_m0.txt ABSOLUTE
    osalFindTimer                            0x000144b5   Thumb Code     0  bb_rom_sym_m0.txt ABSOLUTE
    osalTimeUpdate                           0x000144d5   Thumb Code     0  bb_rom_sym_m0.txt ABSOLUTE
    osalTimeUpdate1                          0x00014541   Thumb Code     0  bb_rom_sym_m0.txt ABSOLUTE
    osalTimerInit                            0x0001457d   Thumb Code     0  bb_rom_sym_m0.txt ABSOLUTE
    osalTimerUpdate                          0x00014589   Thumb Code     0  bb_rom_sym_m0.txt ABSOLUTE
    osal_CbTimerInit                         0x00014621   Thumb Code     0  bb_rom_sym_m0.txt ABSOLUTE
    osal_CbTimerProcessEvent                 0x00014641   Thumb Code     0  bb_rom_sym_m0.txt ABSOLUTE
    osal_CbTimerStart                        0x000146a9   Thumb Code     0  bb_rom_sym_m0.txt ABSOLUTE
    osal_CbTimerStop                         0x00014711   Thumb Code     0  bb_rom_sym_m0.txt ABSOLUTE
    osal_CbTimerUpdate                       0x00014751   Thumb Code     0  bb_rom_sym_m0.txt ABSOLUTE
    osal_ConvertUTCSecs                      0x000147a1   Thumb Code     0  bb_rom_sym_m0.txt ABSOLUTE
    osal_ConvertUTCTime                      0x00014841   Thumb Code     0  bb_rom_sym_m0.txt ABSOLUTE
    osal_GetSystemClock                      0x00014949   Thumb Code     0  bb_rom_sym_m0.txt ABSOLUTE
    osal_bm_adjust_header                    0x00014955   Thumb Code     0  bb_rom_sym_m0.txt ABSOLUTE
    osal_bm_adjust_tail                      0x0001497d   Thumb Code     0  bb_rom_sym_m0.txt ABSOLUTE
    osal_bm_alloc                            0x000149a9   Thumb Code     0  bb_rom_sym_m0.txt ABSOLUTE
    osal_bm_free                             0x000149d9   Thumb Code     0  bb_rom_sym_m0.txt ABSOLUTE
    osal_buffer_uint24                       0x00014a21   Thumb Code     0  bb_rom_sym_m0.txt ABSOLUTE
    osal_buffer_uint32                       0x00014a2f   Thumb Code     0  bb_rom_sym_m0.txt ABSOLUTE
    osal_build_uint16                        0x00014a41   Thumb Code     0  bb_rom_sym_m0.txt ABSOLUTE
    osal_build_uint32                        0x00014a4d   Thumb Code     0  bb_rom_sym_m0.txt ABSOLUTE
    osal_clear_event                         0x00014a89   Thumb Code     0  bb_rom_sym_m0.txt ABSOLUTE
    osal_getClock                            0x00014abd   Thumb Code     0  bb_rom_sym_m0.txt ABSOLUTE
    osal_get_timeoutEx                       0x00014ac9   Thumb Code     0  bb_rom_sym_m0.txt ABSOLUTE
    osal_init_system                         0x00014aed   Thumb Code     0  bb_rom_sym_m0.txt ABSOLUTE
    osal_isbufset                            0x00014b1d   Thumb Code     0  bb_rom_sym_m0.txt ABSOLUTE
    osal_mem_alloc                           0x00014b3d   Thumb Code     0  bb_rom_sym_m0.txt ABSOLUTE
    osal_mem_free                            0x00014c01   Thumb Code     0  bb_rom_sym_m0.txt ABSOLUTE
    osal_mem_init                            0x00014c25   Thumb Code     0  bb_rom_sym_m0.txt ABSOLUTE
    osal_mem_kick                            0x00014c8d   Thumb Code     0  bb_rom_sym_m0.txt ABSOLUTE
    osal_mem_set_heap                        0x00014cb5   Thumb Code     0  bb_rom_sym_m0.txt ABSOLUTE
    osal_memcmp                              0x00014ccd   Thumb Code     0  bb_rom_sym_m0.txt ABSOLUTE
    osal_memcpy                              0x00014ce9   Thumb Code     0  bb_rom_sym_m0.txt ABSOLUTE
    osal_memdup                              0x00014cf9   Thumb Code     0  bb_rom_sym_m0.txt ABSOLUTE
    osal_memset                              0x00014d15   Thumb Code     0  bb_rom_sym_m0.txt ABSOLUTE
    osal_msg_allocate                        0x00014d1d   Thumb Code     0  bb_rom_sym_m0.txt ABSOLUTE
    osal_msg_deallocate                      0x00014d43   Thumb Code     0  bb_rom_sym_m0.txt ABSOLUTE
    osal_msg_dequeue                         0x00014d65   Thumb Code     0  bb_rom_sym_m0.txt ABSOLUTE
    osal_msg_enqueue                         0x00014d91   Thumb Code     0  bb_rom_sym_m0.txt ABSOLUTE
    osal_msg_enqueue_max                     0x00014dc3   Thumb Code     0  bb_rom_sym_m0.txt ABSOLUTE
    osal_msg_extract                         0x00014e6d   Thumb Code     0  bb_rom_sym_m0.txt ABSOLUTE
    osal_msg_find                            0x00014e9d   Thumb Code     0  bb_rom_sym_m0.txt ABSOLUTE
    osal_msg_push                            0x00014ed1   Thumb Code     0  bb_rom_sym_m0.txt ABSOLUTE
    osal_msg_push_front                      0x00014eeb   Thumb Code     0  bb_rom_sym_m0.txt ABSOLUTE
    osal_msg_receive                         0x00014ef5   Thumb Code     0  bb_rom_sym_m0.txt ABSOLUTE
    osal_msg_send                            0x00014f59   Thumb Code     0  bb_rom_sym_m0.txt ABSOLUTE
    osal_next_timeout                        0x00014f7d   Thumb Code     0  bb_rom_sym_m0.txt ABSOLUTE
    osal_pwrmgr_device                       0x00014fa5   Thumb Code     0  bb_rom_sym_m0.txt ABSOLUTE
    osal_pwrmgr_init                         0x00014fb1   Thumb Code     0  bb_rom_sym_m0.txt ABSOLUTE
    osal_pwrmgr_powerconserve                0x00014fc1   Thumb Code     0  bb_rom_sym_m0.txt ABSOLUTE
    osal_pwrmgr_powerconserve0               0x00014fd9   Thumb Code     0  bb_rom_sym_m0.txt ABSOLUTE
    osal_pwrmgr_task_state                   0x000150f9   Thumb Code     0  bb_rom_sym_m0.txt ABSOLUTE
    osal_rand                                0x00015129   Thumb Code     0  bb_rom_sym_m0.txt ABSOLUTE
    osal_revmemcpy                           0x00015145   Thumb Code     0  bb_rom_sym_m0.txt ABSOLUTE
    osal_run_system                          0x00015159   Thumb Code     0  bb_rom_sym_m0.txt ABSOLUTE
    osal_self                                0x000151f5   Thumb Code     0  bb_rom_sym_m0.txt ABSOLUTE
    osal_setClock                            0x00015201   Thumb Code     0  bb_rom_sym_m0.txt ABSOLUTE
    osal_set_event                           0x0001520d   Thumb Code     0  bb_rom_sym_m0.txt ABSOLUTE
    osal_start_reload_timer                  0x00015259   Thumb Code     0  bb_rom_sym_m0.txt ABSOLUTE
    osal_start_system                        0x00015285   Thumb Code     0  bb_rom_sym_m0.txt ABSOLUTE
    osal_start_timerEx                       0x0001528b   Thumb Code     0  bb_rom_sym_m0.txt ABSOLUTE
    osal_stop_timerEx                        0x000152b3   Thumb Code     0  bb_rom_sym_m0.txt ABSOLUTE
    osal_strlen                              0x000152dd   Thumb Code     0  bb_rom_sym_m0.txt ABSOLUTE
    osal_timer_num_active                    0x000152e5   Thumb Code     0  bb_rom_sym_m0.txt ABSOLUTE
    phy_sec_app_key                          0x00015315   Thumb Code     0  bb_rom_sym_m0.txt ABSOLUTE
    phy_sec_decrypt                          0x0001531d   Thumb Code     0  bb_rom_sym_m0.txt ABSOLUTE
    phy_sec_efuse_lock                       0x0001532d   Thumb Code     0  bb_rom_sym_m0.txt ABSOLUTE
    phy_sec_encrypt                          0x00015339   Thumb Code     0  bb_rom_sym_m0.txt ABSOLUTE
    phy_sec_init                             0x00015349   Thumb Code     0  bb_rom_sym_m0.txt ABSOLUTE
    phy_sec_key_valid                        0x0001540d   Thumb Code     0  bb_rom_sym_m0.txt ABSOLUTE
    prog_process_data                        0x00015b19   Thumb Code     0  bb_rom_sym_m0.txt ABSOLUTE
    prog_uart_command                        0x00015c51   Thumb Code     0  bb_rom_sym_m0.txt ABSOLUTE
    prog_uart_fct_command                    0x00015c71   Thumb Code     0  bb_rom_sym_m0.txt ABSOLUTE
    prog_uart_handle                         0x00015c8d   Thumb Code     0  bb_rom_sym_m0.txt ABSOLUTE
    read_LL_remainder_time                   0x00015cbd   Thumb Code     0  bb_rom_sym_m0.txt ABSOLUTE
    read_current_fine_time                   0x00015cc9   Thumb Code     0  bb_rom_sym_m0.txt ABSOLUTE
    read_ll_adv_remainder_time               0x00015cf1   Thumb Code     0  bb_rom_sym_m0.txt ABSOLUTE
    reset_conn_buf                           0x00015cfd   Thumb Code     0  bb_rom_sym_m0.txt ABSOLUTE
    rom_board_init                           0x00016a09   Thumb Code     0  bb_rom_sym_m0.txt ABSOLUTE
    rtc_clear                                0x00016ab5   Thumb Code     0  bb_rom_sym_m0.txt ABSOLUTE
    rtc_config_prescale                      0x00016ad1   Thumb Code     0  bb_rom_sym_m0.txt ABSOLUTE
    rtc_get_counter                          0x00016b15   Thumb Code     0  bb_rom_sym_m0.txt ABSOLUTE
    rtc_start                                0x00016b25   Thumb Code     0  bb_rom_sym_m0.txt ABSOLUTE
    rtc_stop                                 0x00016b35   Thumb Code     0  bb_rom_sym_m0.txt ABSOLUTE
    setSleepMode                             0x00016b45   Thumb Code     0  bb_rom_sym_m0.txt ABSOLUTE
    set_access_address                       0x00016b51   Thumb Code     0  bb_rom_sym_m0.txt ABSOLUTE
    set_channel                              0x00016b5d   Thumb Code     0  bb_rom_sym_m0.txt ABSOLUTE
    set_crc_seed                             0x00016b9d   Thumb Code     0  bb_rom_sym_m0.txt ABSOLUTE
    set_gpio_pull_down_ate                   0x00016bb5   Thumb Code     0  bb_rom_sym_m0.txt ABSOLUTE
    set_gpio_pull_up_ate                     0x00016bcb   Thumb Code     0  bb_rom_sym_m0.txt ABSOLUTE
    set_int                                  0x00016be1   Thumb Code     0  bb_rom_sym_m0.txt ABSOLUTE
    set_max_length                           0x00016bed   Thumb Code     0  bb_rom_sym_m0.txt ABSOLUTE
    set_sleep_flag                           0x00016c01   Thumb Code     0  bb_rom_sym_m0.txt ABSOLUTE
    set_timer                                0x00016c2d   Thumb Code     0  bb_rom_sym_m0.txt ABSOLUTE
    set_whiten_seed                          0x00016cc9   Thumb Code     0  bb_rom_sym_m0.txt ABSOLUTE
    spif_cmd                                 0x00016d49   Thumb Code     0  bb_rom_sym_m0.txt ABSOLUTE
    spif_config                              0x00016dc5   Thumb Code     0  bb_rom_sym_m0.txt ABSOLUTE
    spif_erase_all                           0x00016ea1   Thumb Code     0  bb_rom_sym_m0.txt ABSOLUTE
    spif_erase_block64                       0x00016ed1   Thumb Code     0  bb_rom_sym_m0.txt ABSOLUTE
    spif_erase_chip                          0x00016f55   Thumb Code     0  bb_rom_sym_m0.txt ABSOLUTE
    spif_erase_sector                        0x00016fa9   Thumb Code     0  bb_rom_sym_m0.txt ABSOLUTE
    spif_flash_size                          0x00017029   Thumb Code     0  bb_rom_sym_m0.txt ABSOLUTE
    spif_flash_status_reg_0                  0x0001703d   Thumb Code     0  bb_rom_sym_m0.txt ABSOLUTE
    spif_flash_status_reg_1                  0x00017047   Thumb Code     0  bb_rom_sym_m0.txt ABSOLUTE
    spif_init                                0x00017051   Thumb Code     0  bb_rom_sym_m0.txt ABSOLUTE
    spif_rddata                              0x0001713d   Thumb Code     0  bb_rom_sym_m0.txt ABSOLUTE
    spif_read                                0x00017165   Thumb Code     0  bb_rom_sym_m0.txt ABSOLUTE
    spif_read_dma                            0x0001717d   Thumb Code     0  bb_rom_sym_m0.txt ABSOLUTE
    spif_read_id                             0x00017209   Thumb Code     0  bb_rom_sym_m0.txt ABSOLUTE
    spif_release_deep_sleep                  0x000172cd   Thumb Code     0  bb_rom_sym_m0.txt ABSOLUTE
    spif_set_deep_sleep                      0x00017349   Thumb Code     0  bb_rom_sym_m0.txt ABSOLUTE
    spif_wrdata                              0x0001736d   Thumb Code     0  bb_rom_sym_m0.txt ABSOLUTE
    spif_write                               0x00017395   Thumb Code     0  bb_rom_sym_m0.txt ABSOLUTE
    spif_write_dma                           0x0001744d   Thumb Code     0  bb_rom_sym_m0.txt ABSOLUTE
    spif_write_protect                       0x000174f9   Thumb Code     0  bb_rom_sym_m0.txt ABSOLUTE
    sram_ret_patch                           0x00017591   Thumb Code     0  bb_rom_sym_m0.txt ABSOLUTE
    update_rx_read_ptr                       0x00017609   Thumb Code     0  bb_rom_sym_m0.txt ABSOLUTE
    update_rx_write_ptr                      0x00017635   Thumb Code     0  bb_rom_sym_m0.txt ABSOLUTE
    update_tx_read_ptr                       0x00017659   Thumb Code     0  bb_rom_sym_m0.txt ABSOLUTE
    update_tx_write_ptr                      0x00017685   Thumb Code     0  bb_rom_sym_m0.txt ABSOLUTE
    wakeupProcess                            0x000176a9   Thumb Code     0  bb_rom_sym_m0.txt ABSOLUTE
    wakeupProcess0                           0x000176c5   Thumb Code     0  bb_rom_sym_m0.txt ABSOLUTE
    wakeup_init                              0x000178a5   Thumb Code     0  bb_rom_sym_m0.txt ABSOLUTE
    wakeup_init0                             0x000178bd   Thumb Code     0  bb_rom_sym_m0.txt ABSOLUTE
    zigbee_crc16_gen                         0x0001798d   Thumb Code     0  bb_rom_sym_m0.txt ABSOLUTE
    supportedCmdsTable                       0x00017c00   Data           0  bb_rom_sym_m0.txt ABSOLUTE
    hciCmdTable                              0x00017c44   Data           0  bb_rom_sym_m0.txt ABSOLUTE
    SCA                                      0x00017c4c   Data           0  bb_rom_sym_m0.txt ABSOLUTE
    jump_table_base                          0x1fff0000   Data        1024  jump_table.o(jump_table_mem_area)
    global_config                            0x1fff0400   Data        1024  jump_table.o(global_config_area)
    hclk_per_us                              0x1fff0818   Data           0  bb_rom_sym_m0.txt ABSOLUTE
    hclk_per_us_shift                        0x1fff081c   Data           0  bb_rom_sym_m0.txt ABSOLUTE
    s_prog_time_save                         0x1fff0828   Data           0  bb_rom_sym_m0.txt ABSOLUTE
    s_prog_timeout                           0x1fff082c   Data           0  bb_rom_sym_m0.txt ABSOLUTE
    DFL_ENTRY_BASE                           0x1fff0830   Data           0  bb_rom_sym_m0.txt ABSOLUTE
    receive_timeout_flag                     0x1fff0850   Data           0  bb_rom_sym_m0.txt ABSOLUTE
    osal_sys_tick                            0x1fff0860   Data           0  bb_rom_sym_m0.txt ABSOLUTE
    g_timer4_irq_pending_time                0x1fff0864   Data           0  bb_rom_sym_m0.txt ABSOLUTE
    g_hclk                                   0x1fff0874   Data           0  bb_rom_sym_m0.txt ABSOLUTE
    m_in_critical_region                     0x1fff0878   Data           0  bb_rom_sym_m0.txt ABSOLUTE
    s_rom_debug_level                        0x1fff0888   Data           0  bb_rom_sym_m0.txt ABSOLUTE
    s_spif_ctx                               0x1fff0894   Data           0  bb_rom_sym_m0.txt ABSOLUTE
    osal_qHead                               0x1fff08b8   Data           0  bb_rom_sym_m0.txt ABSOLUTE
    baseTaskID                               0x1fff08c0   Data           0  bb_rom_sym_m0.txt ABSOLUTE
    OSAL_timeSeconds                         0x1fff08cc   Data           0  bb_rom_sym_m0.txt ABSOLUTE
    ll_remain_time                           0x1fff08e4   Data           0  bb_rom_sym_m0.txt ABSOLUTE
    pwrmgr_attribute                         0x1fff08e8   Data           0  bb_rom_sym_m0.txt ABSOLUTE
    timerHead                                0x1fff08f0   Data           0  bb_rom_sym_m0.txt ABSOLUTE
    hciPTMenabled                            0x1fff08f8   Data           0  bb_rom_sym_m0.txt ABSOLUTE
    ctrlToHostEnable                         0x1fff08f9   Data           0  bb_rom_sym_m0.txt ABSOLUTE
    numHostBufs                              0x1fff08fa   Data           0  bb_rom_sym_m0.txt ABSOLUTE
    hciCtrlCmdToken                          0x1fff08fc   Data           0  bb_rom_sym_m0.txt ABSOLUTE
    bleEvtMask                               0x1fff0900   Data           0  bb_rom_sym_m0.txt ABSOLUTE
    pHciEvtMask                              0x1fff0904   Data           0  bb_rom_sym_m0.txt ABSOLUTE
    hciTaskID                                0x1fff090c   Data           0  bb_rom_sym_m0.txt ABSOLUTE
    hciTestTaskID                            0x1fff090d   Data           0  bb_rom_sym_m0.txt ABSOLUTE
    hciGapTaskID                             0x1fff090e   Data           0  bb_rom_sym_m0.txt ABSOLUTE
    hciL2capTaskID                           0x1fff090f   Data           0  bb_rom_sym_m0.txt ABSOLUTE
    hciSmpTaskID                             0x1fff0910   Data           0  bb_rom_sym_m0.txt ABSOLUTE
    hciExtTaskID                             0x1fff0911   Data           0  bb_rom_sym_m0.txt ABSOLUTE
    g_maxConnNum                             0x1fff0914   Data           0  bb_rom_sym_m0.txt ABSOLUTE
    g_maxPktPerEventTx                       0x1fff0915   Data           0  bb_rom_sym_m0.txt ABSOLUTE
    g_maxPktPerEventRx                       0x1fff0916   Data           0  bb_rom_sym_m0.txt ABSOLUTE
    g_blePktVersion                          0x1fff0917   Data           0  bb_rom_sym_m0.txt ABSOLUTE
    g_llRlEnable                             0x1fff0918   Data           0  bb_rom_sym_m0.txt ABSOLUTE
    g_llScanMode                             0x1fff0919   Data           0  bb_rom_sym_m0.txt ABSOLUTE
    g_llAdvMode                              0x1fff091a   Data           0  bb_rom_sym_m0.txt ABSOLUTE
    LL_TaskID                                0x1fff091b   Data           0  bb_rom_sym_m0.txt ABSOLUTE
    llState                                  0x1fff091c   Data           0  bb_rom_sym_m0.txt ABSOLUTE
    numComplPkts                             0x1fff091d   Data           0  bb_rom_sym_m0.txt ABSOLUTE
    numComplPktsLimit                        0x1fff091e   Data           0  bb_rom_sym_m0.txt ABSOLUTE
    fastTxRespTime                           0x1fff091f   Data           0  bb_rom_sym_m0.txt ABSOLUTE
    g_llWlDeviceNum                          0x1fff0920   Data           0  bb_rom_sym_m0.txt ABSOLUTE
    g_llRlDeviceNum                          0x1fff0921   Data           0  bb_rom_sym_m0.txt ABSOLUTE
    rxFifoFlowCtrl                           0x1fff0922   Data           0  bb_rom_sym_m0.txt ABSOLUTE
    llSecondaryState                         0x1fff0923   Data           0  bb_rom_sym_m0.txt ABSOLUTE
    g_extAdvNumber                           0x1fff0924   Data           0  bb_rom_sym_m0.txt ABSOLUTE
    g_perioAdvNumber                         0x1fff0925   Data           0  bb_rom_sym_m0.txt ABSOLUTE
    g_schExtAdvNum                           0x1fff0926   Data           0  bb_rom_sym_m0.txt ABSOLUTE
    g_currentExtAdv                          0x1fff0927   Data           0  bb_rom_sym_m0.txt ABSOLUTE
    g_schExtAdvNum_periodic                  0x1fff0928   Data           0  bb_rom_sym_m0.txt ABSOLUTE
    g_currentExtAdv_periodic                 0x1fff0929   Data           0  bb_rom_sym_m0.txt ABSOLUTE
    g_llPrdAdvDeviceNum                      0x1fff092a   Data           0  bb_rom_sym_m0.txt ABSOLUTE
    g_llRlTimeout                            0x1fff092c   Data           0  bb_rom_sym_m0.txt ABSOLUTE
    g_advSetMaximumLen                       0x1fff0930   Data           0  bb_rom_sym_m0.txt ABSOLUTE
    conn_param                               0x1fff0934   Data           0  bb_rom_sym_m0.txt ABSOLUTE
    g_pExtendedAdvInfo                       0x1fff0938   Data           0  bb_rom_sym_m0.txt ABSOLUTE
    g_pPeriodicAdvInfo                       0x1fff093c   Data           0  bb_rom_sym_m0.txt ABSOLUTE
    g_pLLcteISample                          0x1fff0940   Data           0  bb_rom_sym_m0.txt ABSOLUTE
    g_pLLcteQSample                          0x1fff0944   Data           0  bb_rom_sym_m0.txt ABSOLUTE
    g_llHdcDirAdvTime                        0x1fff0948   Data           0  bb_rom_sym_m0.txt ABSOLUTE
    g_pAdvSchInfo                            0x1fff094c   Data           0  bb_rom_sym_m0.txt ABSOLUTE
    g_advPerSlotTick                         0x1fff0950   Data           0  bb_rom_sym_m0.txt ABSOLUTE
    g_advSlotPeriodic                        0x1fff0954   Data           0  bb_rom_sym_m0.txt ABSOLUTE
    g_pAdvSchInfo_periodic                   0x1fff0958   Data           0  bb_rom_sym_m0.txt ABSOLUTE
    g_timerExpiryTick                        0x1fff095c   Data           0  bb_rom_sym_m0.txt ABSOLUTE
    chanMapUpdate                            0x1fff0960   Data           0  bb_rom_sym_m0.txt ABSOLUTE
    ownPublicAddr                            0x1fff0965   Data           0  bb_rom_sym_m0.txt ABSOLUTE
    ownRandomAddr                            0x1fff096b   Data           0  bb_rom_sym_m0.txt ABSOLUTE
    verInfo                                  0x1fff0972   Data           0  bb_rom_sym_m0.txt ABSOLUTE
    peerInfo                                 0x1fff0978   Data           0  bb_rom_sym_m0.txt ABSOLUTE
    g_currentAdvTimer                        0x1fff0980   Data           0  bb_rom_sym_m0.txt ABSOLUTE
    g_currentTimerTask                       0x1fff0984   Data           0  bb_rom_sym_m0.txt ABSOLUTE
    g_adv_taskID                             0x1fff0988   Data           0  bb_rom_sym_m0.txt ABSOLUTE
    g_conn_taskID                            0x1fff0989   Data           0  bb_rom_sym_m0.txt ABSOLUTE
    g_smartWindowRTOCnt                      0x1fff098a   Data           0  bb_rom_sym_m0.txt ABSOLUTE
    isPeerRpaStore                           0x1fff098b   Data           0  bb_rom_sym_m0.txt ABSOLUTE
    g_same_rf_channel_flag                   0x1fff098c   Data           0  bb_rom_sym_m0.txt ABSOLUTE
    g_currentPeerAddrType                    0x1fff098d   Data           0  bb_rom_sym_m0.txt ABSOLUTE
    g_currentLocalAddrType                   0x1fff098e   Data           0  bb_rom_sym_m0.txt ABSOLUTE
    storeRpaListIndex                        0x1fff098f   Data           0  bb_rom_sym_m0.txt ABSOLUTE
    llTaskState                              0x1fff0990   Data           0  bb_rom_sym_m0.txt ABSOLUTE
    g_adv_taskEvent                          0x1fff0992   Data           0  bb_rom_sym_m0.txt ABSOLUTE
    g_conn_taskEvent                         0x1fff0994   Data           0  bb_rom_sym_m0.txt ABSOLUTE
    llWaitingIrq                             0x1fff0998   Data           0  bb_rom_sym_m0.txt ABSOLUTE
    ISR_entry_time                           0x1fff099c   Data           0  bb_rom_sym_m0.txt ABSOLUTE
    slave_conn_event_recv_delay              0x1fff09a0   Data           0  bb_rom_sym_m0.txt ABSOLUTE
    g_smartWindowLater                       0x1fff09a4   Data           0  bb_rom_sym_m0.txt ABSOLUTE
    g_smartWindowActiveCnt                   0x1fff09a8   Data           0  bb_rom_sym_m0.txt ABSOLUTE
    g_smartWindowPreAnchPoint                0x1fff09ac   Data           0  bb_rom_sym_m0.txt ABSOLUTE
    g_getPn23_cnt                            0x1fff09b0   Data           0  bb_rom_sym_m0.txt ABSOLUTE
    g_getPn23_seed                           0x1fff09b4   Data           0  bb_rom_sym_m0.txt ABSOLUTE
    llScanTime                               0x1fff09b8   Data           0  bb_rom_sym_m0.txt ABSOLUTE
    p_perStatsByChan                         0x1fff09bc   Data           0  bb_rom_sym_m0.txt ABSOLUTE
    LL_PLUS_AdvDataFilterCBack               0x1fff09c0   Data           0  bb_rom_sym_m0.txt ABSOLUTE
    LL_PLUS_ScanRequestFilterCBack           0x1fff09c4   Data           0  bb_rom_sym_m0.txt ABSOLUTE
    g_new_master_delta                       0x1fff09c8   Data           0  bb_rom_sym_m0.txt ABSOLUTE
    llScanT1                                 0x1fff09cc   Data           0  bb_rom_sym_m0.txt ABSOLUTE
    llCurrentScanChn                         0x1fff09d0   Data           0  bb_rom_sym_m0.txt ABSOLUTE
    g_currentLocalRpa                        0x1fff09d4   Data           0  bb_rom_sym_m0.txt ABSOLUTE
    g_currentPeerRpa                         0x1fff09da   Data           0  bb_rom_sym_m0.txt ABSOLUTE
    currentPeerRpa                           0x1fff09e0   Data           0  bb_rom_sym_m0.txt ABSOLUTE
    g_dle_taskID                             0x1fff09e6   Data           0  bb_rom_sym_m0.txt ABSOLUTE
    g_dle_taskEvent                          0x1fff09e8   Data           0  bb_rom_sym_m0.txt ABSOLUTE
    g_phyChg_taskID                          0x1fff09ea   Data           0  bb_rom_sym_m0.txt ABSOLUTE
    g_phyChg_taskEvent                       0x1fff09ec   Data           0  bb_rom_sym_m0.txt ABSOLUTE
    g_smartWindowSize                        0x1fff09f0   Data           0  bb_rom_sym_m0.txt ABSOLUTE
    g_smartWindowSizeNew                     0x1fff09f4   Data           0  bb_rom_sym_m0.txt ABSOLUTE
    g_smartWindowActive                      0x1fff09f8   Data           0  bb_rom_sym_m0.txt ABSOLUTE
    g_interAuxPduDuration                    0x1fff09fc   Data           0  bb_rom_sym_m0.txt ABSOLUTE
    g_rfTxPathCompensation                   0x1fff0a00   Data           0  bb_rom_sym_m0.txt ABSOLUTE
    g_rfRxPathCompensation                   0x1fff0a02   Data           0  bb_rom_sym_m0.txt ABSOLUTE
    connUpdateTimer                          0x1fff0a04   Data           0  bb_rom_sym_m0.txt ABSOLUTE
    sleep_flag                               0x1fff0a0c   Data           0  bb_rom_sym_m0.txt ABSOLUTE
    g_wakeup_rtc_tick                        0x1fff0a10   Data           0  bb_rom_sym_m0.txt ABSOLUTE
    g_counter_traking_avg                    0x1fff0a14   Data           0  bb_rom_sym_m0.txt ABSOLUTE
    g_TIM2_IRQ_TIM3_CurrCount                0x1fff0a18   Data           0  bb_rom_sym_m0.txt ABSOLUTE
    g_TIM2_IRQ_to_Sleep_DeltTick             0x1fff0a1c   Data           0  bb_rom_sym_m0.txt ABSOLUTE
    g_TIM2_IRQ_PendingTick                   0x1fff0a20   Data           0  bb_rom_sym_m0.txt ABSOLUTE
    g_osal_tick_trim                         0x1fff0a24   Data           0  bb_rom_sym_m0.txt ABSOLUTE
    g_osalTickTrim_mod                       0x1fff0a28   Data           0  bb_rom_sym_m0.txt ABSOLUTE
    rtc_mod_value                            0x1fff0a2c   Data           0  bb_rom_sym_m0.txt ABSOLUTE
    g_counter_traking_cnt                    0x1fff0a30   Data           0  bb_rom_sym_m0.txt ABSOLUTE
    sleep_tick                               0x1fff0a34   Data           0  bb_rom_sym_m0.txt ABSOLUTE
    counter_tracking                         0x1fff0a38   Data           0  bb_rom_sym_m0.txt ABSOLUTE
    forever_write                            0x1fff0a3c   Data           0  bb_rom_sym_m0.txt ABSOLUTE
    g_TIM2_wakeup_delay                      0x1fff0a40   Data           0  bb_rom_sym_m0.txt ABSOLUTE
    g_rfPhyTpCal0                            0x1fff0a44   Data           0  bb_rom_sym_m0.txt ABSOLUTE
    g_rfPhyTpCal1                            0x1fff0a45   Data           0  bb_rom_sym_m0.txt ABSOLUTE
    g_rfPhyTpCal0_2Mbps                      0x1fff0a46   Data           0  bb_rom_sym_m0.txt ABSOLUTE
    g_rfPhyTpCal1_2Mbps                      0x1fff0a47   Data           0  bb_rom_sym_m0.txt ABSOLUTE
    g_rfPhyTxPower                           0x1fff0a48   Data           0  bb_rom_sym_m0.txt ABSOLUTE
    g_rfPhyPktFmt                            0x1fff0a49   Data           0  bb_rom_sym_m0.txt ABSOLUTE
    g_system_clk                             0x1fff0a4a   Data           0  bb_rom_sym_m0.txt ABSOLUTE
    g_rfPhyClkSel                            0x1fff0a4b   Data           0  bb_rom_sym_m0.txt ABSOLUTE
    g_rxAdcClkSel                            0x1fff0a4c   Data           0  bb_rom_sym_m0.txt ABSOLUTE
    g_dtmModeType                            0x1fff0a4d   Data           0  bb_rom_sym_m0.txt ABSOLUTE
    g_dtmLength                              0x1fff0a4e   Data           0  bb_rom_sym_m0.txt ABSOLUTE
    g_dtmExtLen                              0x1fff0a4f   Data           0  bb_rom_sym_m0.txt ABSOLUTE
    g_dtmPKT                                 0x1fff0a50   Data           0  bb_rom_sym_m0.txt ABSOLUTE
    g_dtmTxPower                             0x1fff0a51   Data           0  bb_rom_sym_m0.txt ABSOLUTE
    g_dtmRssi                                0x1fff0a52   Data           0  bb_rom_sym_m0.txt ABSOLUTE
    g_dtmCarrSens                            0x1fff0a53   Data           0  bb_rom_sym_m0.txt ABSOLUTE
    g_dtmPktIntv                             0x1fff0a54   Data           0  bb_rom_sym_m0.txt ABSOLUTE
    g_dtmPktCount                            0x1fff0a56   Data           0  bb_rom_sym_m0.txt ABSOLUTE
    g_dtmRxCrcNum                            0x1fff0a58   Data           0  bb_rom_sym_m0.txt ABSOLUTE
    g_dtmRxTONum                             0x1fff0a5a   Data           0  bb_rom_sym_m0.txt ABSOLUTE
    g_dtmRsp                                 0x1fff0a5c   Data           0  bb_rom_sym_m0.txt ABSOLUTE
    g_dtmFoff                                0x1fff0a5e   Data           0  bb_rom_sym_m0.txt ABSOLUTE
    g_rfPhyRxDcIQ                            0x1fff0a60   Data           0  bb_rom_sym_m0.txt ABSOLUTE
    g_dtmTick                                0x1fff0a64   Data           0  bb_rom_sym_m0.txt ABSOLUTE
    g_rfPhyFreqOffSet                        0x1fff0a68   Data           0  bb_rom_sym_m0.txt ABSOLUTE
    g_rfPhyDtmCmd                            0x1fff0a69   Data           0  bb_rom_sym_m0.txt ABSOLUTE
    g_rfPhyDtmEvt                            0x1fff0a6b   Data           0  bb_rom_sym_m0.txt ABSOLUTE
    g_dtmCmd                                 0x1fff0a6d   Data           0  bb_rom_sym_m0.txt ABSOLUTE
    g_dtmFreq                                0x1fff0a6e   Data           0  bb_rom_sym_m0.txt ABSOLUTE
    g_dtmCtrl                                0x1fff0a6f   Data           0  bb_rom_sym_m0.txt ABSOLUTE
    g_dtmPara                                0x1fff0a70   Data           0  bb_rom_sym_m0.txt ABSOLUTE
    g_dtmEvt                                 0x1fff0a71   Data           0  bb_rom_sym_m0.txt ABSOLUTE
    g_dtmStatus                              0x1fff0a72   Data           0  bb_rom_sym_m0.txt ABSOLUTE
    g_dtmTpCalEnable                         0x1fff0a73   Data           0  bb_rom_sym_m0.txt ABSOLUTE
    g_dtmPerAutoIntv                         0x1fff0a74   Data           0  bb_rom_sym_m0.txt ABSOLUTE
    g_dtmAccessCode                          0x1fff0a78   Data           0  bb_rom_sym_m0.txt ABSOLUTE
    g_system_reset_cause                     0x1fff0a80   Data           0  bb_rom_sym_m0.txt ABSOLUTE
    cbTimers                                 0x1fff0afc   Data           0  bb_rom_sym_m0.txt ABSOLUTE
    g_llSleepContext                         0x1fff0b74   Data           0  bb_rom_sym_m0.txt ABSOLUTE
    syncInfo                                 0x1fff0b84   Data           0  bb_rom_sym_m0.txt ABSOLUTE
    scanSyncInfo                             0x1fff0b96   Data           0  bb_rom_sym_m0.txt ABSOLUTE
    adv_param                                0x1fff0ba6   Data           0  bb_rom_sym_m0.txt ABSOLUTE
    scanInfo                                 0x1fff0bbc   Data           0  bb_rom_sym_m0.txt ABSOLUTE
    initInfo                                 0x1fff0bd4   Data           0  bb_rom_sym_m0.txt ABSOLUTE
    extScanInfo                              0x1fff0be8   Data           0  bb_rom_sym_m0.txt ABSOLUTE
    extInitInfo                              0x1fff0c10   Data           0  bb_rom_sym_m0.txt ABSOLUTE
    g_llPeriodAdvSyncInfo                    0x1fff0c50   Data           0  bb_rom_sym_m0.txt ABSOLUTE
    g_ll_conn_ctx                            0x1fff0d30   Data           0  bb_rom_sym_m0.txt ABSOLUTE
    deviceFeatureSet                         0x1fff0e48   Data           0  bb_rom_sym_m0.txt ABSOLUTE
    g_llWhitelist                            0x1fff0e51   Data           0  bb_rom_sym_m0.txt ABSOLUTE
    g_llResolvinglist                        0x1fff0e89   Data           0  bb_rom_sym_m0.txt ABSOLUTE
    g_pmCounters                             0x1fff0ffc   Data           0  bb_rom_sym_m0.txt ABSOLUTE
    g_llPduLen                               0x1fff1084   Data           0  bb_rom_sym_m0.txt ABSOLUTE
    g_llPeriodicAdvlist                      0x1fff10a0   Data           0  bb_rom_sym_m0.txt ABSOLUTE
    rfCounters                               0x1fff10e0   Data           0  bb_rom_sym_m0.txt ABSOLUTE
    ext_adv_hdr                              0x1fff10ec   Data           0  bb_rom_sym_m0.txt ABSOLUTE
    dataPkt                                  0x1fff1118   Data           0  bb_rom_sym_m0.txt ABSOLUTE
    cachedTRNGdata                           0x1fff1138   Data           0  bb_rom_sym_m0.txt ABSOLUTE
    whiten_seed                              0x1fff1144   Data           0  bb_rom_sym_m0.txt ABSOLUTE
    g_tx_adv_buf                             0x1fff116c   Data           0  bb_rom_sym_m0.txt ABSOLUTE
    g_tx_ext_adv_buf                         0x1fff1278   Data           0  bb_rom_sym_m0.txt ABSOLUTE
    tx_scanRsp_desc                          0x1fff1384   Data           0  bb_rom_sym_m0.txt ABSOLUTE
    g_rx_adv_buf                             0x1fff1490   Data           0  bb_rom_sym_m0.txt ABSOLUTE
    __Vectors                                0x1fff1838   Data           4  startup_armcm0.o(RESET)
    __Vectors_End                            0x1fff18f8   Data           0  startup_armcm0.o(RESET)
    __main                                   0x1fff18f9   Thumb Code     0  entry.o(.ARM.Collect$$$$00000000)
    _main_stk                                0x1fff18f9   Thumb Code     0  entry2.o(.ARM.Collect$$$$00000001)
    _main_scatterload                        0x1fff18fd   Thumb Code     0  entry5.o(.ARM.Collect$$$$00000004)
    __main_after_scatterload                 0x1fff1901   Thumb Code     0  entry5.o(.ARM.Collect$$$$00000004)
    _main_clock                              0x1fff1901   Thumb Code     0  entry7b.o(.ARM.Collect$$$$00000008)
    _main_cpp_init                           0x1fff1901   Thumb Code     0  entry8b.o(.ARM.Collect$$$$0000000A)
    _main_init                               0x1fff1901   Thumb Code     0  entry9a.o(.ARM.Collect$$$$0000000B)
    __rt_lib_shutdown_fini                   0x1fff1909   Thumb Code     0  entry12b.o(.ARM.Collect$$$$0000000E)
    __rt_final_cpp                           0x1fff190d   Thumb Code     0  entry10a.o(.ARM.Collect$$$$0000000F)
    __rt_final_exit                          0x1fff190d   Thumb Code     0  entry11a.o(.ARM.Collect$$$$00000011)
    hard_fault                               0x1fff1911   Thumb Code    44  jump_table.o(.emb_text)
    Reset_Handler                            0x1fff1949   Thumb Code     8  startup_armcm0.o(.text)
    SVC_Handler                              0x1fff1955   Thumb Code     2  startup_armcm0.o(.text)
    SysTick_Handler                          0x1fff1959   Thumb Code     2  startup_armcm0.o(.text)
    AACI_IRQHandler                          0x1fff195b   Thumb Code     0  startup_armcm0.o(.text)
    CAN_IRQHandler                           0x1fff195b   Thumb Code     0  startup_armcm0.o(.text)
    CHLCD_IRQHandler                         0x1fff195b   Thumb Code     0  startup_armcm0.o(.text)
    CLCD_IRQHandler                          0x1fff195b   Thumb Code     0  startup_armcm0.o(.text)
    CPU_CLCD_IRQHandler                      0x1fff195b   Thumb Code     0  startup_armcm0.o(.text)
    ENET_IRQHandler                          0x1fff195b   Thumb Code     0  startup_armcm0.o(.text)
    FLEXRAY_IRQHandler                       0x1fff195b   Thumb Code     0  startup_armcm0.o(.text)
    I2C_IRQHandler                           0x1fff195b   Thumb Code     0  startup_armcm0.o(.text)
    LIN_IRQHandler                           0x1fff195b   Thumb Code     0  startup_armcm0.o(.text)
    MCIA_IRQHandler                          0x1fff195b   Thumb Code     0  startup_armcm0.o(.text)
    MCIB_IRQHandler                          0x1fff195b   Thumb Code     0  startup_armcm0.o(.text)
    RTC_IRQHandler                           0x1fff195b   Thumb Code     0  startup_armcm0.o(.text)
    SPI_IRQHandler                           0x1fff195b   Thumb Code     0  startup_armcm0.o(.text)
    TIM0_IRQHandler                          0x1fff195b   Thumb Code     0  startup_armcm0.o(.text)
    TIM2_IRQHandler                          0x1fff195b   Thumb Code     0  startup_armcm0.o(.text)
    UART0_IRQHandler                         0x1fff195b   Thumb Code     0  startup_armcm0.o(.text)
    UART1_IRQHandler                         0x1fff195b   Thumb Code     0  startup_armcm0.o(.text)
    UART2_IRQHandler                         0x1fff195b   Thumb Code     0  startup_armcm0.o(.text)
    UART3_IRQHandler                         0x1fff195b   Thumb Code     0  startup_armcm0.o(.text)
    UART4_IRQHandler                         0x1fff195b   Thumb Code     0  startup_armcm0.o(.text)
    USBDC_IRQHandler                         0x1fff195b   Thumb Code     0  startup_armcm0.o(.text)
    USBHC_IRQHandler                         0x1fff195b   Thumb Code     0  startup_armcm0.o(.text)
    WDT_IRQHandler                           0x1fff195b   Thumb Code     0  startup_armcm0.o(.text)
    __scatterload                            0x1fff1965   Thumb Code    28  init.o(.text)
    __scatterload_rt2                        0x1fff1965   Thumb Code     0  init.o(.text)
    __decompress                             0x1fff1989   Thumb Code     0  __dczerorl.o(.text)
    __decompress0                            0x1fff1989   Thumb Code    58  __dczerorl.o(.text)
    Long Thumb to Thumb Veneer to drv_disable_irq 0x1fff19c5   Thumb Code    12  anon$$obj.o(Veneer$$Code)
    Long Thumb to Thumb Veneer to drv_enable_irq 0x1fff19d1   Thumb Code    12  anon$$obj.o(Veneer$$Code)
    Long Thumb to Thumb Veneer to efuse_read 0x1fff19dd   Thumb Code    12  anon$$obj.o(Veneer$$Code)
    Long Thumb to Thumb Veneer to rom_uart_init 0x1fff19e9   Thumb Code    12  anon$$obj.o(Veneer$$Code)
    Long Thumb to Thumb Veneer to log_printf 0x1fff19f5   Thumb Code    12  anon$$obj.o(Veneer$$Code)
    Long Thumb to Thumb Veneer to rtc_get_counter 0x1fff1a01   Thumb Code    12  anon$$obj.o(Veneer$$Code)
    Long Thumb to Thumb Veneer to spif_cmd   0x1fff1a0d   Thumb Code    12  anon$$obj.o(Veneer$$Code)
    Long Thumb to Thumb Veneer to spif_rddata 0x1fff1a19   Thumb Code    12  anon$$obj.o(Veneer$$Code)
    Long Thumb to Thumb Veneer to WaitRTCCount 0x1fff1a25   Thumb Code    12  anon$$obj.o(Veneer$$Code)
    Long Thumb to Thumb Veneer to LL_ENC_AES128_Encrypt0 0x1fff1a31   Thumb Code    12  anon$$obj.o(Veneer$$Code)
    Long Thumb to Thumb Veneer to osal_memcmp 0x1fff1a3d   Thumb Code    12  anon$$obj.o(Veneer$$Code)
    Long Thumb to Thumb Veneer to spif_erase_sector 0x1fff1a49   Thumb Code    12  anon$$obj.o(Veneer$$Code)
    Long Thumb to Thumb Veneer to spif_write_dma 0x1fff1a55   Thumb Code    12  anon$$obj.o(Veneer$$Code)
    Long Thumb to Thumb Veneer to __aeabi_memclr4 0x1fff1a61   Thumb Code    12  anon$$obj.o(Veneer$$Code)
    Long Thumb to Thumb Veneer to __aeabi_memcpy4 0x1fff1a6d   Thumb Code    12  anon$$obj.o(Veneer$$Code)
    Long Thumb to Thumb Veneer to disableSleep 0x1fff1a79   Thumb Code    12  anon$$obj.o(Veneer$$Code)
    Long Thumb to Thumb Veneer to enableSleep 0x1fff1a85   Thumb Code    12  anon$$obj.o(Veneer$$Code)
    Long Thumb to Thumb Veneer to spif_config 0x1fff1a91   Thumb Code    12  anon$$obj.o(Veneer$$Code)
    Long Thumb to Thumb Veneer to spif_read_id 0x1fff1a9d   Thumb Code    12  anon$$obj.o(Veneer$$Code)
    Long Thumb to Thumb Veneer to drv_irq_init 0x1fff1aa9   Thumb Code    12  anon$$obj.o(Veneer$$Code)
    Long Thumb to Thumb Veneer to ll_hw_set_crc_fmt 0x1fff1ab5   Thumb Code    12  anon$$obj.o(Veneer$$Code)
    Long Thumb to Thumb Veneer to ll_hw_tx2rx_timing_config 0x1fff1ac1   Thumb Code    12  anon$$obj.o(Veneer$$Code)
    Long Thumb to Thumb Veneer to strcmp     0x1fff1acd   Thumb Code    12  anon$$obj.o(Veneer$$Code)
    Long Thumb to Thumb Veneer to __aeabi_memcpy 0x1fff1ad9   Thumb Code    12  anon$$obj.o(Veneer$$Code)
    SystemInit                               0x1fff1c2d   Thumb Code     8  system_armcm0.o(i.SystemInit)
    __scatterload_copy                       0x1fff1c81   Thumb Code    14  handlers.o(i.__scatterload_copy)
    __scatterload_null                       0x1fff1c8f   Thumb Code     2  handlers.o(i.__scatterload_null)
    __scatterload_zeroinit                   0x1fff1c91   Thumb Code    14  handlers.o(i.__scatterload_zeroinit)
    _efuse_chip_version_check                0x1fff1dad   Thumb Code    26  phy_sec_ext.o(i._efuse_chip_version_check)
    _hard_fault                              0x1fff1dcd   Thumb Code   210  jump_table.o(i._hard_fault)
    _rom_efuse_version_init                  0x1fff200d   Thumb Code    18  phy_sec_ext.o(i._rom_efuse_version_init)
    _rom_sec_boot_init                       0x1fff2021   Thumb Code    22  phy_sec_ext.o(i._rom_sec_boot_init)
    clk_init                                 0x1fff20d1   Thumb Code   108  patch.o(i.clk_init)
    efuse_init                               0x1fff2151   Thumb Code    14  phy_sec_ext.o(i.efuse_init)
    finidv                                   0x1fff2169   Thumb Code   126  phy_sec_ext.o(i.finidv)
    hal_GPIO_IRQHandler                      0x1fff21f5   Thumb Code    20  gpio.o(i.hal_GPIO_IRQHandler)
    hal_UART0_IRQHandler                     0x1fff220d   Thumb Code    62  uart.o(i.hal_UART0_IRQHandler)
    hal_UART1_IRQHandler                     0x1fff2251   Thumb Code    62  uart.o(i.hal_UART1_IRQHandler)
    hal_cache_tag_flush                      0x1fff2295   Thumb Code    66  flash.o(i.hal_cache_tag_flush)
    hal_clk_gate_enable                      0x1fff22dd   Thumb Code    52  clock.o(i.hal_clk_gate_enable)
    hal_flash_erase_sector                   0x1fff2311   Thumb Code   172  flash.o(i.hal_flash_erase_sector)
    hal_flash_write_by_dma                   0x1fff23c9   Thumb Code   178  flash.o(i.hal_flash_write_by_dma)
    hal_gpio_init                            0x1fff248d   Thumb Code    66  gpio.o(i.hal_gpio_init)
    hal_gpio_pull_set                        0x1fff2525   Thumb Code    76  gpio.o(i.hal_gpio_pull_set)
    hal_pwrmgr_LowCurrentLdo_enable          0x1fff266d   Thumb Code     4  pwrmgr.o(i.hal_pwrmgr_LowCurrentLdo_enable)
    hal_pwrmgr_RAM_retention                 0x1fff2671   Thumb Code    20  pwrmgr.o(i.hal_pwrmgr_RAM_retention)
    hal_pwrmgr_RAM_retention_set             0x1fff2689   Thumb Code    24  pwrmgr.o(i.hal_pwrmgr_RAM_retention_set)
    hal_pwrmgr_init                          0x1fff26a9   Thumb Code    40  pwrmgr.o(i.hal_pwrmgr_init)
    hal_pwrmgr_register                      0x1fff26d9   Thumb Code    56  pwrmgr.o(i.hal_pwrmgr_register)
    hal_pwrmgr_sleep_process                 0x1fff2715   Thumb Code     4  pwrmgr.o(i.hal_pwrmgr_sleep_process)
    hal_pwrmgr_unlock                        0x1fff2719   Thumb Code    94  pwrmgr.o(i.hal_pwrmgr_unlock)
    hal_pwrmgr_wakeup_process                0x1fff2781   Thumb Code     4  pwrmgr.o(i.hal_pwrmgr_wakeup_process)
    hal_rc32k_clk_tracking_init              0x1fff2785   Thumb Code    18  clock.o(i.hal_rc32k_clk_tracking_init)
    hal_rom_boot_init                        0x1fff280d   Thumb Code    12  patch.o(i.hal_rom_boot_init)
    hal_rtc_clock_config                     0x1fff2819   Thumb Code   118  clock.o(i.hal_rtc_clock_config)
    hal_spif_cache_init                      0x1fff289d   Thumb Code    24  flash.o(i.hal_spif_cache_init)
    lib_efuse_load                           0x1fff2965   Thumb Code   168  lib_efuse3.o(i.lib_efuse_load)
    ll_patch_restore                         0x1fff2a1d   Thumb Code    88  patch.o(i.ll_patch_restore)
    main                                     0x1fff2a81   Thumb Code    80  main.o(i.main)
    osalInitTasks                            0x1fff2ae5   Thumb Code     2  slboot.o(i.osalInitTasks)
    ota_flash_erase                          0x1fff2ae9   Thumb Code    44  ota_flash.o(i.ota_flash_erase)
    rf_phy_ana_cfg                           0x1fff2b1d   Thumb Code   232  rf_phy_driver.o(i.rf_phy_ana_cfg)
    rf_phy_bb_cfg                            0x1fff2c39   Thumb Code   310  rf_phy_driver.o(i.rf_phy_bb_cfg)
    rf_phy_ini                               0x1fff2de5   Thumb Code    42  rf_phy_driver.o(i.rf_phy_ini)
    rf_phy_set_txPower                       0x1fff2e21   Thumb Code   108  rf_phy_driver.o(i.rf_phy_set_txPower)
    slb_boot_load_exch_zone                  0x1fff2f9d   Thumb Code   112  slb.o(i.slb_boot_load_exch_zone)
    slb_spif_erase                           0x1fff3019   Thumb Code    30  slb.o(i.slb_spif_erase)
    slb_spif_read                            0x1fff3039   Thumb Code    38  slb.o(i.slb_spif_read)
    slb_spif_write                           0x1fff3065   Thumb Code    16  slb.o(i.slb_spif_write)
    slboot_main                              0x1fff3075   Thumb Code    10  slboot.o(i.slboot_main)
    tasksCnt                                 0x1fff3098   Data           1  slboot.o(.constdata)
    tasksArr                                 0x1fff309c   Data           8  slboot.o(.constdata)
    c_gpio_index                             0x1fff30a4   Data          23  gpio.o(.constdata)
    c_gpio_pull                              0x1fff30bb   Data          69  gpio.o(.constdata)
    g_hclk_table                             0x1fff310c   Data          32  patch.o(.constdata)
    Region$$Table$$Base                      0x1fff313c   Number         0  anon$$obj.o(Region$$Table)
    Region$$Table$$Limit                     0x1fff319c   Number         0  anon$$obj.o(Region$$Table)
    g_clk32K_config                          0x1fff319c   Data           1  main.o(.data)
    tag_ota_fw                               0x1fff31a0   Data           4  slb.o(.data)
    tag_ota_fw_used                          0x1fff31a4   Data           4  slb.o(.data)
    trap_c_callback                          0x1fff31a8   Data           4  jump_table.o(.data)
    tasksEvents                              0x1fff31ac   Data           4  slboot.o(.data)
    spif_dma_use                             0x1fff31b0   Data           1  flash.o(.data)
    g_chipMAddr                              0x1fff31b8   Data           7  flash.o(.data)
    s_config_swClk1                          0x1fff31c8   Data           4  pwrmgr.o(.data)
    pwroff_register_number                   0x1fff31d0   Data           1  pwrmgr.o(.data)
    SystemCoreClock                          0x1fff31d4   Data           4  system_armcm0.o(.data)
    g_ll_adv_scan_concurrent                 0x1fff31d8   Data           1  patch.o(.data)
    g_ll_sleep_timer5_recoverRequired        0x1fff31d9   Data           1  patch.o(.data)
    g_txdata_content                         0x1fff31da   Data           1  patch.o(.data)
    g_system_clk_change                      0x1fff31db   Data           1  patch.o(.data)
    _clk_change_flg                          0x1fff31dc   Data           1  patch.o(.data)
    pGlobal_config                           0x1fff31e0   Data           4  patch.o(.data)
    g_t_llhwgo                               0x1fff31e4   Data           4  patch.o(.data)
    ll_timer5_remain_time                    0x1fff31e8   Data           4  patch.o(.data)
    p_g_llDevList                            0x1fff31ec   Data           4  patch.o(.data)
    g_llbuf_alloc_Max                        0x1fff31f0   Data           4  patch.o(.data)
    g_llbuf_alloc_Min                        0x1fff31f4   Data           4  patch.o(.data)
    g_llbuf_alloc_avg                        0x1fff31f8   Data           4  patch.o(.data)
    g_xtal16M_tmp                            0x1fff31fc   Data           4  patch.o(.data)
    g_xtal96M_temp                           0x1fff3200   Data           4  patch.o(.data)
    DLL_enable_num                           0x1fff3204   Data           4  patch.o(.data)
    tracking_cnt                             0x1fff3208   Data           4  patch.o(.data)
    sleep_total                              0x1fff320c   Data           4  patch.o(.data)
    restore_index                            0x1fff3210   Data          16  patch.o(.data)
    g_ota_sec_key_valid                      0x1fff3220   Data           1  phy_sec_ext.o(.data)
    s_pwroff_cfg                             0x1fff3414   Data          12  pwrmgr.o(.bss)
    restore_patch                            0x1fff3420   Data          64  patch.o(.bss)
    g_tx_scanreq_buf                         0x1fff3460   Data         268  patch.o(.bss)
    s_partition_buf                          0x1fffb300   Data       16400  slb.o(ota_partition_buffer_area)
    Long Thumb to Thumb Veneer to phy_sec_encrypt 0x1ffff401   Thumb Code    12  anon$$obj.o(Veneer$$Code)
    Long Thumb to Thumb Veneer to phy_sec_decrypt 0x1ffff40d   Thumb Code    12  anon$$obj.o(Veneer$$Code)
    flash_check_parition                     0x1ffff419   Thumb Code    28  aes.o(i.flash_check_parition)
    flash_load_parition                      0x1ffff43d   Thumb Code    28  aes.o(i.flash_load_parition)
    hal_system_soft_reset                    0x1ffff461   Thumb Code    28  clock.o(i.hal_system_soft_reset)
    is_crypto_app                            0x1ffff485   Thumb Code    16  aes.o(i.is_crypto_app)
    crc16                                    0x1ffff495   Thumb Code    54  ota_flash.o(ota_app_loader_area)
    ota_flash_read                           0x1ffff4cb   Thumb Code    84  ota_flash.o(ota_app_loader_area)
    ota_flash_load_app                       0x1ffff51f   Thumb Code   338  ota_flash.o(ota_app_loader_area)
    jump2app                                 0x1ffff69d   Thumb Code     8  slboot.o(ota_app_loader_area)
    run_application                          0x1ffff6a9   Thumb Code    26  slboot.o(ota_app_loader_area)
    ota_load_flash_addr                      0x1ffff6c4   Data           4  ota_flash.o(ota_app_loader_area)
    ota_load_run_addr                        0x1ffff6c8   Data           4  ota_flash.o(ota_app_loader_area)
    ota_load_size                            0x1ffff6cc   Data           4  ota_flash.o(ota_app_loader_area)
    ota_load_checksum                        0x1ffff6d0   Data           4  ota_flash.o(ota_app_loader_area)
    ota_load_crc                             0x1ffff6d4   Data           4  ota_flash.o(ota_app_loader_area)
    ota_boot_bypass_crc                      0x1ffff6d8   Data           4  ota_flash.o(ota_app_loader_area)
    crc16_table                              0x1ffff6dc   Data          32  ota_flash.o(ota_app_loader_area)
    g_ota_sec_key                            0x1ffff6fc   Data          16  phy_sec_ext.o(.bss)
    __initial_sp                             0x1ffffb10   Data           0  startup_armcm0.o(STACK)



==============================================================================

Memory Map of the image

  Image Entry point : 0x1fff18f9

  Load Region LR_ROM_CODE (Base: 0x1fff1838, Size: 0x000019f4, Max: 0x00004700, ABSOLUTE)

    Execution Region ER_ROM_CODE (Exec base: 0x1fff1838, Load base: 0x1fff1838, Size: 0x00001d54, Max: 0x00009ac8, ABSOLUTE)

    Exec Addr    Load Addr    Size         Type   Attr      Idx    E Section Name        Object

    0x1fff1838   0x1fff1838   0x000000c0   Data   RO         1138    RESET               startup_armcm0.o
    0x1fff18f8   0x1fff18f8   0x00000000   Code   RO         1645  * .ARM.Collect$$$$00000000  mc_p.l(entry.o)
    0x1fff18f8   0x1fff18f8   0x00000004   Code   RO         1648    .ARM.Collect$$$$00000001  mc_p.l(entry2.o)
    0x1fff18fc   0x1fff18fc   0x00000004   Code   RO         1651    .ARM.Collect$$$$00000004  mc_p.l(entry5.o)
    0x1fff1900   0x1fff1900   0x00000000   Code   RO         1653    .ARM.Collect$$$$00000008  mc_p.l(entry7b.o)
    0x1fff1900   0x1fff1900   0x00000000   Code   RO         1655    .ARM.Collect$$$$0000000A  mc_p.l(entry8b.o)
    0x1fff1900   0x1fff1900   0x00000008   Code   RO         1656    .ARM.Collect$$$$0000000B  mc_p.l(entry9a.o)
    0x1fff1908   0x1fff1908   0x00000004   Code   RO         1663    .ARM.Collect$$$$0000000E  mc_p.l(entry12b.o)
    0x1fff190c   0x1fff190c   0x00000000   Code   RO         1658    .ARM.Collect$$$$0000000F  mc_p.l(entry10a.o)
    0x1fff190c   0x1fff190c   0x00000000   Code   RO         1660    .ARM.Collect$$$$00000011  mc_p.l(entry11a.o)
    0x1fff190c   0x1fff190c   0x00000004   Code   RO         1649    .ARM.Collect$$$$00002712  mc_p.l(entry2.o)
    0x1fff1910   0x1fff1910   0x00000038   Code   RO          333    .emb_text           jump_table.o
    0x1fff1948   0x1fff1948   0x0000001c   Code   RO         1139    .text               startup_armcm0.o
    0x1fff1964   0x1fff1964   0x00000024   Code   RO         1664    .text               mc_p.l(init.o)
    0x1fff1988   0x1fff1988   0x0000003a   Code   RO         1674    .text               mc_p.l(__dczerorl.o)
    0x1fff19c2   0x1fff19c2   0x00000002   PAD
    0x1fff19c4   0x1fff19c4   0x0000000c   Ven    RO         1676    Veneer$$Code        anon$$obj.o
    0x1fff19d0   0x1fff19d0   0x0000000c   Ven    RO         1677    Veneer$$Code        anon$$obj.o
    0x1fff19dc   0x1fff19dc   0x0000000c   Ven    RO         1678    Veneer$$Code        anon$$obj.o
    0x1fff19e8   0x1fff19e8   0x0000000c   Ven    RO         1679    Veneer$$Code        anon$$obj.o
    0x1fff19f4   0x1fff19f4   0x0000000c   Ven    RO         1680    Veneer$$Code        anon$$obj.o
    0x1fff1a00   0x1fff1a00   0x0000000c   Ven    RO         1681    Veneer$$Code        anon$$obj.o
    0x1fff1a0c   0x1fff1a0c   0x0000000c   Ven    RO         1682    Veneer$$Code        anon$$obj.o
    0x1fff1a18   0x1fff1a18   0x0000000c   Ven    RO         1683    Veneer$$Code        anon$$obj.o
    0x1fff1a24   0x1fff1a24   0x0000000c   Ven    RO         1684    Veneer$$Code        anon$$obj.o
    0x1fff1a30   0x1fff1a30   0x0000000c   Ven    RO         1685    Veneer$$Code        anon$$obj.o
    0x1fff1a3c   0x1fff1a3c   0x0000000c   Ven    RO         1686    Veneer$$Code        anon$$obj.o
    0x1fff1a48   0x1fff1a48   0x0000000c   Ven    RO         1687    Veneer$$Code        anon$$obj.o
    0x1fff1a54   0x1fff1a54   0x0000000c   Ven    RO         1688    Veneer$$Code        anon$$obj.o
    0x1fff1a60   0x1fff1a60   0x0000000c   Ven    RO         1689    Veneer$$Code        anon$$obj.o
    0x1fff1a6c   0x1fff1a6c   0x0000000c   Ven    RO         1690    Veneer$$Code        anon$$obj.o
    0x1fff1a78   0x1fff1a78   0x0000000c   Ven    RO         1691    Veneer$$Code        anon$$obj.o
    0x1fff1a84   0x1fff1a84   0x0000000c   Ven    RO         1692    Veneer$$Code        anon$$obj.o
    0x1fff1a90   0x1fff1a90   0x0000000c   Ven    RO         1693    Veneer$$Code        anon$$obj.o
    0x1fff1a9c   0x1fff1a9c   0x0000000c   Ven    RO         1694    Veneer$$Code        anon$$obj.o
    0x1fff1aa8   0x1fff1aa8   0x0000000c   Ven    RO         1695    Veneer$$Code        anon$$obj.o
    0x1fff1ab4   0x1fff1ab4   0x0000000c   Ven    RO         1696    Veneer$$Code        anon$$obj.o
    0x1fff1ac0   0x1fff1ac0   0x0000000c   Ven    RO         1697    Veneer$$Code        anon$$obj.o
    0x1fff1acc   0x1fff1acc   0x0000000c   Ven    RO         1698    Veneer$$Code        anon$$obj.o
    0x1fff1ad8   0x1fff1ad8   0x0000000c   Ven    RO         1699    Veneer$$Code        anon$$obj.o
    0x1fff1ae4   0x1fff1ae4   0x000000f0   Code   RO          643    _section_sram_code_  uart.o
    0x1fff1bd4   0x1fff1bd4   0x00000044   Code   RO          885    _section_sram_code_  flash.o
    0x1fff1c18   0x1fff1c18   0x00000014   Code   RO         1237    i.NVIC_EnableIRQ    rf.lib(patch.o)
    0x1fff1c2c   0x1fff1c2c   0x00000010   Code   RO         1146    i.SystemInit        system_armcm0.o
    0x1fff1c3c   0x1fff1c3c   0x00000044   Code   RO            3    i.__NVIC_SetPriority  main.o
    0x1fff1c80   0x1fff1c80   0x0000000e   Code   RO         1668    i.__scatterload_copy  mc_p.l(handlers.o)
    0x1fff1c8e   0x1fff1c8e   0x00000002   Code   RO         1669    i.__scatterload_null  mc_p.l(handlers.o)
    0x1fff1c90   0x1fff1c90   0x0000000e   Code   RO         1670    i.__scatterload_zeroinit  mc_p.l(handlers.o)
    0x1fff1c9e   0x1fff1c9e   0x00000002   PAD
    0x1fff1ca0   0x1fff1ca0   0x0000010c   Code   RO         1240    i._clk_apply_setting1  rf.lib(patch.o)
    0x1fff1dac   0x1fff1dac   0x00000020   Code   RO         1597    i._efuse_chip_version_check  rf.lib(phy_sec_ext.o)
    0x1fff1dcc   0x1fff1dcc   0x00000240   Code   RO          334    i._hard_fault       jump_table.o
    0x1fff200c   0x1fff200c   0x00000012   Code   RO         1598    i._rom_efuse_version_init  rf.lib(phy_sec_ext.o)
    0x1fff201e   0x1fff201e   0x00000002   PAD
    0x1fff2020   0x1fff2020   0x0000001c   Code   RO         1599    i._rom_sec_boot_init  rf.lib(phy_sec_ext.o)
    0x1fff203c   0x1fff203c   0x0000006c   Code   RO          887    i._spif_read_status_reg_x  flash.o
    0x1fff20a8   0x1fff20a8   0x00000026   Code   RO          888    i._spif_wait_nobusy_x  flash.o
    0x1fff20ce   0x1fff20ce   0x00000002   PAD
    0x1fff20d0   0x1fff20d0   0x00000080   Code   RO         1244    i.clk_init          rf.lib(patch.o)
    0x1fff2150   0x1fff2150   0x00000018   Code   RO         1600    i.efuse_init        rf.lib(phy_sec_ext.o)
    0x1fff2168   0x1fff2168   0x0000008c   Code   RO         1601    i.finidv            rf.lib(phy_sec_ext.o)
    0x1fff21f4   0x1fff21f4   0x00000018   Code   RO          411    i.hal_GPIO_IRQHandler  gpio.o
    0x1fff220c   0x1fff220c   0x00000044   Code   RO          644    i.hal_UART0_IRQHandler  uart.o
    0x1fff2250   0x1fff2250   0x00000044   Code   RO          645    i.hal_UART1_IRQHandler  uart.o
    0x1fff2294   0x1fff2294   0x00000048   Code   RO          891    i.hal_cache_tag_flush  flash.o
    0x1fff22dc   0x1fff22dc   0x00000034   Code   RO          796    i.hal_clk_gate_enable  clock.o
    0x1fff2310   0x1fff2310   0x000000b8   Code   RO          894    i.hal_flash_erase_sector  flash.o
    0x1fff23c8   0x1fff23c8   0x000000c4   Code   RO          897    i.hal_flash_write_by_dma  flash.o
    0x1fff248c   0x1fff248c   0x00000058   Code   RO          418    i.hal_gpio_init     gpio.o
    0x1fff24e4   0x1fff24e4   0x00000040   Code   RO          419    i.hal_gpio_interrupt_enable  gpio.o
    0x1fff2524   0x1fff2524   0x00000054   Code   RO          422    i.hal_gpio_pull_set  gpio.o
    0x1fff2578   0x1fff2578   0x00000088   Code   RO          429    i.hal_gpioin_event  gpio.o
    0x1fff2600   0x1fff2600   0x0000006c   Code   RO            4    i.hal_low_power_io_init  main.o
    0x1fff266c   0x1fff266c   0x00000004   Code   RO         1010    i.hal_pwrmgr_LowCurrentLdo_enable  pwrmgr.o
    0x1fff2670   0x1fff2670   0x00000018   Code   RO         1011    i.hal_pwrmgr_RAM_retention  pwrmgr.o
    0x1fff2688   0x1fff2688   0x00000020   Code   RO         1013    i.hal_pwrmgr_RAM_retention_set  pwrmgr.o
    0x1fff26a8   0x1fff26a8   0x00000030   Code   RO         1015    i.hal_pwrmgr_init   pwrmgr.o
    0x1fff26d8   0x1fff26d8   0x0000003c   Code   RO         1019    i.hal_pwrmgr_register  pwrmgr.o
    0x1fff2714   0x1fff2714   0x00000004   Code   RO         1020    i.hal_pwrmgr_sleep_process  pwrmgr.o
    0x1fff2718   0x1fff2718   0x00000068   Code   RO         1021    i.hal_pwrmgr_unlock  pwrmgr.o
    0x1fff2780   0x1fff2780   0x00000004   Code   RO         1023    i.hal_pwrmgr_wakeup_process  pwrmgr.o
    0x1fff2784   0x1fff2784   0x00000024   Code   RO          801    i.hal_rc32k_clk_tracking_init  clock.o
    0x1fff27a8   0x1fff27a8   0x00000064   Code   RO            5    i.hal_rfphy_init    main.o
    0x1fff280c   0x1fff280c   0x0000000c   Code   RO         1252    i.hal_rom_boot_init  rf.lib(patch.o)
    0x1fff2818   0x1fff2818   0x00000084   Code   RO          802    i.hal_rtc_clock_config  clock.o
    0x1fff289c   0x1fff289c   0x00000020   Code   RO          899    i.hal_spif_cache_init  flash.o
    0x1fff28bc   0x1fff28bc   0x000000a8   Code   RO          900    i.hw_spif_cache_config  flash.o
    0x1fff2964   0x1fff2964   0x000000b8   Code   RO         1622    i.lib_efuse_load    rf.lib(lib_efuse3.o)
    0x1fff2a1c   0x1fff2a1c   0x00000064   Code   RO         1293    i.ll_patch_restore  rf.lib(patch.o)
    0x1fff2a80   0x1fff2a80   0x00000064   Code   RO            6    i.main              main.o
    0x1fff2ae4   0x1fff2ae4   0x00000002   Code   RO          368    i.osalInitTasks     slboot.o
    0x1fff2ae6   0x1fff2ae6   0x00000002   PAD
    0x1fff2ae8   0x1fff2ae8   0x00000034   Code   RO          183    i.ota_flash_erase   ota_flash.o
    0x1fff2b1c   0x1fff2b1c   0x0000011c   Code   RO         1498    i.rf_phy_ana_cfg    rf.lib(rf_phy_driver.o)
    0x1fff2c38   0x1fff2c38   0x000001ac   Code   RO         1499    i.rf_phy_bb_cfg     rf.lib(rf_phy_driver.o)
    0x1fff2de4   0x1fff2de4   0x0000003c   Code   RO         1517    i.rf_phy_ini        rf.lib(rf_phy_driver.o)
    0x1fff2e20   0x1fff2e20   0x00000074   Code   RO         1518    i.rf_phy_set_txPower  rf.lib(rf_phy_driver.o)
    0x1fff2e94   0x1fff2e94   0x00000108   Code   RO          254    i.slb_apply_exch_zone_to_fw  slb.o
    0x1fff2f9c   0x1fff2f9c   0x0000007c   Code   RO          255    i.slb_boot_load_exch_zone  slb.o
    0x1fff3018   0x1fff3018   0x0000001e   Code   RO          259    i.slb_spif_erase    slb.o
    0x1fff3036   0x1fff3036   0x00000002   PAD
    0x1fff3038   0x1fff3038   0x0000002c   Code   RO          260    i.slb_spif_read     slb.o
    0x1fff3064   0x1fff3064   0x00000010   Code   RO          261    i.slb_spif_write    slb.o
    0x1fff3074   0x1fff3074   0x0000000a   Code   RO          369    i.slboot_main       slboot.o
    0x1fff307e   0x1fff307e   0x00000002   PAD
    0x1fff3080   0x1fff3080   0x00000018   Data   RO            9    .constdata          main.o
    0x1fff3098   0x1fff3098   0x00000001   Data   RO          371    .constdata          slboot.o
    0x1fff3099   0x1fff3099   0x00000003   PAD
    0x1fff309c   0x1fff309c   0x00000008   Data   RO          372    .constdata          slboot.o
    0x1fff30a4   0x1fff30a4   0x0000005c   Data   RO          437    .constdata          gpio.o
    0x1fff3100   0x1fff3100   0x0000000c   Data   RO          661    .constdata          uart.o
    0x1fff310c   0x1fff310c   0x00000020   Data   RO         1333    .constdata          rf.lib(patch.o)
    0x1fff312c   0x1fff312c   0x0000000d   Data   RO          262    .conststring        slb.o
    0x1fff3139   0x1fff3139   0x00000003   PAD
    0x1fff313c   0x1fff313c   0x00000060   Data   RO         1666    Region$$Table       anon$$obj.o
    0x1fff319c   0x1fff319c   0x00000001   Data   RW           10    .data               main.o
    0x1fff319d   0x1fff319d   0x00000003   PAD
    0x1fff31a0   0x1fff31a0   0x00000008   Data   RW          264    .data               slb.o
    0x1fff31a8   0x1fff31a8   0x00000004   Data   RW          335    .data               jump_table.o
    0x1fff31ac   0x1fff31ac   0x00000004   Data   RW          373    .data               slboot.o
    0x1fff31b0   0x1fff31b0   0x0000000f   Data   RW          902    .data               flash.o
    0x1fff31bf   0x1fff31bf   0x00000001   PAD
    0x1fff31c0   0x1fff31c0   0x00000011   Data   RW         1026    .data               pwrmgr.o
    0x1fff31d1   0x1fff31d1   0x00000003   PAD
    0x1fff31d4   0x1fff31d4   0x00000004   Data   RW         1147    .data               system_armcm0.o
    0x1fff31d8   0x1fff31d8   0x00000048   Data   RW         1336    .data               rf.lib(patch.o)
    0x1fff3220   0x1fff3220   0x00000001   Data   RW         1607    .data               rf.lib(phy_sec_ext.o)
    0x1fff3221   0x1fff3221   0x00000003   PAD
    0x1fff3224   0x1fff3224   0x00000008   Data   RW         1632    .data               rf.lib(lib_efuse3.o)
    0x1fff322c        -       0x00000130   Zero   RW          436    .bss                gpio.o
    0x1fff335c        -       0x00000040   Zero   RW          660    .bss                uart.o
    0x1fff339c        -       0x00000084   Zero   RW         1025    .bss                pwrmgr.o
    0x1fff3420        -       0x0000016c   Zero   RW         1332    .bss                rf.lib(patch.o)



  Load Region LR_ROM_JT_GC (Base: 0x1fff0000, Size: 0x00000800, Max: 0x00000800, ABSOLUTE, COMPRESSED[0x0000040c])

    Execution Region JUMP_TABLE (Exec base: 0x1fff0000, Load base: 0x1fff0000, Size: 0x00000400, Max: 0x00000400, ABSOLUTE)

    Exec Addr    Load Addr    Size         Type   Attr      Idx    E Section Name        Object

    0x1fff0000   0x1fff0000   0x00000400   Data   RO          337    jump_table_mem_area  jump_table.o


    Execution Region GOLBAL_CONFIG (Exec base: 0x1fff0400, Load base: 0x1fff0400, Size: 0x00000400, Max: 0x00000400, ABSOLUTE, COMPRESSED[0x0000000c])

    Exec Addr    Load Addr    Size         Type   Attr      Idx    E Section Name        Object

    0x1fff0400   COMPRESSED   0x00000400   Data   RW          336    global_config_area  jump_table.o



  Load Region LR_OTA_SECTOR (Base: 0x1fffb300, Size: 0x00004010, Max: 0x00004100, ABSOLUTE, COMPRESSED[0x00000084])

    Execution Region OTA_SECTOR (Exec base: 0x1fffb300, Load base: 0x1fffb300, Size: 0x00004010, Max: 0x00004100, ABSOLUTE, COMPRESSED[0x00000084])

    Exec Addr    Load Addr    Size         Type   Attr      Idx    E Section Name        Object

    0x1fffb300   COMPRESSED   0x00004010   Data   RW          266    ota_partition_buffer_area  slb.o



  Load Region LR_OTA_LOADER (Base: 0x1ffff400, Size: 0x000002fc, Max: 0x00000c00, ABSOLUTE)

    Execution Region OTA_APP_LOADER (Exec base: 0x1ffff400, Load base: 0x1ffff400, Size: 0x00000710, Max: 0x00000c00, ABSOLUTE)

    Exec Addr    Load Addr    Size         Type   Attr      Idx    E Section Name        Object

    0x1ffff400   0x1ffff400   0x0000000c   Ven    RO         1700    Veneer$$Code        anon$$obj.o
    0x1ffff40c   0x1ffff40c   0x0000000c   Ven    RO         1701    Veneer$$Code        anon$$obj.o
    0x1ffff418   0x1ffff418   0x00000024   Code   RO         1567    i.flash_check_parition  rf.lib(aes.o)
    0x1ffff43c   0x1ffff43c   0x00000024   Code   RO         1568    i.flash_load_parition  rf.lib(aes.o)
    0x1ffff460   0x1ffff460   0x00000024   Code   RO          803    i.hal_system_soft_reset  clock.o
    0x1ffff484   0x1ffff484   0x00000010   Code   RO         1571    i.is_crypto_app     rf.lib(aes.o)
    0x1ffff494   0x1ffff494   0x00000208   Code   RO          189    ota_app_loader_area  ota_flash.o
    0x1ffff69c   0x1ffff69c   0x0000000c   Code   RO          367    ota_app_loader_area  slboot.o
    0x1ffff6a8   0x1ffff6a8   0x0000001a   Code   RO          370    ota_app_loader_area  slboot.o
    0x1ffff6c2   0x1ffff6c2   0x00000002   PAD
    0x1ffff6c4   0x1ffff6c4   0x00000038   Data   RW          190    ota_app_loader_area  ota_flash.o
    0x1ffff6fc        -       0x00000010   Zero   RW         1603    .bss                rf.lib(phy_sec_ext.o)
    0x1ffff70c   0x1ffff6fc   0x00000004   PAD
    0x1ffff710        -       0x00000400   Zero   RW         1136    STACK               startup_armcm0.o


==============================================================================

Image component sizes


      Code (inc. data)   RO Data    RW Data    ZI Data      Debug   Object Name

       256         40          0          0          0       2159   clock.o
       866         84          0         15          0      17315   flash.o
       396         46         92          0        304      13225   gpio.o
       632        380       1024       1028          0       3498   jump_table.o
       376         56         24          1          0      61386   main.o
       572         52          0         56          0       4457   ota_flash.o
       280         34          0         17        132       6392   pwrmgr.o
       478         38         13      16408          0       5237   slb.o
        50          6          9          4          0       2960   slboot.o
        28          8        192          0       1024        628   startup_armcm0.o
        16          8          0          4          0        687   system_armcm0.o
       376         30         12          0         64       3734   uart.o

    ----------------------------------------------------------------------
      4648        886       1468      17540       1524     121678   Object Totals
       312        104         96          0          0          0   (incl. Generated)
        10          0          6          7          0          0   (incl. Padding)

    ----------------------------------------------------------------------

      Code (inc. data)   RO Data    RW Data    ZI Data      Debug   Library Member Name

        58          0          0          0          0          0   __dczerorl.o
         0          0          0          0          0          0   entry.o
         0          0          0          0          0          0   entry10a.o
         0          0          0          0          0          0   entry11a.o
         4          0          0          0          0          0   entry12b.o
         8          4          0          0          0          0   entry2.o
         4          0          0          0          0          0   entry5.o
         0          0          0          0          0          0   entry7b.o
         0          0          0          0          0          0   entry8b.o
         8          4          0          0          0          0   entry9a.o
        30          0          0          0          0          0   handlers.o
        36          8          0          0          0         68   init.o
        88         16          0          0          0        220   aes.o
       184         16          0          8          0         72   lib_efuse3.o
       528         56         32         72        364        360   patch.o
       242         36          0          1         16        344   phy_sec_ext.o
       888        196          0          0          0        292   rf_phy_driver.o

    ----------------------------------------------------------------------
      2084        336         32         84        384       1356   Library Totals
         6          0          0          3          4          0   (incl. Padding)

    ----------------------------------------------------------------------

      Code (inc. data)   RO Data    RW Data    ZI Data      Debug   Library Name

       148         16          0          0          0         68   mc_p.l
      1930        320         32         81        380       1288   rf.lib

    ----------------------------------------------------------------------
      2084        336         32         84        384       1356   Library Totals

    ----------------------------------------------------------------------

==============================================================================


      Code (inc. data)   RO Data    RW Data    ZI Data      Debug   

      6732       1222       1500      17624       1908     120646   Grand Totals
      6732       1222       1500        344       1908     120646   ELF Image Totals (compressed)
      6732       1222       1500        344          0          0   ROM Totals

==============================================================================

    Total RO  Size (Code + RO Data)                 8232 (   8.04kB)
    Total RW  Size (RW Data + ZI Data)             19532 (  19.07kB)
    Total ROM Size (Code + RO Data + RW Data)       8576 (   8.38kB)

==============================================================================

