<html>
<body>
<pre>
<h1>µVision Build Log</h1>
<h2>Tool Versions:</h2>
IDE-Version: ¦ÌVision V5.27.1.0
Copyright (C) 2019 ARM Ltd and ARM Germany GmbH. All rights reserved.
License Information: 1 1, 1, LIC=WHYH9-4QU9G-CX0U6-DGLJK-Y4SUQ-0IS0B
 
Tool Versions:
Toolchain:       MDK-ARM Plus  Version: 5.27.1.0
Toolchain Path:  D:\Keil5\ARM\ARMCC\Bin
C Compiler:      Armcc.exe V5.06 update 6 (build 750)
Assembler:       Armasm.exe V5.06 update 6 (build 750)
Linker/Locator:  ArmLink.exe V5.06 update 6 (build 750)
Library Manager: ArmAr.exe V5.06 update 6 (build 750)
Hex Converter:   FromElf.exe V5.06 update 6 (build 750)
CPU DLL:         SARMCM3.DLL V5.27.1.0
Dialog DLL:      DARMCM1.DLL V1.19.2.0
Target DLL:      UL2CM3.DLL V1.162.15.0
Dialog DLL:      TARMCM1.DLL V1.14.1.0
 
<h2>Project:</h2>
D:\2024\August\renwu\Ai_PB-03F_OPEN-SOURCE\Ai_PB-03F_OPEN-SOURCE\Ai-Demo\BASE\bleUart_AT_ADC\bleUart_AT.uvprojx
Project File Date:  08/16/2024

<h2>Output:</h2>
*** Using Compiler 'V5.06 update 6 (build 750)', folder: 'D:\Keil5\ARM\ARMCC\Bin'
Rebuild target 'ble_uart_at'
compiling simplekeys.c...
compiling gap.c...
compiling gapgattserver.c...
compiling devinfoservice.c...
compiling jump_table.c...
compiling bleuart.c...
compiling main.c...
compiling gattservapp.c...
compiling bleuart_Main.c...
compiling gapbondmgr.c...
compiling peripheral.c...
compiling bleuart_service.c...
compiling adc_demo.c...
compiling bleuart_at_cmd.c...
compiling adc_poilling_demo.c...
compiling bleuart_protocol.c...
compiling OSAL_bleuart.c...
compiling adc_compare_demo.c...
Source\adc_compare_demo.c(69): warning:  #177-D: variable "threshold_low_compare"  was declared but never referenced
  const static uint16_t threshold_low_compare = 3548;
Source\adc_compare_demo.c(70): warning:  #177-D: variable "threshold_high_compare"  was declared but never referenced
  const static uint16_t threshold_high_compare = 3548;
Source\adc_compare_demo.c: 2 warnings, 0 errors
compiling bleuart_at_dma.c...
compiling clock.c...
compiling pwrmgr.c...
compiling cliface.c...
assembling startup_ARMCM0.s...
compiling gpio.c...
compiling my_printf.c...
compiling led.c...
compiling osal_snv.c...
compiling flash.c...
compiling uart.c...
compiling system_ARMCM0.c...
compiling dma.c...
compiling adc.c...
compiling fs.c...
linking...
Program Size: Code=72500 RO-data=3320 RW-data=2516 ZI-data=12952  
After Build - User command #1: fromelf.exe --bin -o  ./bin  ./Objects/bleuart.axf
After Build - User command #2: fromelf.exe .\Objects\bleuart.axf --i32combined --output .\bin\bleuart.hex
".\Objects\bleuart.axf" - 0 Error(s), 2 Warning(s).

<h2>Software Packages used:</h2>

Package Vendor: ARM
                http://www.keil.com/pack/ARM.CMSIS.5.8.0.pack
                ARM.CMSIS.5.8.0
                CMSIS (Common Microcontroller Software Interface Standard)
   * Component: CORE Version: 5.5.0
   * Component: Startup Version: 1.2.2

<h2>Collection of Component include folders:</h2>
  .\RTE\_ble_uart_at
  D:\Keil5\ARM\CMSIS\5.8.0\CMSIS\Core\Include
  D:\Keil5\ARM\CMSIS\5.8.0\Device\ARM\ARMCM0\Include

<h2>Collection of Component Files used:</h2>

   * Component: ARM::CMSIS:CORE:5.5.0

   * Component: ARM::Device:Startup:1.2.2
      Source file:   Device\ARM\ARMCM0\Source\system_ARMCM0.c
      Include file:  Device\ARM\ARMCM0\Include\ARMCM0.h
      Source file:   Device\ARM\ARMCM0\Source\ARM\startup_ARMCM0.s
Build Time Elapsed:  00:00:02
</pre>
</body>
</html>
