Component: ARM Compiler 5.06 update 6 (build 750) Tool: armlink [4d35ed]

==============================================================================

Section Cross References

    main.o(i.hal_low_power_io_init) refers to gpio.o(i.hal_gpio_pull_set) for hal_gpio_pull_set
    main.o(i.hal_low_power_io_init) refers to pwrmgr.o(i.hal_pwrmgr_RAM_retention) for hal_pwrmgr_RAM_retention
    main.o(i.hal_low_power_io_init) refers to pwrmgr.o(i.hal_pwrmgr_RAM_retention_set) for hal_pwrmgr_RAM_retention_set
    main.o(i.hal_low_power_io_init) refers to pwrmgr.o(i.hal_pwrmgr_LowCurrentLdo_enable) for hal_pwrmgr_LowCurrentLdo_enable
    main.o(i.hal_low_power_io_init) refers to main.o(.constdata) for .constdata
    main.o(i.hal_rfphy_init) refers to clock.o(i.hal_rc32k_clk_tracking_init) for hal_rc32k_clk_tracking_init
    main.o(i.hal_rfphy_init) refers to patch.o(i.hal_rom_boot_init) for hal_rom_boot_init
    main.o(i.hal_rfphy_init) refers to main.o(i.__NVIC_SetPriority) for __NVIC_SetPriority
    main.o(i.hal_rfphy_init) refers to patch.o(_func_xip_code_.LL_InitConnectContext) for LL_InitConnectContext
    main.o(i.hal_rfphy_init) refers to main.o(.bss) for .bss
    main.o(i.main) refers to patch.o(_section_xip_code_) for init_config
    main.o(i.main) refers to main.o(i.hal_rfphy_init) for hal_rfphy_init
    main.o(i.main) refers to main.o(i.hal_low_power_io_init) for hal_low_power_io_init
    main.o(i.main) refers to patch.o(i.clk_init) for clk_init
    main.o(i.main) refers to clock.o(i.hal_rtc_clock_config) for hal_rtc_clock_config
    main.o(i.main) refers to pwrmgr.o(i.hal_pwrmgr_init) for hal_pwrmgr_init
    main.o(i.main) refers to flash.o(i.hal_spif_cache_init) for hal_spif_cache_init
    main.o(i.main) refers to my_printf.o(i.dbg_printf_init) for dbg_printf_init
    main.o(i.main) refers to gpio.o(i.hal_gpio_init) for hal_gpio_init
    main.o(i.main) refers to adc.o(i.hal_adc_init) for hal_adc_init
    main.o(i.main) refers to my_printf.o(i.dbg_printf) for dbg_printf
    main.o(i.main) refers to adc_main.o(i.app_main) for app_main
    main.o(i.main) refers to main.o(.data) for .data
    main.o(i.main) refers to main.o(.constdata) for .constdata
    main.o(i.main) refers to main.o(.conststring) for .conststring
    osal_adc.o(i.osalInitTasks) refers to voice_demo.o(i.voice_Init) for voice_Init
    osal_adc.o(i.osalInitTasks) refers to osal_adc.o(.data) for .data
    osal_adc.o(_section_sram_code_) refers to voice_demo.o(i.voice_ProcessEvent) for voice_ProcessEvent
    voice_circ_buff.o(i.CreateCircularBuffer) refers to malloc.o(i.malloc) for malloc
    voice_circ_buff.o(i.DestroyCircularBuffer) refers to malloc.o(i.free) for free
    voice_circ_buff.o(i.FillBuffer) refers to voice_circ_buff.o(i.IsBufferVacant) for IsBufferVacant
    voice_circ_buff.o(i.FillBuffer) refers to voice_circ_buff.o(i.UpdateWritePtr) for UpdateWritePtr
    voice_circ_buff.o(i.FillZeroes) refers to voice_circ_buff.o(i.UpdateWritePtr) for UpdateWritePtr
    voice_circ_buff.o(i.GetBufferEmptySize) refers to voice_circ_buff.o(i.GetBufferSize) for GetBufferSize
    voice_circ_buff.o(i.GetBufferEmptySize) refers to my_printf.o(i.dbg_printf) for dbg_printf
    voice_circ_buff.o(i.IsBufferOverflow) refers to voice_circ_buff.o(i.GetBufferSize) for GetBufferSize
    voice_circ_buff.o(i.IsBufferSizeFilled) refers to voice_circ_buff.o(i.GetBufferSize) for GetBufferSize
    voice_circ_buff.o(i.IsBufferVacant) refers to voice_circ_buff.o(i.GetBufferSize) for GetBufferSize
    voice_circ_buff.o(i.ReadBuffer) refers to voice_circ_buff.o(i.UpdateReadPtr) for UpdateReadPtr
    voice_queue.o(i.InQueue) refers to my_printf.o(i.dbg_printf) for dbg_printf
    voice_queue.o(i.InQueue) refers to voice_queue.o(.bss) for .bss
    voice_queue.o(i.InitQueue) refers to voice_queue.o(.bss) for .bss
    voice_queue.o(i.IsQueueEmpty) refers to voice_queue.o(.bss) for .bss
    voice_queue.o(i.IsQueueFull) refers to voice_queue.o(.bss) for .bss
    voice_queue.o(i.OutQueue) refers to voice_queue.o(.bss) for .bss
    voice_demo.o(i.pin_voice_stop_event) refers to voice_demo.o(i.stop_voice_task) for stop_voice_task
    voice_demo.o(i.stop_voice_task) refers to voice.o(i.hal_voice_stop) for hal_voice_stop
    voice_demo.o(i.stop_voice_task) refers to voice.o(i.hal_voice_deinit) for hal_voice_deinit
    voice_demo.o(i.stop_voice_task) refers to voice_circ_buff.o(i.InitCircularBuffer) for InitCircularBuffer
    voice_demo.o(i.stop_voice_task) refers to voice_queue.o(i.InitQueue) for InitQueue
    voice_demo.o(i.stop_voice_task) refers to voice_demo.o(.data) for .data
    voice_demo.o(i.stop_voice_task) refers to voice_demo.o(.bss) for .bss
    voice_demo.o(i.stop_voice_task) refers to voice_queue.o(.data) for VoiceSend_SubIndex
    voice_demo.o(i.voiceCaptureInit) refers to gpio.o(i.hal_gpio_pin_init) for hal_gpio_pin_init
    voice_demo.o(i.voiceCaptureInit) refers to gpio.o(i.hal_gpio_pull_set) for hal_gpio_pull_set
[...]
    hciPTMenabled                            0x1fff08f8   Data           0  bb_rom_sym_m0.txt ABSOLUTE
    ctrlToHostEnable                         0x1fff08f9   Data           0  bb_rom_sym_m0.txt ABSOLUTE
    numHostBufs                              0x1fff08fa   Data           0  bb_rom_sym_m0.txt ABSOLUTE
    hciCtrlCmdToken                          0x1fff08fc   Data           0  bb_rom_sym_m0.txt ABSOLUTE
    bleEvtMask                               0x1fff0900   Data           0  bb_rom_sym_m0.txt ABSOLUTE
    pHciEvtMask                              0x1fff0904   Data           0  bb_rom_sym_m0.txt ABSOLUTE
    hciTaskID                                0x1fff090c   Data           0  bb_rom_sym_m0.txt ABSOLUTE
    hciTestTaskID                            0x1fff090d   Data           0  bb_rom_sym_m0.txt ABSOLUTE
    hciGapTaskID                             0x1fff090e   Data           0  bb_rom_sym_m0.txt ABSOLUTE
    hciL2capTaskID                           0x1fff090f   Data           0  bb_rom_sym_m0.txt ABSOLUTE
    hciSmpTaskID                             0x1fff0910   Data           0  bb_rom_sym_m0.txt ABSOLUTE
    hciExtTaskID                             0x1fff0911   Data           0  bb_rom_sym_m0.txt ABSOLUTE
    g_maxConnNum                             0x1fff0914   Data           0  bb_rom_sym_m0.txt ABSOLUTE
    g_maxPktPerEventTx                       0x1fff0915   Data           0  bb_rom_sym_m0.txt ABSOLUTE
    g_maxPktPerEventRx                       0x1fff0916   Data           0  bb_rom_sym_m0.txt ABSOLUTE
    g_blePktVersion                          0x1fff0917   Data           0  bb_rom_sym_m0.txt ABSOLUTE
    g_llRlEnable                             0x1fff0918   Data           0  bb_rom_sym_m0.txt ABSOLUTE
    g_llScanMode                             0x1fff0919   Data           0  bb_rom_sym_m0.txt ABSOLUTE
    g_llAdvMode                              0x1fff091a   Data           0  bb_rom_sym_m0.txt ABSOLUTE
    LL_TaskID                                0x1fff091b   Data           0  bb_rom_sym_m0.txt ABSOLUTE
    llState                                  0x1fff091c   Data           0  bb_rom_sym_m0.txt ABSOLUTE
    numComplPkts                             0x1fff091d   Data           0  bb_rom_sym_m0.txt ABSOLUTE
    numComplPktsLimit                        0x1fff091e   Data           0  bb_rom_sym_m0.txt ABSOLUTE
    fastTxRespTime                           0x1fff091f   Data           0  bb_rom_sym_m0.txt ABSOLUTE
    g_llWlDeviceNum                          0x1fff0920   Data           0  bb_rom_sym_m0.txt ABSOLUTE
    g_llRlDeviceNum                          0x1fff0921   Data           0  bb_rom_sym_m0.txt ABSOLUTE
    rxFifoFlowCtrl                           0x1fff0922   Data           0  bb_rom_sym_m0.txt ABSOLUTE
    llSecondaryState                         0x1fff0923   Data           0  bb_rom_sym_m0.txt ABSOLUTE
    g_extAdvNumber                           0x1fff0924   Data           0  bb_rom_sym_m0.txt ABSOLUTE
    g_perioAdvNumber                         0x1fff0925   Data           0  bb_rom_sym_m0.txt ABSOLUTE
    g_schExtAdvNum                           0x1fff0926   Data           0  bb_rom_sym_m0.txt ABSOLUTE
    g_currentExtAdv                          0x1fff0927   Data           0  bb_rom_sym_m0.txt ABSOLUTE
    g_schExtAdvNum_periodic                  0x1fff0928   Data           0  bb_rom_sym_m0.txt ABSOLUTE
    g_currentExtAdv_periodic                 0x1fff0929   Data           0  bb_rom_sym_m0.txt ABSOLUTE
    g_llPrdAdvDeviceNum                      0x1fff092a   Data           0  bb_rom_sym_m0.txt ABSOLUTE
    g_llRlTimeout                            0x1fff092c   Data           0  bb_rom_sym_m0.txt ABSOLUTE
    g_advSetMaximumLen                       0x1fff0930   Data           0  bb_rom_sym_m0.txt ABSOLUTE
    conn_param                               0x1fff0934   Data           0  bb_rom_sym_m0.txt ABSOLUTE
    g_pExtendedAdvInfo                       0x1fff0938   Data           0  bb_rom_sym_m0.txt ABSOLUTE
    g_pPeriodicAdvInfo                       0x1fff093c   Data           0  bb_rom_sym_m0.txt ABSOLUTE
    g_pLLcteISample                          0x1fff0940   Data           0  bb_rom_sym_m0.txt ABSOLUTE
    g_pLLcteQSample                          0x1fff0944   Data           0  bb_rom_sym_m0.txt ABSOLUTE
    g_llHdcDirAdvTime                        0x1fff0948   Data           0  bb_rom_sym_m0.txt ABSOLUTE
    g_pAdvSchInfo                            0x1fff094c   Data           0  bb_rom_sym_m0.txt ABSOLUTE
    g_advPerSlotTick                         0x1fff0950   Data           0  bb_rom_sym_m0.txt ABSOLUTE
    g_advSlotPeriodic                        0x1fff0954   Data           0  bb_rom_sym_m0.txt ABSOLUTE
    g_pAdvSchInfo_periodic                   0x1fff0958   Data           0  bb_rom_sym_m0.txt ABSOLUTE
    g_timerExpiryTick                        0x1fff095c   Data           0  bb_rom_sym_m0.txt ABSOLUTE
    chanMapUpdate                            0x1fff0960   Data           0  bb_rom_sym_m0.txt ABSOLUTE
    ownPublicAddr                            0x1fff0965   Data           0  bb_rom_sym_m0.txt ABSOLUTE
    ownRandomAddr                            0x1fff096b   Data           0  bb_rom_sym_m0.txt ABSOLUTE
    verInfo                                  0x1fff0972   Data           0  bb_rom_sym_m0.txt ABSOLUTE
    peerInfo                                 0x1fff0978   Data           0  bb_rom_sym_m0.txt ABSOLUTE
    g_currentAdvTimer                        0x1fff0980   Data           0  bb_rom_sym_m0.txt ABSOLUTE
    g_currentTimerTask                       0x1fff0984   Data           0  bb_rom_sym_m0.txt ABSOLUTE
    g_adv_taskID                             0x1fff0988   Data           0  bb_rom_sym_m0.txt ABSOLUTE
    g_conn_taskID                            0x1fff0989   Data           0  bb_rom_sym_m0.txt ABSOLUTE
    g_smartWindowRTOCnt                      0x1fff098a   Data           0  bb_rom_sym_m0.txt ABSOLUTE
    isPeerRpaStore                           0x1fff098b   Data           0  bb_rom_sym_m0.txt ABSOLUTE
    g_same_rf_channel_flag                   0x1fff098c   Data           0  bb_rom_sym_m0.txt ABSOLUTE
    g_currentPeerAddrType                    0x1fff098d   Data           0  bb_rom_sym_m0.txt ABSOLUTE
    g_currentLocalAddrType                   0x1fff098e   Data           0  bb_rom_sym_m0.txt ABSOLUTE
    storeRpaListIndex                        0x1fff098f   Data           0  bb_rom_sym_m0.txt ABSOLUTE
    llTaskState                              0x1fff0990   Data           0  bb_rom_sym_m0.txt ABSOLUTE
    g_adv_taskEvent                          0x1fff0992   Data           0  bb_rom_sym_m0.txt ABSOLUTE
    g_conn_taskEvent                         0x1fff0994   Data           0  bb_rom_sym_m0.txt ABSOLUTE
    llWaitingIrq                             0x1fff0998   Data           0  bb_rom_sym_m0.txt ABSOLUTE
    ISR_entry_time                           0x1fff099c   Data           0  bb_rom_sym_m0.txt ABSOLUTE
    slave_conn_event_recv_delay              0x1fff09a0   Data           0  bb_rom_sym_m0.txt ABSOLUTE
    g_smartWindowLater                       0x1fff09a4   Data           0  bb_rom_sym_m0.txt ABSOLUTE
    g_smartWindowActiveCnt                   0x1fff09a8   Data           0  bb_rom_sym_m0.txt ABSOLUTE
    g_smartWindowPreAnchPoint                0x1fff09ac   Data           0  bb_rom_sym_m0.txt ABSOLUTE
    g_getPn23_cnt                            0x1fff09b0   Data           0  bb_rom_sym_m0.txt ABSOLUTE
    g_getPn23_seed                           0x1fff09b4   Data           0  bb_rom_sym_m0.txt ABSOLUTE
    llScanTime                               0x1fff09b8   Data           0  bb_rom_sym_m0.txt ABSOLUTE
    p_perStatsByChan                         0x1fff09bc   Data           0  bb_rom_sym_m0.txt ABSOLUTE
    LL_PLUS_AdvDataFilterCBack               0x1fff09c0   Data           0  bb_rom_sym_m0.txt ABSOLUTE
    LL_PLUS_ScanRequestFilterCBack           0x1fff09c4   Data           0  bb_rom_sym_m0.txt ABSOLUTE
    g_new_master_delta                       0x1fff09c8   Data           0  bb_rom_sym_m0.txt ABSOLUTE
    llScanT1                                 0x1fff09cc   Data           0  bb_rom_sym_m0.txt ABSOLUTE
    llCurrentScanChn                         0x1fff09d0   Data           0  bb_rom_sym_m0.txt ABSOLUTE
    g_currentLocalRpa                        0x1fff09d4   Data           0  bb_rom_sym_m0.txt ABSOLUTE
    g_currentPeerRpa                         0x1fff09da   Data           0  bb_rom_sym_m0.txt ABSOLUTE
    currentPeerRpa                           0x1fff09e0   Data           0  bb_rom_sym_m0.txt ABSOLUTE
    g_dle_taskID                             0x1fff09e6   Data           0  bb_rom_sym_m0.txt ABSOLUTE
    g_dle_taskEvent                          0x1fff09e8   Data           0  bb_rom_sym_m0.txt ABSOLUTE
    g_phyChg_taskID                          0x1fff09ea   Data           0  bb_rom_sym_m0.txt ABSOLUTE
    g_phyChg_taskEvent                       0x1fff09ec   Data           0  bb_rom_sym_m0.txt ABSOLUTE
    g_smartWindowSize                        0x1fff09f0   Data           0  bb_rom_sym_m0.txt ABSOLUTE
    g_smartWindowSizeNew                     0x1fff09f4   Data           0  bb_rom_sym_m0.txt ABSOLUTE
    g_smartWindowActive                      0x1fff09f8   Data           0  bb_rom_sym_m0.txt ABSOLUTE
    g_interAuxPduDuration                    0x1fff09fc   Data           0  bb_rom_sym_m0.txt ABSOLUTE
    g_rfTxPathCompensation                   0x1fff0a00   Data           0  bb_rom_sym_m0.txt ABSOLUTE
    g_rfRxPathCompensation                   0x1fff0a02   Data           0  bb_rom_sym_m0.txt ABSOLUTE
    connUpdateTimer                          0x1fff0a04   Data           0  bb_rom_sym_m0.txt ABSOLUTE
    sleep_flag                               0x1fff0a0c   Data           0  bb_rom_sym_m0.txt ABSOLUTE
    g_wakeup_rtc_tick                        0x1fff0a10   Data           0  bb_rom_sym_m0.txt ABSOLUTE
    g_counter_traking_avg                    0x1fff0a14   Data           0  bb_rom_sym_m0.txt ABSOLUTE
    g_TIM2_IRQ_TIM3_CurrCount                0x1fff0a18   Data           0  bb_rom_sym_m0.txt ABSOLUTE
    g_TIM2_IRQ_to_Sleep_DeltTick             0x1fff0a1c   Data           0  bb_rom_sym_m0.txt ABSOLUTE
    g_TIM2_IRQ_PendingTick                   0x1fff0a20   Data           0  bb_rom_sym_m0.txt ABSOLUTE
    g_osal_tick_trim                         0x1fff0a24   Data           0  bb_rom_sym_m0.txt ABSOLUTE
    g_osalTickTrim_mod                       0x1fff0a28   Data           0  bb_rom_sym_m0.txt ABSOLUTE
    rtc_mod_value                            0x1fff0a2c   Data           0  bb_rom_sym_m0.txt ABSOLUTE
    g_counter_traking_cnt                    0x1fff0a30   Data           0  bb_rom_sym_m0.txt ABSOLUTE
    sleep_tick                               0x1fff0a34   Data           0  bb_rom_sym_m0.txt ABSOLUTE
    counter_tracking                         0x1fff0a38   Data           0  bb_rom_sym_m0.txt ABSOLUTE
    forever_write                            0x1fff0a3c   Data           0  bb_rom_sym_m0.txt ABSOLUTE
    g_TIM2_wakeup_delay                      0x1fff0a40   Data           0  bb_rom_sym_m0.txt ABSOLUTE
    g_rfPhyTpCal0                            0x1fff0a44   Data           0  bb_rom_sym_m0.txt ABSOLUTE
    g_rfPhyTpCal1                            0x1fff0a45   Data           0  bb_rom_sym_m0.txt ABSOLUTE
    g_rfPhyTpCal0_2Mbps                      0x1fff0a46   Data           0  bb_rom_sym_m0.txt ABSOLUTE
    g_rfPhyTpCal1_2Mbps                      0x1fff0a47   Data           0  bb_rom_sym_m0.txt ABSOLUTE
    g_rfPhyTxPower                           0x1fff0a48   Data           0  bb_rom_sym_m0.txt ABSOLUTE
    g_rfPhyPktFmt                            0x1fff0a49   Data           0  bb_rom_sym_m0.txt ABSOLUTE
    g_system_clk                             0x1fff0a4a   Data           0  bb_rom_sym_m0.txt ABSOLUTE
    g_rfPhyClkSel                            0x1fff0a4b   Data           0  bb_rom_sym_m0.txt ABSOLUTE
    g_rxAdcClkSel                            0x1fff0a4c   Data           0  bb_rom_sym_m0.txt ABSOLUTE
    g_dtmModeType                            0x1fff0a4d   Data           0  bb_rom_sym_m0.txt ABSOLUTE
    g_dtmLength                              0x1fff0a4e   Data           0  bb_rom_sym_m0.txt ABSOLUTE
    g_dtmExtLen                              0x1fff0a4f   Data           0  bb_rom_sym_m0.txt ABSOLUTE
    g_dtmPKT                                 0x1fff0a50   Data           0  bb_rom_sym_m0.txt ABSOLUTE
    g_dtmTxPower                             0x1fff0a51   Data           0  bb_rom_sym_m0.txt ABSOLUTE
    g_dtmRssi                                0x1fff0a52   Data           0  bb_rom_sym_m0.txt ABSOLUTE
    g_dtmCarrSens                            0x1fff0a53   Data           0  bb_rom_sym_m0.txt ABSOLUTE
    g_dtmPktIntv                             0x1fff0a54   Data           0  bb_rom_sym_m0.txt ABSOLUTE
    g_dtmPktCount                            0x1fff0a56   Data           0  bb_rom_sym_m0.txt ABSOLUTE
    g_dtmRxCrcNum                            0x1fff0a58   Data           0  bb_rom_sym_m0.txt ABSOLUTE
    g_dtmRxTONum                             0x1fff0a5a   Data           0  bb_rom_sym_m0.txt ABSOLUTE
    g_dtmRsp                                 0x1fff0a5c   Data           0  bb_rom_sym_m0.txt ABSOLUTE
    g_dtmFoff                                0x1fff0a5e   Data           0  bb_rom_sym_m0.txt ABSOLUTE
    g_rfPhyRxDcIQ                            0x1fff0a60   Data           0  bb_rom_sym_m0.txt ABSOLUTE
    g_dtmTick                                0x1fff0a64   Data           0  bb_rom_sym_m0.txt ABSOLUTE
    g_rfPhyFreqOffSet                        0x1fff0a68   Data           0  bb_rom_sym_m0.txt ABSOLUTE
    g_rfPhyDtmCmd                            0x1fff0a69   Data           0  bb_rom_sym_m0.txt ABSOLUTE
    g_rfPhyDtmEvt                            0x1fff0a6b   Data           0  bb_rom_sym_m0.txt ABSOLUTE
    g_dtmCmd                                 0x1fff0a6d   Data           0  bb_rom_sym_m0.txt ABSOLUTE
    g_dtmFreq                                0x1fff0a6e   Data           0  bb_rom_sym_m0.txt ABSOLUTE
    g_dtmCtrl                                0x1fff0a6f   Data           0  bb_rom_sym_m0.txt ABSOLUTE
    g_dtmPara                                0x1fff0a70   Data           0  bb_rom_sym_m0.txt ABSOLUTE
    g_dtmEvt                                 0x1fff0a71   Data           0  bb_rom_sym_m0.txt ABSOLUTE
    g_dtmStatus                              0x1fff0a72   Data           0  bb_rom_sym_m0.txt ABSOLUTE
    g_dtmTpCalEnable                         0x1fff0a73   Data           0  bb_rom_sym_m0.txt ABSOLUTE
    g_dtmPerAutoIntv                         0x1fff0a74   Data           0  bb_rom_sym_m0.txt ABSOLUTE
    g_dtmAccessCode                          0x1fff0a78   Data           0  bb_rom_sym_m0.txt ABSOLUTE
    g_system_reset_cause                     0x1fff0a80   Data           0  bb_rom_sym_m0.txt ABSOLUTE
    cbTimers                                 0x1fff0afc   Data           0  bb_rom_sym_m0.txt ABSOLUTE
    g_llSleepContext                         0x1fff0b74   Data           0  bb_rom_sym_m0.txt ABSOLUTE
    syncInfo                                 0x1fff0b84   Data           0  bb_rom_sym_m0.txt ABSOLUTE
    scanSyncInfo                             0x1fff0b96   Data           0  bb_rom_sym_m0.txt ABSOLUTE
    adv_param                                0x1fff0ba6   Data           0  bb_rom_sym_m0.txt ABSOLUTE
    scanInfo                                 0x1fff0bbc   Data           0  bb_rom_sym_m0.txt ABSOLUTE
    initInfo                                 0x1fff0bd4   Data           0  bb_rom_sym_m0.txt ABSOLUTE
    extScanInfo                              0x1fff0be8   Data           0  bb_rom_sym_m0.txt ABSOLUTE
    extInitInfo                              0x1fff0c10   Data           0  bb_rom_sym_m0.txt ABSOLUTE
    g_llPeriodAdvSyncInfo                    0x1fff0c50   Data           0  bb_rom_sym_m0.txt ABSOLUTE
    g_ll_conn_ctx                            0x1fff0d30   Data           0  bb_rom_sym_m0.txt ABSOLUTE
    deviceFeatureSet                         0x1fff0e48   Data           0  bb_rom_sym_m0.txt ABSOLUTE
    g_llWhitelist                            0x1fff0e51   Data           0  bb_rom_sym_m0.txt ABSOLUTE
    g_llResolvinglist                        0x1fff0e89   Data           0  bb_rom_sym_m0.txt ABSOLUTE
    g_pmCounters                             0x1fff0ffc   Data           0  bb_rom_sym_m0.txt ABSOLUTE
    g_llPduLen                               0x1fff1084   Data           0  bb_rom_sym_m0.txt ABSOLUTE
    g_llPeriodicAdvlist                      0x1fff10a0   Data           0  bb_rom_sym_m0.txt ABSOLUTE
    rfCounters                               0x1fff10e0   Data           0  bb_rom_sym_m0.txt ABSOLUTE
    ext_adv_hdr                              0x1fff10ec   Data           0  bb_rom_sym_m0.txt ABSOLUTE
    dataPkt                                  0x1fff1118   Data           0  bb_rom_sym_m0.txt ABSOLUTE
    cachedTRNGdata                           0x1fff1138   Data           0  bb_rom_sym_m0.txt ABSOLUTE
    whiten_seed                              0x1fff1144   Data           0  bb_rom_sym_m0.txt ABSOLUTE
    g_tx_adv_buf                             0x1fff116c   Data           0  bb_rom_sym_m0.txt ABSOLUTE
    g_tx_ext_adv_buf                         0x1fff1278   Data           0  bb_rom_sym_m0.txt ABSOLUTE
    tx_scanRsp_desc                          0x1fff1384   Data           0  bb_rom_sym_m0.txt ABSOLUTE
    g_rx_adv_buf                             0x1fff1490   Data           0  bb_rom_sym_m0.txt ABSOLUTE
    __Vectors                                0x1fff1838   Data           4  startup_armcm0.o(RESET)
    __Vectors_End                            0x1fff18f8   Data           0  startup_armcm0.o(RESET)
    __main                                   0x1fff18f9   Thumb Code     0  entry.o(.ARM.Collect$$$$00000000)
    _main_stk                                0x1fff18f9   Thumb Code     0  entry2.o(.ARM.Collect$$$$00000001)
    _main_scatterload                        0x1fff18fd   Thumb Code     0  entry5.o(.ARM.Collect$$$$00000004)
    __main_after_scatterload                 0x1fff1901   Thumb Code     0  entry5.o(.ARM.Collect$$$$00000004)
    _main_clock                              0x1fff1901   Thumb Code     0  entry7b.o(.ARM.Collect$$$$00000008)
    _main_cpp_init                           0x1fff1901   Thumb Code     0  entry8b.o(.ARM.Collect$$$$0000000A)
    _main_init                               0x1fff1901   Thumb Code     0  entry9a.o(.ARM.Collect$$$$0000000B)
    __rt_final_cpp                           0x1fff1909   Thumb Code     0  entry10a.o(.ARM.Collect$$$$0000000D)
    __rt_final_exit                          0x1fff1909   Thumb Code     0  entry11a.o(.ARM.Collect$$$$0000000F)
    hard_fault                               0x1fff190d   Thumb Code    44  jump_table.o(.emb_text)
    Reset_Handler                            0x1fff1945   Thumb Code     8  startup_armcm0.o(.text)
    SVC_Handler                              0x1fff1951   Thumb Code     2  startup_armcm0.o(.text)
    SysTick_Handler                          0x1fff1955   Thumb Code     2  startup_armcm0.o(.text)
    AACI_IRQHandler                          0x1fff1957   Thumb Code     0  startup_armcm0.o(.text)
    CAN_IRQHandler                           0x1fff1957   Thumb Code     0  startup_armcm0.o(.text)
    CHLCD_IRQHandler                         0x1fff1957   Thumb Code     0  startup_armcm0.o(.text)
    CLCD_IRQHandler                          0x1fff1957   Thumb Code     0  startup_armcm0.o(.text)
    CPU_CLCD_IRQHandler                      0x1fff1957   Thumb Code     0  startup_armcm0.o(.text)
    ENET_IRQHandler                          0x1fff1957   Thumb Code     0  startup_armcm0.o(.text)
    FLEXRAY_IRQHandler                       0x1fff1957   Thumb Code     0  startup_armcm0.o(.text)
    I2C_IRQHandler                           0x1fff1957   Thumb Code     0  startup_armcm0.o(.text)
    LIN_IRQHandler                           0x1fff1957   Thumb Code     0  startup_armcm0.o(.text)
    MCIA_IRQHandler                          0x1fff1957   Thumb Code     0  startup_armcm0.o(.text)
    MCIB_IRQHandler                          0x1fff1957   Thumb Code     0  startup_armcm0.o(.text)
    RTC_IRQHandler                           0x1fff1957   Thumb Code     0  startup_armcm0.o(.text)
    SPI_IRQHandler                           0x1fff1957   Thumb Code     0  startup_armcm0.o(.text)
    TIM0_IRQHandler                          0x1fff1957   Thumb Code     0  startup_armcm0.o(.text)
    TIM2_IRQHandler                          0x1fff1957   Thumb Code     0  startup_armcm0.o(.text)
    UART0_IRQHandler                         0x1fff1957   Thumb Code     0  startup_armcm0.o(.text)
    UART1_IRQHandler                         0x1fff1957   Thumb Code     0  startup_armcm0.o(.text)
    UART2_IRQHandler                         0x1fff1957   Thumb Code     0  startup_armcm0.o(.text)
    UART3_IRQHandler                         0x1fff1957   Thumb Code     0  startup_armcm0.o(.text)
    UART4_IRQHandler                         0x1fff1957   Thumb Code     0  startup_armcm0.o(.text)
    USBDC_IRQHandler                         0x1fff1957   Thumb Code     0  startup_armcm0.o(.text)
    USBHC_IRQHandler                         0x1fff1957   Thumb Code     0  startup_armcm0.o(.text)
    WDT_IRQHandler                           0x1fff1957   Thumb Code     0  startup_armcm0.o(.text)
    __scatterload                            0x1fff1961   Thumb Code    28  init.o(.text)
    __scatterload_rt2                        0x1fff1961   Thumb Code     0  init.o(.text)
    __decompress                             0x1fff1985   Thumb Code     0  __dczerorl.o(.text)
    __decompress0                            0x1fff1985   Thumb Code    58  __dczerorl.o(.text)
    Long Thumb to Thumb Veneer to drv_disable_irq 0x1fff19c1   Thumb Code    12  anon$$obj.o(Veneer$$Code)
    Long Thumb to Thumb Veneer to LL_Disconnect0 0x1fff19cd   Thumb Code    12  anon$$obj.o(Veneer$$Code)
    Long Thumb to Thumb Veneer to drv_enable_irq 0x1fff19d9   Thumb Code    12  anon$$obj.o(Veneer$$Code)
    Long Thumb to Thumb Veneer to __aeabi_memclr4 0x1fff19e5   Thumb Code    12  anon$$obj.o(Veneer$$Code)
    Long Thumb to Thumb Veneer to LL_SetDataLengh0 0x1fff19f1   Thumb Code    12  anon$$obj.o(Veneer$$Code)
    Long Thumb to Thumb Veneer to llEnqueueDataQ 0x1fff19fd   Thumb Code    12  anon$$obj.o(Veneer$$Code)
    Long Thumb to Thumb Veneer to llProcessTxData 0x1fff1a09   Thumb Code    12  anon$$obj.o(Veneer$$Code)
    Long Thumb to Thumb Veneer to config_RTC 0x1fff1a15   Thumb Code    12  anon$$obj.o(Veneer$$Code)
    Long Thumb to Thumb Veneer to enter_sleep_off_mode 0x1fff1a21   Thumb Code    12  anon$$obj.o(Veneer$$Code)
    Long Thumb to Thumb Veneer to __aeabi_memcpy 0x1fff1a2d   Thumb Code    12  anon$$obj.o(Veneer$$Code)
    Long Thumb to Thumb Veneer to __aeabi_memclr 0x1fff1a39   Thumb Code    12  anon$$obj.o(Veneer$$Code)
    Long Thumb to Thumb Veneer to LL_ENC_AES128_Encrypt0 0x1fff1a45   Thumb Code    12  anon$$obj.o(Veneer$$Code)
    Long Thumb to Thumb Veneer to LL_ENC_LoadKey 0x1fff1a51   Thumb Code    12  anon$$obj.o(Veneer$$Code)
    Long Thumb to Thumb Veneer to LL_ENC_GenerateNonce 0x1fff1a5d   Thumb Code    12  anon$$obj.o(Veneer$$Code)
    Long Thumb to Thumb Veneer to __aeabi_uread4 0x1fff1a69   Thumb Code    12  anon$$obj.o(Veneer$$Code)
    Long Thumb to Thumb Veneer to read_current_fine_time 0x1fff1a75   Thumb Code    12  anon$$obj.o(Veneer$$Code)
    Long Thumb to Thumb Veneer to ll_debug_output 0x1fff1a81   Thumb Code    12  anon$$obj.o(Veneer$$Code)
    Long Thumb to Thumb Veneer to ll_hw_get_irq_status 0x1fff1a8d   Thumb Code    12  anon$$obj.o(Veneer$$Code)
    Long Thumb to Thumb Veneer to ll_hw_get_tr_mode 0x1fff1a99   Thumb Code    12  anon$$obj.o(Veneer$$Code)
    Long Thumb to Thumb Veneer to ll_hw_clr_irq 0x1fff1aa5   Thumb Code    12  anon$$obj.o(Veneer$$Code)
    Long Thumb to Thumb Veneer to ll_processExtAdvIRQ 0x1fff1ab1   Thumb Code    12  anon$$obj.o(Veneer$$Code)
    Long Thumb to Thumb Veneer to ll_processExtScanIRQ 0x1fff1abd   Thumb Code    12  anon$$obj.o(Veneer$$Code)
    Long Thumb to Thumb Veneer to ll_processExtInitIRQ 0x1fff1ac9   Thumb Code    12  anon$$obj.o(Veneer$$Code)
    Long Thumb to Thumb Veneer to ll_processPrdAdvIRQ 0x1fff1ad5   Thumb Code    12  anon$$obj.o(Veneer$$Code)
    Long Thumb to Thumb Veneer to ll_processPrdScanIRQ 0x1fff1ae1   Thumb Code    12  anon$$obj.o(Veneer$$Code)
    Long Thumb to Thumb Veneer to ll_processBasicIRQ 0x1fff1aed   Thumb Code    12  anon$$obj.o(Veneer$$Code)
    Long Thumb to Thumb Veneer to ll_schedule_next_event 0x1fff1af9   Thumb Code    12  anon$$obj.o(Veneer$$Code)
    Long Thumb to Thumb Veneer to llSecAdvAllow 0x1fff1b05   Thumb Code    12  anon$$obj.o(Veneer$$Code)
    Long Thumb to Thumb Veneer to llSetupSecAdvEvt 0x1fff1b11   Thumb Code    12  anon$$obj.o(Veneer$$Code)
    Long Thumb to Thumb Veneer to ll_hw_set_rx_timeout 0x1fff1b1d   Thumb Code    12  anon$$obj.o(Veneer$$Code)
    Long Thumb to Thumb Veneer to llSetupSecScan 0x1fff1b29   Thumb Code    12  anon$$obj.o(Veneer$$Code)
    Long Thumb to Thumb Veneer to llSetupSecInit 0x1fff1b35   Thumb Code    12  anon$$obj.o(Veneer$$Code)
    Long Thumb to Thumb Veneer to LL_DisconnectCback 0x1fff1b41   Thumb Code    12  anon$$obj.o(Veneer$$Code)
    Long Thumb to Thumb Veneer to LL_ProcessEvent0 0x1fff1b4d   Thumb Code    12  anon$$obj.o(Veneer$$Code)
    Long Thumb to Thumb Veneer to LL_Reset0  0x1fff1b59   Thumb Code    12  anon$$obj.o(Veneer$$Code)
    Long Thumb to Thumb Veneer to LL_set_default_conn_params0 0x1fff1b65   Thumb Code    12  anon$$obj.o(Veneer$$Code)
    Long Thumb to Thumb Veneer to efuse_read 0x1fff1b71   Thumb Code    12  anon$$obj.o(Veneer$$Code)
    Long Thumb to Thumb Veneer to rom_uart_init 0x1fff1b7d   Thumb Code    12  anon$$obj.o(Veneer$$Code)
    Long Thumb to Thumb Veneer to log_printf 0x1fff1b89   Thumb Code    12  anon$$obj.o(Veneer$$Code)
    Long Thumb to Thumb Veneer to rtc_get_counter 0x1fff1b95   Thumb Code    12  anon$$obj.o(Veneer$$Code)
    Long Thumb to Thumb Veneer to osal_init_system 0x1fff1ba1   Thumb Code    12  anon$$obj.o(Veneer$$Code)
    Long Thumb to Thumb Veneer to osal_pwrmgr_device 0x1fff1bad   Thumb Code    12  anon$$obj.o(Veneer$$Code)
    Long Thumb to Thumb Veneer to osal_start_system 0x1fff1bb9   Thumb Code    12  anon$$obj.o(Veneer$$Code)
    Long Thumb to Thumb Veneer to WaitRTCCount 0x1fff1bc5   Thumb Code    12  anon$$obj.o(Veneer$$Code)
    Long Thumb to Thumb Veneer to set_sleep_flag 0x1fff1bd1   Thumb Code    12  anon$$obj.o(Veneer$$Code)
    Long Thumb to Thumb Veneer to read_LL_remainder_time 0x1fff1bdd   Thumb Code    12  anon$$obj.o(Veneer$$Code)
    Long Thumb to Thumb Veneer to ll_hw_set_rx_timeout_1st 0x1fff1be9   Thumb Code    12  anon$$obj.o(Veneer$$Code)
    Long Thumb to Thumb Veneer to enterSleepProcess0 0x1fff1bf5   Thumb Code    12  anon$$obj.o(Veneer$$Code)
    Long Thumb to Thumb Veneer to LL_ENC_AES128_Encrypt 0x1fff1c01   Thumb Code    12  anon$$obj.o(Veneer$$Code)
    Long Thumb to Thumb Veneer to osal_memcmp 0x1fff1c0d   Thumb Code    12  anon$$obj.o(Veneer$$Code)
    Long Thumb to Thumb Veneer to __aeabi_memcpy4 0x1fff1c19   Thumb Code    12  anon$$obj.o(Veneer$$Code)
    Long Thumb to Thumb Veneer to hal_gpio_pull_set 0x1fff1c25   Thumb Code    12  anon$$obj.o(Veneer$$Code)
    Long Thumb to Thumb Veneer to disableSleep 0x1fff1c31   Thumb Code    12  anon$$obj.o(Veneer$$Code)
    Long Thumb to Thumb Veneer to enableSleep 0x1fff1c3d   Thumb Code    12  anon$$obj.o(Veneer$$Code)
    Long Thumb to Thumb Veneer to osal_mem_set_heap 0x1fff1c49   Thumb Code    12  anon$$obj.o(Veneer$$Code)
    Long Thumb to Thumb Veneer to spif_config 0x1fff1c55   Thumb Code    12  anon$$obj.o(Veneer$$Code)
    Long Thumb to Thumb Veneer to spif_read_id 0x1fff1c61   Thumb Code    12  anon$$obj.o(Veneer$$Code)
    Long Thumb to Thumb Veneer to llProcessTxData0 0x1fff1c6d   Thumb Code    12  anon$$obj.o(Veneer$$Code)
    Long Thumb to Thumb Veneer to llReleaseConnId0 0x1fff1c79   Thumb Code    12  anon$$obj.o(Veneer$$Code)
    Long Thumb to Thumb Veneer to llSlaveEvt_TaskEndOk0 0x1fff1c85   Thumb Code    12  anon$$obj.o(Veneer$$Code)
    Long Thumb to Thumb Veneer to getTxBufferFree 0x1fff1c91   Thumb Code    12  anon$$obj.o(Veneer$$Code)
    Long Thumb to Thumb Veneer to get_tx_write_ptr 0x1fff1c9d   Thumb Code    12  anon$$obj.o(Veneer$$Code)
    Long Thumb to Thumb Veneer to LL_ENC_Encrypt 0x1fff1ca9   Thumb Code    12  anon$$obj.o(Veneer$$Code)
    Long Thumb to Thumb Veneer to update_tx_write_ptr 0x1fff1cb5   Thumb Code    12  anon$$obj.o(Veneer$$Code)
    Long Thumb to Thumb Veneer to ll_hw_write_tfifo 0x1fff1cc1   Thumb Code    12  anon$$obj.o(Veneer$$Code)
    Long Thumb to Thumb Veneer to ll_hw_get_tfifo_wrptr 0x1fff1ccd   Thumb Code    12  anon$$obj.o(Veneer$$Code)
    Long Thumb to Thumb Veneer to getTxBufferSize 0x1fff1cd9   Thumb Code    12  anon$$obj.o(Veneer$$Code)
    Long Thumb to Thumb Veneer to get_tx_read_ptr 0x1fff1ce5   Thumb Code    12  anon$$obj.o(Veneer$$Code)
    Long Thumb to Thumb Veneer to update_tx_read_ptr 0x1fff1cf1   Thumb Code    12  anon$$obj.o(Veneer$$Code)
    Long Thumb to Thumb Veneer to llEnqueueCtrlPkt 0x1fff1cfd   Thumb Code    12  anon$$obj.o(Veneer$$Code)
    Long Thumb to Thumb Veneer to ll_hw_set_loop_timeout 0x1fff1d09   Thumb Code    12  anon$$obj.o(Veneer$$Code)
    Long Thumb to Thumb Veneer to get_rx_write_ptr 0x1fff1d15   Thumb Code    12  anon$$obj.o(Veneer$$Code)
    Long Thumb to Thumb Veneer to getRxBufferFree 0x1fff1d21   Thumb Code    12  anon$$obj.o(Veneer$$Code)
    Long Thumb to Thumb Veneer to set_max_length 0x1fff1d2d   Thumb Code    12  anon$$obj.o(Veneer$$Code)
    Long Thumb to Thumb Veneer to ll_hw_read_tfifo_packet 0x1fff1d39   Thumb Code    12  anon$$obj.o(Veneer$$Code)
    Long Thumb to Thumb Veneer to osal_mem_alloc 0x1fff1d45   Thumb Code    12  anon$$obj.o(Veneer$$Code)
    Long Thumb to Thumb Veneer to ll_read_rxfifo0 0x1fff1d51   Thumb Code    12  anon$$obj.o(Veneer$$Code)
    Long Thumb to Thumb Veneer to drv_irq_init 0x1fff1d5d   Thumb Code    12  anon$$obj.o(Veneer$$Code)
    Long Thumb to Thumb Veneer to init_config 0x1fff1d69   Thumb Code    12  anon$$obj.o(Veneer$$Code)
    Long Thumb to Thumb Veneer to hal_gpio_init 0x1fff1d75   Thumb Code    12  anon$$obj.o(Veneer$$Code)
    Long Thumb to Thumb Veneer to hal_adc_init 0x1fff1d81   Thumb Code    12  anon$$obj.o(Veneer$$Code)
    Long Thumb to Thumb Veneer to __aeabi_uidivmod 0x1fff1d8d   Thumb Code    12  anon$$obj.o(Veneer$$Code)
    Long Thumb to Thumb Veneer to osal_memset 0x1fff1d99   Thumb Code    12  anon$$obj.o(Veneer$$Code)
    Long Thumb to Thumb Veneer to LL_Init    0x1fff1da5   Thumb Code    12  anon$$obj.o(Veneer$$Code)
    Long Thumb to Thumb Veneer to osal_pwrmgr_powerconserve0 0x1fff1db1   Thumb Code    12  anon$$obj.o(Veneer$$Code)
    Long Thumb to Thumb Veneer to ll_hw_set_crc_fmt 0x1fff1dbd   Thumb Code    12  anon$$obj.o(Veneer$$Code)
    Long Thumb to Thumb Veneer to ll_hw_tx2rx_timing_config 0x1fff1dc9   Thumb Code    12  anon$$obj.o(Veneer$$Code)
    Long Thumb to Thumb Veneer to __ARM_common_switch8 0x1fff1dd5   Thumb Code    12  anon$$obj.o(Veneer$$Code)
    Long Thumb to Thumb Veneer to osal_stop_timerEx 0x1fff1de1   Thumb Code    12  anon$$obj.o(Veneer$$Code)
    Long Thumb to Thumb Veneer to hal_voice_stop 0x1fff1ded   Thumb Code    12  anon$$obj.o(Veneer$$Code)
    Long Thumb to Thumb Veneer to hal_voice_deinit 0x1fff1df9   Thumb Code    12  anon$$obj.o(Veneer$$Code)
    Long Thumb to Thumb Veneer to osal_start_timerEx 0x1fff1e05   Thumb Code    12  anon$$obj.o(Veneer$$Code)
    Long Thumb to Thumb Veneer to hal_gpio_fmux 0x1fff1e11   Thumb Code    12  anon$$obj.o(Veneer$$Code)
    Long Thumb to Thumb Veneer to clk_get_pclk 0x1fff1e1d   Thumb Code    12  anon$$obj.o(Veneer$$Code)
    Long Thumb to Thumb Veneer to hal_gpio_fmux_set 0x1fff1e29   Thumb Code    12  anon$$obj.o(Veneer$$Code)
    Long Thumb to Thumb Veneer to hal_gpio_pin_init 0x1fff1e35   Thumb Code    12  anon$$obj.o(Veneer$$Code)
    Long Thumb to Thumb Veneer to hal_voice_config 0x1fff1e41   Thumb Code    12  anon$$obj.o(Veneer$$Code)
    Long Thumb to Thumb Veneer to hal_poilling_adc_stop 0x1fff1e4d   Thumb Code    12  anon$$obj.o(Veneer$$Code)
    Long Thumb to Thumb Veneer to hal_voice_init 0x1fff1e59   Thumb Code    12  anon$$obj.o(Veneer$$Code)
    Long Thumb to Thumb Veneer to hal_voice_start 0x1fff1e65   Thumb Code    12  anon$$obj.o(Veneer$$Code)
    Long Thumb to Thumb Veneer to hal_gpioin_register 0x1fff1e71   Thumb Code    12  anon$$obj.o(Veneer$$Code)
    Long Thumb to Thumb Veneer to osal_msg_receive 0x1fff1e7d   Thumb Code    12  anon$$obj.o(Veneer$$Code)
    Long Thumb to Thumb Veneer to osal_msg_deallocate 0x1fff1e89   Thumb Code    12  anon$$obj.o(Veneer$$Code)
    Long Thumb to Thumb Veneer to osal_set_event 0x1fff1e95   Thumb Code    12  anon$$obj.o(Veneer$$Code)
    Long Thumb to Thumb Veneer to osalTimeUpdate 0x1fff1ea1   Thumb Code    12  anon$$obj.o(Veneer$$Code)
    Long Thumb to Thumb Veneer to set_timer  0x1fff1ead   Thumb Code    12  anon$$obj.o(Veneer$$Code)
    Long Thumb to Thumb Veneer to app_wakeup_process 0x1fff1eb9   Thumb Code    12  anon$$obj.o(Veneer$$Code)
    Long Thumb to Thumb Veneer to ll_hw_set_empty_head 0x1fff1ec5   Thumb Code    12  anon$$obj.o(Veneer$$Code)
    Long Thumb to Thumb Veneer to ll_hw_set_timing 0x1fff1ed1   Thumb Code    12  anon$$obj.o(Veneer$$Code)
    Long Thumb to Thumb Veneer to ll_hw_ign_rfifo 0x1fff1edd   Thumb Code    12  anon$$obj.o(Veneer$$Code)
    LL_Disconnect1                           0x1fff1ee9   Thumb Code    28  patch.o(_func_xip_code_.LL_Disconnect1)
    LL_InitConnectContext                    0x1fff1f05   Thumb Code   250  patch.o(_func_xip_code_.LL_InitConnectContext)
    LL_SetDataLengh1                         0x1fff2021   Thumb Code    40  patch.o(_func_xip_code_.LL_SetDataLengh1)
    LL_TxData1                               0x1fff2051   Thumb Code   150  patch.o(_func_xip_code_.LL_TxData1)
    hal_pwrmgr_enter_sleep_rtc_reset         0x1fff21d9   Thumb Code    46  pwrmgr.o(_section_sram_code_)
    FillBuffer                               0x1fff220d   Thumb Code    80  voice_circ_buff.o(i.FillBuffer)
    GetBufferSize                            0x1fff225d   Thumb Code    24  voice_circ_buff.o(i.GetBufferSize)
    InitCircularBuffer                       0x1fff2275   Thumb Code    36  voice_circ_buff.o(i.InitCircularBuffer)
    InitQueue                                0x1fff2299   Thumb Code    30  voice_queue.o(i.InitQueue)
    IsBufferSizeFilled                       0x1fff22c1   Thumb Code    20  voice_circ_buff.o(i.IsBufferSizeFilled)
    IsBufferVacant                           0x1fff22d5   Thumb Code    20  voice_circ_buff.o(i.IsBufferVacant)
    LL_ENC_AES128_Encrypt1                   0x1fff22e9   Thumb Code    26  patch.o(i.LL_ENC_AES128_Encrypt1)
    LL_ENC_Decrypt1                          0x1fff2305   Thumb Code   364  patch.o(i.LL_ENC_Decrypt1)
    LL_ENC_Encrypt1                          0x1fff247d   Thumb Code   342  patch.o(i.LL_ENC_Encrypt1)
    LL_IRQHandler1                           0x1fff25dd   Thumb Code   406  patch.o(i.LL_IRQHandler1)
    LL_ProcessEvent1                         0x1fff2799   Thumb Code    72  patch.o(i.LL_ProcessEvent1)
    LL_Reset1                                0x1fff27ed   Thumb Code    24  patch.o(i.LL_Reset1)
    LL_set_default_conn_params1              0x1fff2805   Thumb Code    72  patch.o(i.LL_set_default_conn_params1)
    ReadBuffer                               0x1fff2861   Thumb Code    58  voice_circ_buff.o(i.ReadBuffer)
    SystemInit                               0x1fff289d   Thumb Code     8  system_armcm0.o(i.SystemInit)
    UpdateReadPtr                            0x1fff28ad   Thumb Code    30  voice_circ_buff.o(i.UpdateReadPtr)
    UpdateWritePtr                           0x1fff28cb   Thumb Code    30  voice_circ_buff.o(i.UpdateWritePtr)
    __scatterload_copy                       0x1fff292d   Thumb Code    14  handlers.o(i.__scatterload_copy)
    __scatterload_null                       0x1fff293b   Thumb Code     2  handlers.o(i.__scatterload_null)
    __scatterload_zeroinit                   0x1fff293d   Thumb Code    14  handlers.o(i.__scatterload_zeroinit)
    __wdt_init                               0x1fff294d   Thumb Code    12  patch.o(i.__wdt_init)
    _efuse_chip_version_check                0x1fff2a69   Thumb Code    26  phy_sec_ext.o(i._efuse_chip_version_check)
    _hard_fault                              0x1fff2a89   Thumb Code   206  jump_table.o(i._hard_fault)
    _rom_efuse_version_init                  0x1fff2cc5   Thumb Code    32  phy_sec_ext.o(i._rom_efuse_version_init)
    _rom_sec_boot_init                       0x1fff2ce5   Thumb Code    22  phy_sec_ext.o(i._rom_sec_boot_init)
    _uart_putc                               0x1fff2d01   Thumb Code    14  my_printf.o(i._uart_putc)
    app_main                                 0x1fff2d59   Thumb Code    20  adc_main.o(i.app_main)
    clk_init                                 0x1fff2fd1   Thumb Code   108  patch.o(i.clk_init)
    config_RTC1                              0x1fff3051   Thumb Code   144  patch.o(i.config_RTC1)
    dbg_printf                               0x1fff3191   Thumb Code    22  my_printf.o(i.dbg_printf)
    dbg_printf_init                          0x1fff31ad   Thumb Code    16  my_printf.o(i.dbg_printf_init)
    efuse_init                               0x1fff31c1   Thumb Code    14  phy_sec_ext.o(i.efuse_init)
    enterSleepProcess1                       0x1fff3291   Thumb Code    56  patch.o(i.enterSleepProcess1)
    finidv                                   0x1fff32d5   Thumb Code   126  phy_sec_ext.o(i.finidv)
    global_config_hclk_related               0x1fff3361   Thumb Code   140  patch.o(i.global_config_hclk_related)
    hal_UART0_IRQHandler                     0x1fff33f5   Thumb Code    62  uart.o(i.hal_UART0_IRQHandler)
    hal_UART1_IRQHandler                     0x1fff3439   Thumb Code    62  uart.o(i.hal_UART1_IRQHandler)
    hal_cache_tag_flush                      0x1fff347d   Thumb Code    66  flash.o(i.hal_cache_tag_flush)
    hal_clk_gate_disable                     0x1fff34c5   Thumb Code    52  clock.o(i.hal_clk_gate_disable)
    hal_clk_gate_enable                      0x1fff34f9   Thumb Code    52  clock.o(i.hal_clk_gate_enable)
    hal_clk_reset                            0x1fff352d   Thumb Code   122  clock.o(i.hal_clk_reset)
    hal_pwrmgr_LowCurrentLdo_enable          0x1fff3615   Thumb Code    16  pwrmgr.o(i.hal_pwrmgr_LowCurrentLdo_enable)
    hal_pwrmgr_RAM_retention                 0x1fff3629   Thumb Code    32  pwrmgr.o(i.hal_pwrmgr_RAM_retention)
    hal_pwrmgr_RAM_retention_clr             0x1fff364d   Thumb Code    16  pwrmgr.o(i.hal_pwrmgr_RAM_retention_clr)
    hal_pwrmgr_RAM_retention_set             0x1fff3661   Thumb Code    26  pwrmgr.o(i.hal_pwrmgr_RAM_retention_set)
    hal_pwrmgr_init                          0x1fff3685   Thumb Code    40  pwrmgr.o(i.hal_pwrmgr_init)
    hal_pwrmgr_lock                          0x1fff36b5   Thumb Code    80  pwrmgr.o(i.hal_pwrmgr_lock)
    hal_pwrmgr_register                      0x1fff370d   Thumb Code    76  pwrmgr.o(i.hal_pwrmgr_register)
    hal_pwrmgr_sleep_process                 0x1fff3761   Thumb Code     4  pwrmgr.o(i.hal_pwrmgr_sleep_process)
    hal_pwrmgr_unlock                        0x1fff3765   Thumb Code    94  pwrmgr.o(i.hal_pwrmgr_unlock)
    hal_pwrmgr_unregister                    0x1fff37cd   Thumb Code    84  pwrmgr.o(i.hal_pwrmgr_unregister)
    hal_pwrmgr_wakeup_process                0x1fff3829   Thumb Code     4  pwrmgr.o(i.hal_pwrmgr_wakeup_process)
    hal_rc32k_clk_tracking_init              0x1fff382d   Thumb Code    24  clock.o(i.hal_rc32k_clk_tracking_init)
    hal_rom_boot_init                        0x1fff38dd   Thumb Code     8  patch.o(i.hal_rom_boot_init)
    hal_rtc_clock_config                     0x1fff38e5   Thumb Code   118  clock.o(i.hal_rtc_clock_config)
    hal_spif_cache_init                      0x1fff3969   Thumb Code    24  flash.o(i.hal_spif_cache_init)
    hal_system_clock_change_process          0x1fff3989   Thumb Code    12  patch.o(i.hal_system_clock_change_process)
    hal_uart_init                            0x1fff3999   Thumb Code    88  uart.o(i.hal_uart_init)
    hal_uart_send_buff                       0x1fff39fd   Thumb Code    26  uart.o(i.hal_uart_send_buff)
    isTimer5Running                          0x1fff3ac5   Thumb Code    12  patch.o(i.isTimer5Running)
    l2capPocessFragmentTxData                0x1fff3ad5   Thumb Code     2  patch.o(i.l2capPocessFragmentTxData)
    lib_efuse_load                           0x1fff3ad9   Thumb Code   168  lib_efuse3.o(i.lib_efuse_load)
    llProcessTxData1                         0x1fff3b91   Thumb Code    80  patch.o(i.llProcessTxData1)
    llReleaseConnId1                         0x1fff3be5   Thumb Code   192  patch.o(i.llReleaseConnId1)
    llSlaveEvt_TaskEndOk1                    0x1fff3ca5   Thumb Code    46  patch.o(i.llSlaveEvt_TaskEndOk1)
    llWriteTxData1                           0x1fff3cdd   Thumb Code   162  patch.o(i.llWriteTxData1)
    ll_generateTxBuffer1                     0x1fff3de1   Thumb Code   614  patch.o(i.ll_generateTxBuffer1)
    ll_hw_go1                                0x1fff405d   Thumb Code   628  patch.o(i.ll_hw_go1)
    ll_hw_read_tfifo_rtlp1                   0x1fff4339   Thumb Code   198  patch.o(i.ll_hw_read_tfifo_rtlp1)
    ll_osal_mem_alloc                        0x1fff4415   Thumb Code   122  patch.o(i.ll_osal_mem_alloc)
    ll_osal_mem_free                         0x1fff44a9   Thumb Code    74  patch.o(i.ll_osal_mem_free)
    ll_processBasicIRQ_SRX                   0x1fff44f9   Thumb Code    20  patch.o(i.ll_processBasicIRQ_SRX)
    ll_processBasicIRQ_ScanTRX               0x1fff4511   Thumb Code    20  patch.o(i.ll_processBasicIRQ_ScanTRX)
    ll_processBasicIRQ_secScanTRX            0x1fff4529   Thumb Code    20  patch.o(i.ll_processBasicIRQ_secScanTRX)
    ll_processBasicIRQ_secondaryAdvSTX       0x1fff4541   Thumb Code    20  patch.o(i.ll_processBasicIRQ_secondaryAdvSTX)
    ll_processBasicIRQ_secondaryAdvTRX       0x1fff4559   Thumb Code    20  patch.o(i.ll_processBasicIRQ_secondaryAdvTRX)
    ll_processBasicIRQ_secondaryInitSRX      0x1fff4571   Thumb Code    20  patch.o(i.ll_processBasicIRQ_secondaryInitSRX)
    ll_processBasicIRQ_secondaryScanSRX      0x1fff4589   Thumb Code    20  patch.o(i.ll_processBasicIRQ_secondaryScanSRX)
    ll_read_rxfifo1                          0x1fff45a1   Thumb Code    44  patch.o(i.ll_read_rxfifo1)
    llbuf_alloc_time_statics                 0x1fff45dd   Thumb Code    62  patch.o(i.llbuf_alloc_time_statics)
    main                                     0x1fff488d   Thumb Code   136  main.o(i.main)
    osalInitTasks                            0x1fff4b19   Thumb Code    38  osal_adc.o(i.osalInitTasks)
    osal_idle_task0                          0x1fff4b45   Thumb Code    20  patch.o(i.osal_idle_task0)
    osal_search_active_task                  0x1fff4b5d   Thumb Code    52  patch.o(i.osal_search_active_task)
    patch_linkBuf_init                       0x1fff4b95   Thumb Code   142  patch.o(i.patch_linkBuf_init)
    rc32k_calibration                        0x1fff4c35   Thumb Code   122  rf_phy_driver.o(i.rc32k_calibration)
    rc32k_cap_cal                            0x1fff4cb5   Thumb Code    74  patch.o(i.rc32k_cap_cal)
    rf_calibrate1                            0x1fff4d19   Thumb Code    12  rf_phy_driver.o(i.rf_calibrate1)
    rf_phy_ana_cfg                           0x1fff4d25   Thumb Code   232  rf_phy_driver.o(i.rf_phy_ana_cfg)
    rf_phy_bb_cfg                            0x1fff4e41   Thumb Code   310  rf_phy_driver.o(i.rf_phy_bb_cfg)
    rf_phy_change_cfg0                       0x1fff4fed   Thumb Code   138  rf_phy_driver.o(i.rf_phy_change_cfg0)
    rf_phy_ini                               0x1fff5095   Thumb Code    42  rf_phy_driver.o(i.rf_phy_ini)
    rf_phy_set_txPower                       0x1fff50d1   Thumb Code   108  rf_phy_driver.o(i.rf_phy_set_txPower)
    rf_tpCal_gen_cap_arrary                  0x1fff5145   Thumb Code    60  rf_phy_driver.o(i.rf_tpCal_gen_cap_arrary)
    rf_tp_cal                                0x1fff5191   Thumb Code   236  rf_phy_driver.o(i.rf_tp_cal)
    voice_Init                               0x1fff5739   Thumb Code    46  voice_demo.o(i.voice_Init)
    voice_ProcessEvent                       0x1fff5771   Thumb Code    82  voice_demo.o(i.voice_ProcessEvent)
    voice_data_encode_inqueue                0x1fff57c9   Thumb Code    28  voice_demo.o(i.voice_data_encode_inqueue)
    voice_requeset_data                      0x1fff5841   Thumb Code    42  voice_demo.o(i.voice_requeset_data)
    wakeupProcess1                           0x1fff5871   Thumb Code   444  patch.o(i.wakeupProcess1)
    wakeup_init1                             0x1fff5a85   Thumb Code   294  patch.o(i.wakeup_init1)
    Region$$Table$$Base                      0x1fff5cd4   Number         0  anon$$obj.o(Region$$Table)
    Region$$Table$$Limit                     0x1fff5d04   Number         0  anon$$obj.o(Region$$Table)
    tasksArr                                 0x1fff5d04   Data           8  osal_adc.o(_section_sram_code_)
    tasksCnt                                 0x1fff5d0c   Data           1  osal_adc.o(_section_sram_code_)
    g_clk32K_config                          0x1fff5d10   Data           1  main.o(.data)
    tasksEvents                              0x1fff5d14   Data           4  osal_adc.o(.data)
    VoiceSend_SubIndex                       0x1fff5d18   Data           1  voice_queue.o(.data)
    voiceDemo_TaskID                         0x1fff5d1c   Data           1  voice_demo.o(.data)
    VoiceRaw_FiFO                            0x1fff5d20   Data           4  voice_demo.o(.data)
    s_config_swClk1                          0x1fff5d38   Data           4  pwrmgr.o(.data)
    pwroff_register_number                   0x1fff5d3c   Data           1  pwrmgr.o(.data)
    s_pinmap                                 0x1fff5d50   Data           9  adc.o(.data)
    spif_dma_use                             0x1fff5d5c   Data           1  flash.o(.data)
    g_chipMAddr                              0x1fff5d64   Data           7  flash.o(.data)
    trap_c_callback                          0x1fff5d6c   Data           4  jump_table.o(.data)
    SystemCoreClock                          0x1fff5d70   Data           4  system_armcm0.o(.data)
    ll_recv_scan_all_cnt                     0x1fff5d74   Data           1  patch.o(.data)
    g_ll_adv_scan_concurrent                 0x1fff5d75   Data           1  patch.o(.data)
    g_ll_sleep_timer5_recoverRequired        0x1fff5d76   Data           1  patch.o(.data)
    g_txdata_content                         0x1fff5d77   Data           1  patch.o(.data)
    g_recvphyupdate                          0x1fff5d78   Data           1  patch.o(.data)
    g_msater_recv_phyrsp                     0x1fff5d79   Data           1  patch.o(.data)
    g_system_clk_change                      0x1fff5d7a   Data           1  patch.o(.data)
    _clk_change_flg                          0x1fff5d7b   Data           1  patch.o(.data)
    chip_hw_version                          0x1fff5d7d   Data           1  patch.o(.data)
    g_clock_check_flag                       0x1fff5d7e   Data           1  patch.o(.data)
    pGlobal_config                           0x1fff5d80   Data           4  patch.o(.data)
    g_t_llhwgo                               0x1fff5d84   Data           4  patch.o(.data)
    ll_timer5_remain_time                    0x1fff5d88   Data           4  patch.o(.data)
    p_g_llDevList                            0x1fff5d8c   Data           4  patch.o(.data)
    g_llbuf_alloc_Max                        0x1fff5d90   Data           4  patch.o(.data)
    g_llbuf_alloc_Min                        0x1fff5d94   Data           4  patch.o(.data)
    g_llbuf_alloc_avg                        0x1fff5d98   Data           4  patch.o(.data)
    g_xtal16M_tmp                            0x1fff5d9c   Data           4  patch.o(.data)
    g_xtal96M_temp                           0x1fff5da0   Data           4  patch.o(.data)
    DLL_enable_num                           0x1fff5da4   Data           4  patch.o(.data)
    tracking_cnt                             0x1fff5da8   Data           4  patch.o(.data)
    ff1_llLink                               0x1fff5dac   Data           4  patch.o(.data)
    theHeap_llLink                           0x1fff5db0   Data           4  patch.o(.data)
    heapSize_llLink                          0x1fff5db4   Data           4  patch.o(.data)
    ff1_mesh                                 0x1fff5db8   Data           4  patch.o(.data)
    theHeap_mesh                             0x1fff5dbc   Data           4  patch.o(.data)
    heapSize_mesh                            0x1fff5dc0   Data           4  patch.o(.data)
    sleep_total                              0x1fff5dc4   Data           4  patch.o(.data)
    restore_index                            0x1fff5dcd   Data          16  patch.o(.data)
    g_ota_sec_key_valid                      0x1fff5ddd   Data           1  phy_sec_ext.o(.data)
    g_pConnectionBuffer                      0x1fff5de8   Data        3484  main.o(.bss)
    pConnContext                             0x1fff6b84   Data         644  main.o(.bss)
    g_largeHeap                              0x1fff6e08   Data        4096  main.o(.bss)
    Voicebuf                                 0x1fff7e08   Data         500  voice_queue.o(.bss)
    VoiceQueue                               0x1fff7ffc   Data          24  voice_queue.o(.bss)
    voice_tmp_buf                            0x1fff8014   Data         384  voice_demo.o(.bss)
    s_pwroff_cfg                             0x1fff867c   Data          12  pwrmgr.o(.bss)
    restore_patch                            0x1fff88c0   Data          64  patch.o(.bss)
    g_tx_scanreq_buf                         0x1fff8900   Data         268  patch.o(.bss)
    g_ll_flowCtrl                            0x1fff8a0c   Data          32  patch.o(.bss)
    llBuf_Res                                0x1fff8a2c   Data         448  patch.o(.bss)
    g_ota_sec_key                            0x1fff8c4c   Data          16  phy_sec_ext.o(.bss)
    __initial_sp                             0x1fff9060   Data           0  startup_armcm0.o(STACK)



==============================================================================

Memory Map of the image

  Image Entry point : 0x1fff18f9

  Load Region LR_IROM1 (Base: 0x1fff1838, Size: 0x000045b0, Max: 0x0000e7c8, ABSOLUTE)

    Execution Region ER_IROM1 (Exec base: 0x1fff1838, Load base: 0x1fff1838, Size: 0x00007828, Max: 0x0000e7c8, ABSOLUTE)

    Exec Addr    Load Addr    Size         Type   Attr      Idx    E Section Name        Object

    0x1fff1838   0x1fff1838   0x000000c0   Data   RO         1607    RESET               startup_armcm0.o
    0x1fff18f8   0x1fff18f8   0x00000000   Code   RO         2148  * .ARM.Collect$$$$00000000  mc_p.l(entry.o)
    0x1fff18f8   0x1fff18f8   0x00000004   Code   RO         2203    .ARM.Collect$$$$00000001  mc_p.l(entry2.o)
    0x1fff18fc   0x1fff18fc   0x00000004   Code   RO         2206    .ARM.Collect$$$$00000004  mc_p.l(entry5.o)
    0x1fff1900   0x1fff1900   0x00000000   Code   RO         2208    .ARM.Collect$$$$00000008  mc_p.l(entry7b.o)
    0x1fff1900   0x1fff1900   0x00000000   Code   RO         2210    .ARM.Collect$$$$0000000A  mc_p.l(entry8b.o)
    0x1fff1900   0x1fff1900   0x00000008   Code   RO         2211    .ARM.Collect$$$$0000000B  mc_p.l(entry9a.o)
    0x1fff1908   0x1fff1908   0x00000000   Code   RO         2213    .ARM.Collect$$$$0000000D  mc_p.l(entry10a.o)
    0x1fff1908   0x1fff1908   0x00000000   Code   RO         2215    .ARM.Collect$$$$0000000F  mc_p.l(entry11a.o)
    0x1fff1908   0x1fff1908   0x00000004   Code   RO         2204    .ARM.Collect$$$$00002712  mc_p.l(entry2.o)
    0x1fff190c   0x1fff190c   0x00000038   Code   RO         1577    .emb_text           jump_table.o
    0x1fff1944   0x1fff1944   0x0000001c   Code   RO         1608    .text               startup_armcm0.o
    0x1fff1960   0x1fff1960   0x00000024   Code   RO         2226    .text               mc_p.l(init.o)
    0x1fff1984   0x1fff1984   0x0000003a   Code   RO         2240    .text               mc_p.l(__dczerorl.o)
    0x1fff19be   0x1fff19be   0x00000002   PAD
    0x1fff19c0   0x1fff19c0   0x0000000c   Ven    RO         2242    Veneer$$Code        anon$$obj.o
    0x1fff19cc   0x1fff19cc   0x0000000c   Ven    RO         2243    Veneer$$Code        anon$$obj.o
    0x1fff19d8   0x1fff19d8   0x0000000c   Ven    RO         2244    Veneer$$Code        anon$$obj.o
    0x1fff19e4   0x1fff19e4   0x0000000c   Ven    RO         2245    Veneer$$Code        anon$$obj.o
    0x1fff19f0   0x1fff19f0   0x0000000c   Ven    RO         2246    Veneer$$Code        anon$$obj.o
    0x1fff19fc   0x1fff19fc   0x0000000c   Ven    RO         2247    Veneer$$Code        anon$$obj.o
    0x1fff1a08   0x1fff1a08   0x0000000c   Ven    RO         2248    Veneer$$Code        anon$$obj.o
    0x1fff1a14   0x1fff1a14   0x0000000c   Ven    RO         2249    Veneer$$Code        anon$$obj.o
    0x1fff1a20   0x1fff1a20   0x0000000c   Ven    RO         2250    Veneer$$Code        anon$$obj.o
    0x1fff1a2c   0x1fff1a2c   0x0000000c   Ven    RO         2251    Veneer$$Code        anon$$obj.o
    0x1fff1a38   0x1fff1a38   0x0000000c   Ven    RO         2252    Veneer$$Code        anon$$obj.o
    0x1fff1a44   0x1fff1a44   0x0000000c   Ven    RO         2253    Veneer$$Code        anon$$obj.o
    0x1fff1a50   0x1fff1a50   0x0000000c   Ven    RO         2254    Veneer$$Code        anon$$obj.o
    0x1fff1a5c   0x1fff1a5c   0x0000000c   Ven    RO         2255    Veneer$$Code        anon$$obj.o
    0x1fff1a68   0x1fff1a68   0x0000000c   Ven    RO         2256    Veneer$$Code        anon$$obj.o
    0x1fff1a74   0x1fff1a74   0x0000000c   Ven    RO         2257    Veneer$$Code        anon$$obj.o
    0x1fff1a80   0x1fff1a80   0x0000000c   Ven    RO         2258    Veneer$$Code        anon$$obj.o
    0x1fff1a8c   0x1fff1a8c   0x0000000c   Ven    RO         2259    Veneer$$Code        anon$$obj.o
    0x1fff1a98   0x1fff1a98   0x0000000c   Ven    RO         2260    Veneer$$Code        anon$$obj.o
    0x1fff1aa4   0x1fff1aa4   0x0000000c   Ven    RO         2261    Veneer$$Code        anon$$obj.o
    0x1fff1ab0   0x1fff1ab0   0x0000000c   Ven    RO         2262    Veneer$$Code        anon$$obj.o
    0x1fff1abc   0x1fff1abc   0x0000000c   Ven    RO         2263    Veneer$$Code        anon$$obj.o
    0x1fff1ac8   0x1fff1ac8   0x0000000c   Ven    RO         2264    Veneer$$Code        anon$$obj.o
    0x1fff1ad4   0x1fff1ad4   0x0000000c   Ven    RO         2265    Veneer$$Code        anon$$obj.o
    0x1fff1ae0   0x1fff1ae0   0x0000000c   Ven    RO         2266    Veneer$$Code        anon$$obj.o
    0x1fff1aec   0x1fff1aec   0x0000000c   Ven    RO         2267    Veneer$$Code        anon$$obj.o
    0x1fff1af8   0x1fff1af8   0x0000000c   Ven    RO         2268    Veneer$$Code        anon$$obj.o
    0x1fff1b04   0x1fff1b04   0x0000000c   Ven    RO         2269    Veneer$$Code        anon$$obj.o
    0x1fff1b10   0x1fff1b10   0x0000000c   Ven    RO         2270    Veneer$$Code        anon$$obj.o
    0x1fff1b1c   0x1fff1b1c   0x0000000c   Ven    RO         2271    Veneer$$Code        anon$$obj.o
    0x1fff1b28   0x1fff1b28   0x0000000c   Ven    RO         2272    Veneer$$Code        anon$$obj.o
    0x1fff1b34   0x1fff1b34   0x0000000c   Ven    RO         2273    Veneer$$Code        anon$$obj.o
    0x1fff1b40   0x1fff1b40   0x0000000c   Ven    RO         2274    Veneer$$Code        anon$$obj.o
    0x1fff1b4c   0x1fff1b4c   0x0000000c   Ven    RO         2275    Veneer$$Code        anon$$obj.o
    0x1fff1b58   0x1fff1b58   0x0000000c   Ven    RO         2276    Veneer$$Code        anon$$obj.o
    0x1fff1b64   0x1fff1b64   0x0000000c   Ven    RO         2277    Veneer$$Code        anon$$obj.o
    0x1fff1b70   0x1fff1b70   0x0000000c   Ven    RO         2278    Veneer$$Code        anon$$obj.o
    0x1fff1b7c   0x1fff1b7c   0x0000000c   Ven    RO         2279    Veneer$$Code        anon$$obj.o
    0x1fff1b88   0x1fff1b88   0x0000000c   Ven    RO         2280    Veneer$$Code        anon$$obj.o
    0x1fff1b94   0x1fff1b94   0x0000000c   Ven    RO         2281    Veneer$$Code        anon$$obj.o
    0x1fff1ba0   0x1fff1ba0   0x0000000c   Ven    RO         2282    Veneer$$Code        anon$$obj.o
    0x1fff1bac   0x1fff1bac   0x0000000c   Ven    RO         2283    Veneer$$Code        anon$$obj.o
    0x1fff1bb8   0x1fff1bb8   0x0000000c   Ven    RO         2284    Veneer$$Code        anon$$obj.o
    0x1fff1bc4   0x1fff1bc4   0x0000000c   Ven    RO         2285    Veneer$$Code        anon$$obj.o
    0x1fff1bd0   0x1fff1bd0   0x0000000c   Ven    RO         2286    Veneer$$Code        anon$$obj.o
    0x1fff1bdc   0x1fff1bdc   0x0000000c   Ven    RO         2287    Veneer$$Code        anon$$obj.o
    0x1fff1be8   0x1fff1be8   0x0000000c   Ven    RO         2288    Veneer$$Code        anon$$obj.o
    0x1fff1bf4   0x1fff1bf4   0x0000000c   Ven    RO         2289    Veneer$$Code        anon$$obj.o
    0x1fff1c00   0x1fff1c00   0x0000000c   Ven    RO         2290    Veneer$$Code        anon$$obj.o
    0x1fff1c0c   0x1fff1c0c   0x0000000c   Ven    RO         2291    Veneer$$Code        anon$$obj.o
    0x1fff1c18   0x1fff1c18   0x0000000c   Ven    RO         2292    Veneer$$Code        anon$$obj.o
    0x1fff1c24   0x1fff1c24   0x0000000c   Ven    RO         2293    Veneer$$Code        anon$$obj.o
    0x1fff1c30   0x1fff1c30   0x0000000c   Ven    RO         2294    Veneer$$Code        anon$$obj.o
    0x1fff1c3c   0x1fff1c3c   0x0000000c   Ven    RO         2295    Veneer$$Code        anon$$obj.o
    0x1fff1c48   0x1fff1c48   0x0000000c   Ven    RO         2296    Veneer$$Code        anon$$obj.o
    0x1fff1c54   0x1fff1c54   0x0000000c   Ven    RO         2297    Veneer$$Code        anon$$obj.o
    0x1fff1c60   0x1fff1c60   0x0000000c   Ven    RO         2298    Veneer$$Code        anon$$obj.o
    0x1fff1c6c   0x1fff1c6c   0x0000000c   Ven    RO         2299    Veneer$$Code        anon$$obj.o
    0x1fff1c78   0x1fff1c78   0x0000000c   Ven    RO         2300    Veneer$$Code        anon$$obj.o
    0x1fff1c84   0x1fff1c84   0x0000000c   Ven    RO         2301    Veneer$$Code        anon$$obj.o
    0x1fff1c90   0x1fff1c90   0x0000000c   Ven    RO         2302    Veneer$$Code        anon$$obj.o
    0x1fff1c9c   0x1fff1c9c   0x0000000c   Ven    RO         2303    Veneer$$Code        anon$$obj.o
    0x1fff1ca8   0x1fff1ca8   0x0000000c   Ven    RO         2304    Veneer$$Code        anon$$obj.o
    0x1fff1cb4   0x1fff1cb4   0x0000000c   Ven    RO         2305    Veneer$$Code        anon$$obj.o
    0x1fff1cc0   0x1fff1cc0   0x0000000c   Ven    RO         2306    Veneer$$Code        anon$$obj.o
    0x1fff1ccc   0x1fff1ccc   0x0000000c   Ven    RO         2307    Veneer$$Code        anon$$obj.o
    0x1fff1cd8   0x1fff1cd8   0x0000000c   Ven    RO         2308    Veneer$$Code        anon$$obj.o
    0x1fff1ce4   0x1fff1ce4   0x0000000c   Ven    RO         2309    Veneer$$Code        anon$$obj.o
    0x1fff1cf0   0x1fff1cf0   0x0000000c   Ven    RO         2310    Veneer$$Code        anon$$obj.o
    0x1fff1cfc   0x1fff1cfc   0x0000000c   Ven    RO         2311    Veneer$$Code        anon$$obj.o
    0x1fff1d08   0x1fff1d08   0x0000000c   Ven    RO         2312    Veneer$$Code        anon$$obj.o
    0x1fff1d14   0x1fff1d14   0x0000000c   Ven    RO         2313    Veneer$$Code        anon$$obj.o
    0x1fff1d20   0x1fff1d20   0x0000000c   Ven    RO         2314    Veneer$$Code        anon$$obj.o
    0x1fff1d2c   0x1fff1d2c   0x0000000c   Ven    RO         2315    Veneer$$Code        anon$$obj.o
    0x1fff1d38   0x1fff1d38   0x0000000c   Ven    RO         2316    Veneer$$Code        anon$$obj.o
    0x1fff1d44   0x1fff1d44   0x0000000c   Ven    RO         2317    Veneer$$Code        anon$$obj.o
    0x1fff1d50   0x1fff1d50   0x0000000c   Ven    RO         2318    Veneer$$Code        anon$$obj.o
    0x1fff1d5c   0x1fff1d5c   0x0000000c   Ven    RO         2319    Veneer$$Code        anon$$obj.o
    0x1fff1d68   0x1fff1d68   0x0000000c   Ven    RO         2320    Veneer$$Code        anon$$obj.o
    0x1fff1d74   0x1fff1d74   0x0000000c   Ven    RO         2321    Veneer$$Code        anon$$obj.o
    0x1fff1d80   0x1fff1d80   0x0000000c   Ven    RO         2322    Veneer$$Code        anon$$obj.o
    0x1fff1d8c   0x1fff1d8c   0x0000000c   Ven    RO         2323    Veneer$$Code        anon$$obj.o
    0x1fff1d98   0x1fff1d98   0x0000000c   Ven    RO         2324    Veneer$$Code        anon$$obj.o
    0x1fff1da4   0x1fff1da4   0x0000000c   Ven    RO         2325    Veneer$$Code        anon$$obj.o
    0x1fff1db0   0x1fff1db0   0x0000000c   Ven    RO         2326    Veneer$$Code        anon$$obj.o
    0x1fff1dbc   0x1fff1dbc   0x0000000c   Ven    RO         2327    Veneer$$Code        anon$$obj.o
    0x1fff1dc8   0x1fff1dc8   0x0000000c   Ven    RO         2328    Veneer$$Code        anon$$obj.o
    0x1fff1dd4   0x1fff1dd4   0x0000000c   Ven    RO         2329    Veneer$$Code        anon$$obj.o
    0x1fff1de0   0x1fff1de0   0x0000000c   Ven    RO         2330    Veneer$$Code        anon$$obj.o
    0x1fff1dec   0x1fff1dec   0x0000000c   Ven    RO         2331    Veneer$$Code        anon$$obj.o
    0x1fff1df8   0x1fff1df8   0x0000000c   Ven    RO         2332    Veneer$$Code        anon$$obj.o
    0x1fff1e04   0x1fff1e04   0x0000000c   Ven    RO         2333    Veneer$$Code        anon$$obj.o
    0x1fff1e10   0x1fff1e10   0x0000000c   Ven    RO         2334    Veneer$$Code        anon$$obj.o
    0x1fff1e1c   0x1fff1e1c   0x0000000c   Ven    RO         2335    Veneer$$Code        anon$$obj.o
    0x1fff1e28   0x1fff1e28   0x0000000c   Ven    RO         2336    Veneer$$Code        anon$$obj.o
    0x1fff1e34   0x1fff1e34   0x0000000c   Ven    RO         2337    Veneer$$Code        anon$$obj.o
    0x1fff1e40   0x1fff1e40   0x0000000c   Ven    RO         2338    Veneer$$Code        anon$$obj.o
    0x1fff1e4c   0x1fff1e4c   0x0000000c   Ven    RO         2339    Veneer$$Code        anon$$obj.o
    0x1fff1e58   0x1fff1e58   0x0000000c   Ven    RO         2340    Veneer$$Code        anon$$obj.o
    0x1fff1e64   0x1fff1e64   0x0000000c   Ven    RO         2341    Veneer$$Code        anon$$obj.o
    0x1fff1e70   0x1fff1e70   0x0000000c   Ven    RO         2342    Veneer$$Code        anon$$obj.o
    0x1fff1e7c   0x1fff1e7c   0x0000000c   Ven    RO         2343    Veneer$$Code        anon$$obj.o
    0x1fff1e88   0x1fff1e88   0x0000000c   Ven    RO         2344    Veneer$$Code        anon$$obj.o
    0x1fff1e94   0x1fff1e94   0x0000000c   Ven    RO         2345    Veneer$$Code        anon$$obj.o
    0x1fff1ea0   0x1fff1ea0   0x0000000c   Ven    RO         2346    Veneer$$Code        anon$$obj.o
    0x1fff1eac   0x1fff1eac   0x0000000c   Ven    RO         2347    Veneer$$Code        anon$$obj.o
    0x1fff1eb8   0x1fff1eb8   0x0000000c   Ven    RO         2348    Veneer$$Code        anon$$obj.o
    0x1fff1ec4   0x1fff1ec4   0x0000000c   Ven    RO         2349    Veneer$$Code        anon$$obj.o
    0x1fff1ed0   0x1fff1ed0   0x0000000c   Ven    RO         2350    Veneer$$Code        anon$$obj.o
    0x1fff1edc   0x1fff1edc   0x0000000c   Ven    RO         2351    Veneer$$Code        anon$$obj.o
    0x1fff1ee8   0x1fff1ee8   0x0000001c   Code   RO         1659    _func_xip_code_.LL_Disconnect1  rf.lib(patch.o)
    0x1fff1f04   0x1fff1f04   0x0000011c   Code   RO         1662    _func_xip_code_.LL_InitConnectContext  rf.lib(patch.o)
    0x1fff2020   0x1fff2020   0x00000030   Code   RO         1668    _func_xip_code_.LL_SetDataLengh1  rf.lib(patch.o)
    0x1fff2050   0x1fff2050   0x000000a4   Code   RO         1674    _func_xip_code_.LL_TxData1  rf.lib(patch.o)
    0x1fff20f4   0x1fff20f4   0x000000e4   Code   RO          871    _section_sram_code_  uart.o
    0x1fff21d8   0x1fff21d8   0x00000034   Code   RO         1023    _section_sram_code_  pwrmgr.o
    0x1fff220c   0x1fff220c   0x00000050   Code   RO          271    i.FillBuffer        voice_circ_buff.o
    0x1fff225c   0x1fff225c   0x00000018   Code   RO          274    i.GetBufferSize     voice_circ_buff.o
    0x1fff2274   0x1fff2274   0x00000024   Code   RO          277    i.InitCircularBuffer  voice_circ_buff.o
    0x1fff2298   0x1fff2298   0x00000028   Code   RO          395    i.InitQueue         voice_queue.o
    0x1fff22c0   0x1fff22c0   0x00000014   Code   RO          280    i.IsBufferSizeFilled  voice_circ_buff.o
    0x1fff22d4   0x1fff22d4   0x00000014   Code   RO          281    i.IsBufferVacant    voice_circ_buff.o
    0x1fff22e8   0x1fff22e8   0x0000001a   Code   RO         1698    i.LL_ENC_AES128_Encrypt1  rf.lib(patch.o)
    0x1fff2302   0x1fff2302   0x00000002   PAD
    0x1fff2304   0x1fff2304   0x00000178   Code   RO         1699    i.LL_ENC_Decrypt1   rf.lib(patch.o)
    0x1fff247c   0x1fff247c   0x00000160   Code   RO         1700    i.LL_ENC_Encrypt1   rf.lib(patch.o)
    0x1fff25dc   0x1fff25dc   0x000001bc   Code   RO         1701    i.LL_IRQHandler1    rf.lib(patch.o)
    0x1fff2798   0x1fff2798   0x00000054   Code   RO         1705    i.LL_ProcessEvent1  rf.lib(patch.o)
    0x1fff27ec   0x1fff27ec   0x00000018   Code   RO         1706    i.LL_Reset1         rf.lib(patch.o)
    0x1fff2804   0x1fff2804   0x00000048   Code   RO         1708    i.LL_set_default_conn_params1  rf.lib(patch.o)
    0x1fff284c   0x1fff284c   0x00000014   Code   RO         1711    i.NVIC_EnableIRQ    rf.lib(patch.o)
    0x1fff2860   0x1fff2860   0x0000003a   Code   RO          282    i.ReadBuffer        voice_circ_buff.o
    0x1fff289a   0x1fff289a   0x00000002   PAD
    0x1fff289c   0x1fff289c   0x00000010   Code   RO         1615    i.SystemInit        system_armcm0.o
    0x1fff28ac   0x1fff28ac   0x0000001e   Code   RO          283    i.UpdateReadPtr     voice_circ_buff.o
    0x1fff28ca   0x1fff28ca   0x0000001e   Code   RO          284    i.UpdateWritePtr    voice_circ_buff.o
    0x1fff28e8   0x1fff28e8   0x00000044   Code   RO            3    i.__NVIC_SetPriority  main.o
    0x1fff292c   0x1fff292c   0x0000000e   Code   RO         2234    i.__scatterload_copy  mc_p.l(handlers.o)
    0x1fff293a   0x1fff293a   0x00000002   Code   RO         2235    i.__scatterload_null  mc_p.l(handlers.o)
    0x1fff293c   0x1fff293c   0x0000000e   Code   RO         2236    i.__scatterload_zeroinit  mc_p.l(handlers.o)
    0x1fff294a   0x1fff294a   0x00000002   PAD
    0x1fff294c   0x1fff294c   0x00000010   Code   RO         1713    i.__wdt_init        rf.lib(patch.o)
    0x1fff295c   0x1fff295c   0x0000010c   Code   RO         1714    i._clk_apply_setting1  rf.lib(patch.o)
    0x1fff2a68   0x1fff2a68   0x00000020   Code   RO         2062    i._efuse_chip_version_check  rf.lib(phy_sec_ext.o)
    0x1fff2a88   0x1fff2a88   0x0000023c   Code   RO         1578    i._hard_fault       jump_table.o
    0x1fff2cc4   0x1fff2cc4   0x00000020   Code   RO         2063    i._rom_efuse_version_init  rf.lib(phy_sec_ext.o)
    0x1fff2ce4   0x1fff2ce4   0x0000001c   Code   RO         2064    i._rom_sec_boot_init  rf.lib(phy_sec_ext.o)
    0x1fff2d00   0x1fff2d00   0x0000000e   Code   RO          811    i._uart_putc        my_printf.o
    0x1fff2d0e   0x1fff2d0e   0x00000002   PAD
    0x1fff2d10   0x1fff2d10   0x00000048   Code   RO          552    i.aon_register_init  clock.o
    0x1fff2d58   0x1fff2d58   0x00000014   Code   RO          205    i.app_main          adc_main.o
    0x1fff2d6c   0x1fff2d6c   0x00000154   Code   RO         1715    i.check_16MXtal_by_rcTracking  rf.lib(patch.o)
    0x1fff2ec0   0x1fff2ec0   0x00000110   Code   RO         1716    i.check_96MXtal_by_rcTracking  rf.lib(patch.o)
    0x1fff2fd0   0x1fff2fd0   0x00000080   Code   RO         1718    i.clk_init          rf.lib(patch.o)
    0x1fff3050   0x1fff3050   0x000000b4   Code   RO         1719    i.config_RTC1       rf.lib(patch.o)
    0x1fff3104   0x1fff3104   0x0000008c   Code   RO         1720    i.cusum_advance_slave_rx_window  rf.lib(patch.o)
    0x1fff3190   0x1fff3190   0x0000001c   Code   RO          812    i.dbg_printf        my_printf.o
    0x1fff31ac   0x1fff31ac   0x00000014   Code   RO          813    i.dbg_printf_init   my_printf.o
    0x1fff31c0   0x1fff31c0   0x00000018   Code   RO         2065    i.efuse_init        rf.lib(phy_sec_ext.o)
    0x1fff31d8   0x1fff31d8   0x000000b8   Code   RO         1723    i.enlarge_rx_timeout_1st  rf.lib(patch.o)
    0x1fff3290   0x1fff3290   0x00000044   Code   RO         1724    i.enterSleepProcess1  rf.lib(patch.o)
    0x1fff32d4   0x1fff32d4   0x0000008c   Code   RO         2066    i.finidv            rf.lib(phy_sec_ext.o)
    0x1fff3360   0x1fff3360   0x00000094   Code   RO         1727    i.global_config_hclk_related  rf.lib(patch.o)
    0x1fff33f4   0x1fff33f4   0x00000044   Code   RO          872    i.hal_UART0_IRQHandler  uart.o
    0x1fff3438   0x1fff3438   0x00000044   Code   RO          873    i.hal_UART1_IRQHandler  uart.o
    0x1fff347c   0x1fff347c   0x00000048   Code   RO         1328    i.hal_cache_tag_flush  flash.o
    0x1fff34c4   0x1fff34c4   0x00000034   Code   RO          553    i.hal_clk_gate_disable  clock.o
    0x1fff34f8   0x1fff34f8   0x00000034   Code   RO          554    i.hal_clk_gate_enable  clock.o
    0x1fff352c   0x1fff352c   0x0000007a   Code   RO          557    i.hal_clk_reset     clock.o
    0x1fff35a6   0x1fff35a6   0x00000002   PAD
    0x1fff35a8   0x1fff35a8   0x0000006c   Code   RO            4    i.hal_low_power_io_init  main.o
    0x1fff3614   0x1fff3614   0x00000014   Code   RO         1028    i.hal_pwrmgr_LowCurrentLdo_enable  pwrmgr.o
    0x1fff3628   0x1fff3628   0x00000024   Code   RO         1029    i.hal_pwrmgr_RAM_retention  pwrmgr.o
    0x1fff364c   0x1fff364c   0x00000014   Code   RO         1030    i.hal_pwrmgr_RAM_retention_clr  pwrmgr.o
    0x1fff3660   0x1fff3660   0x00000024   Code   RO         1031    i.hal_pwrmgr_RAM_retention_set  pwrmgr.o
    0x1fff3684   0x1fff3684   0x00000030   Code   RO         1033    i.hal_pwrmgr_init   pwrmgr.o
    0x1fff36b4   0x1fff36b4   0x00000058   Code   RO         1035    i.hal_pwrmgr_lock   pwrmgr.o
    0x1fff370c   0x1fff370c   0x00000054   Code   RO         1037    i.hal_pwrmgr_register  pwrmgr.o
    0x1fff3760   0x1fff3760   0x00000004   Code   RO         1038    i.hal_pwrmgr_sleep_process  pwrmgr.o
    0x1fff3764   0x1fff3764   0x00000068   Code   RO         1039    i.hal_pwrmgr_unlock  pwrmgr.o
    0x1fff37cc   0x1fff37cc   0x0000005c   Code   RO         1040    i.hal_pwrmgr_unregister  pwrmgr.o
    0x1fff3828   0x1fff3828   0x00000004   Code   RO         1041    i.hal_pwrmgr_wakeup_process  pwrmgr.o
    0x1fff382c   0x1fff382c   0x00000028   Code   RO          559    i.hal_rc32k_clk_tracking_init  clock.o
    0x1fff3854   0x1fff3854   0x00000088   Code   RO            5    i.hal_rfphy_init    main.o
    0x1fff38dc   0x1fff38dc   0x00000008   Code   RO         1728    i.hal_rom_boot_init  rf.lib(patch.o)
    0x1fff38e4   0x1fff38e4   0x00000084   Code   RO          560    i.hal_rtc_clock_config  clock.o
    0x1fff3968   0x1fff3968   0x00000020   Code   RO         1336    i.hal_spif_cache_init  flash.o
    0x1fff3988   0x1fff3988   0x00000010   Code   RO         1730    i.hal_system_clock_change_process  rf.lib(patch.o)
    0x1fff3998   0x1fff3998   0x00000064   Code   RO          877    i.hal_uart_init     uart.o
    0x1fff39fc   0x1fff39fc   0x00000020   Code   RO          878    i.hal_uart_send_buff  uart.o
    0x1fff3a1c   0x1fff3a1c   0x000000a8   Code   RO         1337    i.hw_spif_cache_config  flash.o
    0x1fff3ac4   0x1fff3ac4   0x00000010   Code   RO         1733    i.isTimer5Running   rf.lib(patch.o)
    0x1fff3ad4   0x1fff3ad4   0x00000002   Code   RO         1734    i.l2capPocessFragmentTxData  rf.lib(patch.o)
    0x1fff3ad6   0x1fff3ad6   0x00000002   PAD
    0x1fff3ad8   0x1fff3ad8   0x000000b8   Code   RO         2087    i.lib_efuse_load    rf.lib(lib_efuse3.o)
    0x1fff3b90   0x1fff3b90   0x00000054   Code   RO         1743    i.llProcessTxData1  rf.lib(patch.o)
    0x1fff3be4   0x1fff3be4   0x000000c0   Code   RO         1744    i.llReleaseConnId1  rf.lib(patch.o)
    0x1fff3ca4   0x1fff3ca4   0x00000038   Code   RO         1751    i.llSlaveEvt_TaskEndOk1  rf.lib(patch.o)
    0x1fff3cdc   0x1fff3cdc   0x000000a8   Code   RO         1752    i.llWriteTxData1    rf.lib(patch.o)
    0x1fff3d84   0x1fff3d84   0x0000005c   Code   RO         1757    i.ll_flow_ctrl_restore  rf.lib(patch.o)
    0x1fff3de0   0x1fff3de0   0x0000027c   Code   RO         1758    i.ll_generateTxBuffer1  rf.lib(patch.o)
    0x1fff405c   0x1fff405c   0x000002dc   Code   RO         1759    i.ll_hw_go1         rf.lib(patch.o)
    0x1fff4338   0x1fff4338   0x000000dc   Code   RO         1761    i.ll_hw_read_tfifo_rtlp1  rf.lib(patch.o)
    0x1fff4414   0x1fff4414   0x00000094   Code   RO         1763    i.ll_osal_mem_alloc  rf.lib(patch.o)
    0x1fff44a8   0x1fff44a8   0x00000050   Code   RO         1764    i.ll_osal_mem_free  rf.lib(patch.o)
    0x1fff44f8   0x1fff44f8   0x00000018   Code   RO         1776    i.ll_processBasicIRQ_SRX  rf.lib(patch.o)
    0x1fff4510   0x1fff4510   0x00000018   Code   RO         1778    i.ll_processBasicIRQ_ScanTRX  rf.lib(patch.o)
    0x1fff4528   0x1fff4528   0x00000018   Code   RO         1780    i.ll_processBasicIRQ_secScanTRX  rf.lib(patch.o)
    0x1fff4540   0x1fff4540   0x00000018   Code   RO         1782    i.ll_processBasicIRQ_secondaryAdvSTX  rf.lib(patch.o)
    0x1fff4558   0x1fff4558   0x00000018   Code   RO         1784    i.ll_processBasicIRQ_secondaryAdvTRX  rf.lib(patch.o)
    0x1fff4570   0x1fff4570   0x00000018   Code   RO         1787    i.ll_processBasicIRQ_secondaryInitSRX  rf.lib(patch.o)
    0x1fff4588   0x1fff4588   0x00000018   Code   RO         1789    i.ll_processBasicIRQ_secondaryScanSRX  rf.lib(patch.o)
    0x1fff45a0   0x1fff45a0   0x0000003c   Code   RO         1792    i.ll_read_rxfifo1   rf.lib(patch.o)
    0x1fff45dc   0x1fff45dc   0x00000048   Code   RO         1797    i.llbuf_alloc_time_statics  rf.lib(patch.o)
    0x1fff4624   0x1fff4624   0x00000268   Code   RO          814    i.log_vsprintf      my_printf.o
    0x1fff488c   0x1fff488c   0x00000124   Code   RO            6    i.main              main.o
    0x1fff49b0   0x1fff49b0   0x00000168   Code   RO          816    i.number            my_printf.o
    0x1fff4b18   0x1fff4b18   0x0000002c   Code   RO          232    i.osalInitTasks     osal_adc.o
    0x1fff4b44   0x1fff4b44   0x00000018   Code   RO         1806    i.osal_idle_task0   rf.lib(patch.o)
    0x1fff4b5c   0x1fff4b5c   0x00000038   Code   RO         1810    i.osal_search_active_task  rf.lib(patch.o)
    0x1fff4b94   0x1fff4b94   0x00000098   Code   RO         1811    i.patch_linkBuf_init  rf.lib(patch.o)
    0x1fff4c2c   0x1fff4c2c   0x00000008   Code   RO          477    i.pin_voice_stop_event  voice_demo.o
    0x1fff4c34   0x1fff4c34   0x00000080   Code   RO         1997    i.rc32k_calibration  rf.lib(rf_phy_driver.o)
    0x1fff4cb4   0x1fff4cb4   0x00000058   Code   RO         1812    i.rc32k_cap_cal     rf.lib(patch.o)
    0x1fff4d0c   0x1fff4d0c   0x0000000c   Code   RO         1814    i.read_TIM5_remainder_timer  rf.lib(patch.o)
    0x1fff4d18   0x1fff4d18   0x0000000c   Code   RO         1998    i.rf_calibrate1     rf.lib(rf_phy_driver.o)
    0x1fff4d24   0x1fff4d24   0x0000011c   Code   RO         1999    i.rf_phy_ana_cfg    rf.lib(rf_phy_driver.o)
    0x1fff4e40   0x1fff4e40   0x000001ac   Code   RO         2000    i.rf_phy_bb_cfg     rf.lib(rf_phy_driver.o)
    0x1fff4fec   0x1fff4fec   0x000000a8   Code   RO         2001    i.rf_phy_change_cfg0  rf.lib(rf_phy_driver.o)
    0x1fff5094   0x1fff5094   0x0000003c   Code   RO         2018    i.rf_phy_ini        rf.lib(rf_phy_driver.o)
    0x1fff50d0   0x1fff50d0   0x00000074   Code   RO         2019    i.rf_phy_set_txPower  rf.lib(rf_phy_driver.o)
    0x1fff5144   0x1fff5144   0x0000004c   Code   RO         2023    i.rf_tpCal_gen_cap_arrary  rf.lib(rf_phy_driver.o)
    0x1fff5190   0x1fff5190   0x0000011c   Code   RO         2024    i.rf_tp_cal         rf.lib(rf_phy_driver.o)
    0x1fff52ac   0x1fff52ac   0x00000020   Code   RO          817    i.skip_atoi         my_printf.o
    0x1fff52cc   0x1fff52cc   0x00000054   Code   RO          478    i.stop_voice_task   voice_demo.o
    0x1fff5320   0x1fff5320   0x0000006c   Code   RO          882    i.txmit_buf_polling  uart.o
    0x1fff538c   0x1fff538c   0x000000bc   Code   RO          883    i.txmit_buf_use_tx_buf  uart.o
    0x1fff5448   0x1fff5448   0x00000080   Code   RO          884    i.uart_hw_deinit    uart.o
    0x1fff54c8   0x1fff54c8   0x000001a8   Code   RO          885    i.uart_hw_init      uart.o
    0x1fff5670   0x1fff5670   0x0000000a   Code   RO          886    i.uart_wakeup_process_0  uart.o
    0x1fff567a   0x1fff567a   0x0000000a   Code   RO          887    i.uart_wakeup_process_1  uart.o
    0x1fff5684   0x1fff5684   0x00000070   Code   RO          479    i.voiceCaptureInit  voice_demo.o
    0x1fff56f4   0x1fff56f4   0x00000044   Code   RO          480    i.voiceCaptureStart  voice_demo.o
    0x1fff5738   0x1fff5738   0x00000038   Code   RO          481    i.voice_Init        voice_demo.o
    0x1fff5770   0x1fff5770   0x00000058   Code   RO          482    i.voice_ProcessEvent  voice_demo.o
    0x1fff57c8   0x1fff57c8   0x00000028   Code   RO          483    i.voice_data_encode_inqueue  voice_demo.o
    0x1fff57f0   0x1fff57f0   0x00000050   Code   RO          484    i.voice_evt_handler_adpcm  voice_demo.o
    0x1fff5840   0x1fff5840   0x00000030   Code   RO          485    i.voice_requeset_data  voice_demo.o
    0x1fff5870   0x1fff5870   0x00000214   Code   RO         1816    i.wakeupProcess1    rf.lib(patch.o)
    0x1fff5a84   0x1fff5a84   0x0000015c   Code   RO         1817    i.wakeup_init1      rf.lib(patch.o)
    0x1fff5be0   0x1fff5be0   0x00000032   Data   RO            8    .constdata          main.o
    0x1fff5c12   0x1fff5c12   0x00000002   PAD
    0x1fff5c14   0x1fff5c14   0x00000010   Data   RO          818    .constdata          my_printf.o
    0x1fff5c24   0x1fff5c24   0x0000000c   Data   RO          889    .constdata          uart.o
    0x1fff5c30   0x1fff5c30   0x00000054   Data   RO            9    .conststring        main.o
    0x1fff5c84   0x1fff5c84   0x0000004d   Data   RO          819    .conststring        my_printf.o
    0x1fff5cd1   0x1fff5cd1   0x00000003   PAD
    0x1fff5cd4   0x1fff5cd4   0x00000030   Data   RO         2232    Region$$Table       anon$$obj.o
    0x1fff5d04   0x1fff5d04   0x00000008   Data   RO          234    _section_sram_code_  osal_adc.o
    0x1fff5d0c   0x1fff5d0c   0x00000001   Data   RO          235    _section_sram_code_  osal_adc.o
    0x1fff5d0d   0x1fff5d0d   0x00000003   PAD
    0x1fff5d10   0x1fff5d10   0x00000001   Data   RW           10    .data               main.o
    0x1fff5d11   0x1fff5d11   0x00000003   PAD
    0x1fff5d14   0x1fff5d14   0x00000004   Data   RW          233    .data               osal_adc.o
    0x1fff5d18   0x1fff5d18   0x00000001   Data   RW          400    .data               voice_queue.o
    0x1fff5d19   0x1fff5d19   0x00000003   PAD
    0x1fff5d1c   0x1fff5d1c   0x00000008   Data   RW          489    .data               voice_demo.o
    0x1fff5d24   0x1fff5d24   0x00000008   Data   RW          820    .data               my_printf.o
    0x1fff5d2c   0x1fff5d2c   0x00000002   Data   RW          890    .data               uart.o
    0x1fff5d2e   0x1fff5d2e   0x00000002   PAD
    0x1fff5d30   0x1fff5d30   0x0000000d   Data   RW         1043    .data               pwrmgr.o
    0x1fff5d3d   0x1fff5d3d   0x00000003   PAD
    0x1fff5d40   0x1fff5d40   0x00000019   Data   RW         1183    .data               adc.o
    0x1fff5d59   0x1fff5d59   0x00000003   PAD
    0x1fff5d5c   0x1fff5d5c   0x0000000f   Data   RW         1340    .data               flash.o
    0x1fff5d6b   0x1fff5d6b   0x00000001   PAD
    0x1fff5d6c   0x1fff5d6c   0x00000004   Data   RW         1579    .data               jump_table.o
    0x1fff5d70   0x1fff5d70   0x00000004   Data   RW         1616    .data               system_armcm0.o
    0x1fff5d74   0x1fff5d74   0x00000069   Data   RW         1822    .data               rf.lib(patch.o)
    0x1fff5ddd   0x1fff5ddd   0x00000001   Data   RW         2072    .data               rf.lib(phy_sec_ext.o)
    0x1fff5dde   0x1fff5dde   0x00000002   PAD
    0x1fff5de0   0x1fff5de0   0x00000008   Data   RW         2098    .data               rf.lib(lib_efuse3.o)
    0x1fff5de8        -       0x00002020   Zero   RW            7    .bss                main.o
    0x1fff7e08        -       0x0000020c   Zero   RW          399    .bss                voice_queue.o
    0x1fff8014        -       0x00000480   Zero   RW          488    .bss                voice_demo.o
    0x1fff8494        -       0x00000130   Zero   RW          674    .bss                gpio.o
    0x1fff85c4        -       0x00000040   Zero   RW          888    .bss                uart.o
    0x1fff8604        -       0x00000084   Zero   RW         1042    .bss                pwrmgr.o
    0x1fff8688        -       0x00000028   Zero   RW         1180    .bss                adc.o
    0x1fff86b0        -       0x00000210   Zero   RW         1465    .bss                voice.o
    0x1fff88c0        -       0x0000038c   Zero   RW         1818    .bss                rf.lib(patch.o)
    0x1fff8c4c        -       0x00000010   Zero   RW         2068    .bss                rf.lib(phy_sec_ext.o)
    0x1fff8c5c   0x1fff5de8   0x00000004   PAD
    0x1fff8c60        -       0x00000400   Zero   RW         1605    STACK               startup_armcm0.o



  Load Region LR_IROM2 (Base: 0x1fff0000, Size: 0x00000800, Max: 0x00000800, ABSOLUTE, COMPRESSED[0x0000040c])

    Execution Region JUMP_TABLE (Exec base: 0x1fff0000, Load base: 0x1fff0000, Size: 0x00000400, Max: 0x00000400, ABSOLUTE)

    Exec Addr    Load Addr    Size         Type   Attr      Idx    E Section Name        Object

    0x1fff0000   0x1fff0000   0x00000400   Data   RO         1581    jump_table_mem_area  jump_table.o


    Execution Region GOLBAL_CONFIG (Exec base: 0x1fff0400, Load base: 0x1fff0400, Size: 0x00000400, Max: 0x00000400, ABSOLUTE, COMPRESSED[0x0000000c])

    Exec Addr    Load Addr    Size         Type   Attr      Idx    E Section Name        Object

    0x1fff0400   COMPRESSED   0x00000400   Data   RW         1580    global_config_area  jump_table.o



  Load Region LR_ROM_XIP (Base: 0x11020000, Size: 0x000012a8, Max: 0x00020000, ABSOLUTE)

    Execution Region ER_ROM_XIP (Exec base: 0x11020000, Load base: 0x11020000, Size: 0x000012a8, Max: 0x00020000, ABSOLUTE)

    Exec Addr    Load Addr    Size         Type   Attr      Idx    E Section Name        Object

    0x11020000   0x11020000   0x0000000c   Ven    RO         2352    Veneer$$Code        anon$$obj.o
    0x1102000c   0x1102000c   0x0000000c   Ven    RO         2353    Veneer$$Code        anon$$obj.o
    0x11020018   0x11020018   0x0000000c   Ven    RO         2354    Veneer$$Code        anon$$obj.o
    0x11020024   0x11020024   0x0000000c   Ven    RO         2355    Veneer$$Code        anon$$obj.o
    0x11020030   0x11020030   0x0000000c   Ven    RO         2356    Veneer$$Code        anon$$obj.o
    0x1102003c   0x1102003c   0x0000000c   Ven    RO         2357    Veneer$$Code        anon$$obj.o
    0x11020048   0x11020048   0x0000000c   Ven    RO         2358    Veneer$$Code        anon$$obj.o
    0x11020054   0x11020054   0x0000000c   Ven    RO         2359    Veneer$$Code        anon$$obj.o
    0x11020060   0x11020060   0x0000000c   Ven    RO         2360    Veneer$$Code        anon$$obj.o
    0x1102006c   0x1102006c   0x0000000c   Ven    RO         2361    Veneer$$Code        anon$$obj.o
    0x11020078   0x11020078   0x0000000c   Ven    RO         2362    Veneer$$Code        anon$$obj.o
    0x11020084   0x11020084   0x0000000c   Ven    RO         2363    Veneer$$Code        anon$$obj.o
    0x11020090   0x11020090   0x0000000c   Ven    RO         2364    Veneer$$Code        anon$$obj.o
    0x1102009c   0x1102009c   0x0000000c   Ven    RO         2365    Veneer$$Code        anon$$obj.o
    0x110200a8   0x110200a8   0x0000000c   Ven    RO         2366    Veneer$$Code        anon$$obj.o
    0x110200b4   0x110200b4   0x0000000c   Ven    RO         2367    Veneer$$Code        anon$$obj.o
    0x110200c0   0x110200c0   0x0000000c   Ven    RO         2368    Veneer$$Code        anon$$obj.o
    0x110200cc   0x110200cc   0x00000304   Code   RO         1696    _section_xip_code_  rf.lib(patch.o)
    0x110203d0   0x110203d0   0x00000020   Code   RO         1155    i.__NVIC_DisableIRQ  adc.o
    0x110203f0   0x110203f0   0x00000044   Code   RO         1157    i.__NVIC_SetPriority  adc.o
    0x11020434   0x11020434   0x00000044   Code   RO         1444    i.__NVIC_SetPriority  voice.o
    0x11020478   0x11020478   0x0000014c   Code   RO         1158    i.adc_compare_cb    adc.o
    0x110205c4   0x110205c4   0x0000000c   Code   RO         1161    i.adc_wakeup_hdl    adc.o
    0x110205d0   0x110205d0   0x00000018   Code   RO         1162    i.clear_adcc_cfg    adc.o
    0x110205e8   0x110205e8   0x00000028   Code   RO         1163    i.disable_analog_pin  adc.o
    0x11020610   0x11020610   0x000000c4   Code   RO         1164    i.hal_ADC_IRQHandler  adc.o
    0x110206d4   0x110206d4   0x000000b4   Code   RO         1445    i.hal_ADC_VOICE_IRQHandler  voice.o
    0x11020788   0x11020788   0x00000130   Code   RO         1165    i.hal_ADC_compare_IRQHandler  adc.o
    0x110208b8   0x110208b8   0x00000018   Code   RO          651    i.hal_GPIO_IRQHandler  gpio.o
    0x110208d0   0x110208d0   0x00000020   Code   RO         1172    i.hal_adc_init      adc.o
    0x110208f0   0x110208f0   0x000000ac   Code   RO         1175    i.hal_adc_stop      adc.o
    0x1102099c   0x1102099c   0x00000038   Code   RO          652    i.hal_gpio_cfg_analog_io  gpio.o
    0x110209d4   0x110209d4   0x00000020   Code   RO          656    i.hal_gpio_fmux     gpio.o
    0x110209f4   0x110209f4   0x00000044   Code   RO          657    i.hal_gpio_fmux_set  gpio.o
    0x11020a38   0x11020a38   0x00000058   Code   RO          658    i.hal_gpio_init     gpio.o
    0x11020a90   0x11020a90   0x00000040   Code   RO          659    i.hal_gpio_interrupt_enable  gpio.o
    0x11020ad0   0x11020ad0   0x0000001c   Code   RO          660    i.hal_gpio_pin2pin3_control  gpio.o
    0x11020aec   0x11020aec   0x00000074   Code   RO          661    i.hal_gpio_pin_init  gpio.o
    0x11020b60   0x11020b60   0x00000054   Code   RO          662    i.hal_gpio_pull_set  gpio.o
    0x11020bb4   0x11020bb4   0x0000002c   Code   RO          663    i.hal_gpio_read     gpio.o
    0x11020be0   0x11020be0   0x00000048   Code   RO          667    i.hal_gpioin_disable  gpio.o
    0x11020c28   0x11020c28   0x0000006c   Code   RO          668    i.hal_gpioin_enable  gpio.o
    0x11020c94   0x11020c94   0x00000088   Code   RO          669    i.hal_gpioin_event  gpio.o
    0x11020d1c   0x11020d1c   0x00000040   Code   RO          670    i.hal_gpioin_register  gpio.o
    0x11020d5c   0x11020d5c   0x0000008c   Code   RO         1178    i.hal_poilling_adc_stop  adc.o
    0x11020de8   0x11020de8   0x00000018   Code   RO         1446    i.hal_voice_amic_gain  voice.o
    0x11020e00   0x11020e00   0x00000038   Code   RO         1447    i.hal_voice_amic_mode  voice.o
    0x11020e38   0x11020e38   0x00000010   Code   RO         1448    i.hal_voice_amute_off  voice.o
    0x11020e48   0x11020e48   0x00000010   Code   RO         1449    i.hal_voice_amute_on  voice.o
    0x11020e58   0x11020e58   0x00000118   Code   RO         1451    i.hal_voice_config  voice.o
    0x11020f70   0x11020f70   0x00000012   Code   RO         1452    i.hal_voice_deinit  voice.o
    0x11020f82   0x11020f82   0x00000002   PAD
    0x11020f84   0x11020f84   0x00000020   Code   RO         1453    i.hal_voice_disable  voice.o
    0x11020fa4   0x11020fa4   0x00000010   Code   RO         1454    i.hal_voice_dmic_mode  voice.o
    0x11020fb4   0x11020fb4   0x00000014   Code   RO         1455    i.hal_voice_dmic_open  voice.o
    0x11020fc8   0x11020fc8   0x00000018   Code   RO         1456    i.hal_voice_enable  voice.o
    0x11020fe0   0x11020fe0   0x00000018   Code   RO         1457    i.hal_voice_encode  voice.o
    0x11020ff8   0x11020ff8   0x00000018   Code   RO         1458    i.hal_voice_gain    voice.o
    0x11021010   0x11021010   0x00000024   Code   RO         1459    i.hal_voice_init    voice.o
    0x11021034   0x11021034   0x00000018   Code   RO         1460    i.hal_voice_rate    voice.o
    0x1102104c   0x1102104c   0x00000084   Code   RO         1461    i.hal_voice_start   voice.o
    0x110210d0   0x110210d0   0x00000054   Code   RO         1462    i.hal_voice_stop    voice.o
    0x11021124   0x11021124   0x00000094   Code   RO         1463    i.set_voice_amute_cfg  voice.o
    0x110211b8   0x110211b8   0x0000000c   Code   RO         1464    i.voice_wakeup_hdl  voice.o
    0x110211c4   0x110211c4   0x0000005c   Data   RO          675    .constdata          gpio.o
    0x11021220   0x11021220   0x00000085   Data   RO         1182    .conststring        adc.o


==============================================================================

Image component sizes


      Code (inc. data)   RO Data    RW Data    ZI Data      Debug   Object Name

      1352        216        133         25         40      18906   adc.o
         0          0          0          0          0       2688   adc_demo.o
        20          0          0          0          0       1007   adc_main.o
       470         46          0          0          0       4224   clock.o
       272         42          0         15          0      13685   flash.o
       984        110         92          0        304      19653   gpio.o
       628        380       1024       1028          0       2970   jump_table.o
       604        202        134          1       8224      63190   main.o
      1070         22         93          8          0       7336   my_printf.o
        44          6          9          4          0       1744   osal_adc.o
       588         70          0         13        132       8953   pwrmgr.o
        28          8        192          0       1024        632   startup_armcm0.o
        16          8          0          4          0        691   system_armcm0.o
      1364        132         12          2         64      17851   uart.o
      1234        156          0          0        528      20070   voice.o
       298          0          0          0          0       6616   voice_circ_buff.o
       584        114          0          8       1152       6836   voice_demo.o
        40         10          0          1        524       1770   voice_queue.o

    ----------------------------------------------------------------------
     11128       2030       1748       1124      11992     198822   Object Totals
      1524        508         48          0          0          0   (incl. Generated)
         8          0         11         15          0          0   (incl. Padding)

    ----------------------------------------------------------------------

      Code (inc. data)   RO Data    RW Data    ZI Data      Debug   Library Member Name

        58          0          0          0          0          0   __dczerorl.o
         0          0          0          0          0          0   entry.o
         0          0          0          0          0          0   entry10a.o
         0          0          0          0          0          0   entry11a.o
         8          4          0          0          0          0   entry2.o
         4          0          0          0          0          0   entry5.o
         0          0          0          0          0          0   entry7b.o
         0          0          0          0          0          0   entry8b.o
         8          4          0          0          0          0   entry9a.o
        30          0          0          0          0          0   handlers.o
        36          8          0          0          0         68   init.o
       184         16          0          8          0         72   lib_efuse3.o
      8400        964          0        105        908       3900   patch.o
       256         36          0          1         16        344   phy_sec_ext.o
      1556        304          0          0          0        656   rf_phy_driver.o

    ----------------------------------------------------------------------
     10548       1336          0        116        928       5040   Library Totals
         8          0          0          2          4          0   (incl. Padding)

    ----------------------------------------------------------------------

      Code (inc. data)   RO Data    RW Data    ZI Data      Debug   Library Name

       144         16          0          0          0         68   mc_p.l
     10396       1320          0        114        924       4972   rf.lib

    ----------------------------------------------------------------------
     10548       1336          0        116        928       5040   Library Totals

    ----------------------------------------------------------------------

==============================================================================


      Code (inc. data)   RO Data    RW Data    ZI Data      Debug   

     21676       3366       1748       1240      12920     196422   Grand Totals
     21676       3366       1748        228      12920     196422   ELF Image Totals (compressed)
     21676       3366       1748        228          0          0   ROM Totals

==============================================================================

    Total RO  Size (Code + RO Data)                23424 (  22.88kB)
    Total RW  Size (RW Data + ZI Data)             14160 (  13.83kB)
    Total ROM Size (Code + RO Data + RW Data)      23652 (  23.10kB)

==============================================================================

